Archive member included to satisfy reference by file (symbol)

C:/ST/STM32CubeIDE_2.1.1/STM32CubeIDE/plugins/com.st.stm32cube.ide.mcu.externaltools.gnu-tools-for-stm32.14.3.rel1.win32_1.0.100.202602081740/tools/bin/../lib/gcc/arm-none-eabi/14.3.1/../../../../arm-none-eabi/lib/thumb/v8-m.main+fp/hard\libc_nano.a(libc_a-exit.o)
                              C:/ST/STM32CubeIDE_2.1.1/STM32CubeIDE/plugins/com.st.stm32cube.ide.mcu.externaltools.gnu-tools-for-stm32.14.3.rel1.win32_1.0.100.202602081740/tools/bin/../lib/gcc/arm-none-eabi/14.3.1/../../../../arm-none-eabi/lib/thumb/v8-m.main+fp/hard/crt0.o (exit)
C:/ST/STM32CubeIDE_2.1.1/STM32CubeIDE/plugins/com.st.stm32cube.ide.mcu.externaltools.gnu-tools-for-stm32.14.3.rel1.win32_1.0.100.202602081740/tools/bin/../lib/gcc/arm-none-eabi/14.3.1/../../../../arm-none-eabi/lib/thumb/v8-m.main+fp/hard\libc_nano.a(libc_a-findfp.o)
                              C:/ST/STM32CubeIDE_2.1.1/STM32CubeIDE/plugins/com.st.stm32cube.ide.mcu.externaltools.gnu-tools-for-stm32.14.3.rel1.win32_1.0.100.202602081740/tools/bin/../lib/gcc/arm-none-eabi/14.3.1/../../../../arm-none-eabi/lib/thumb/v8-m.main+fp/hard\libc_nano.a(libc_a-exit.o) (__stdio_exit_handler)
C:/ST/STM32CubeIDE_2.1.1/STM32CubeIDE/plugins/com.st.stm32cube.ide.mcu.externaltools.gnu-tools-for-stm32.14.3.rel1.win32_1.0.100.202602081740/tools/bin/../lib/gcc/arm-none-eabi/14.3.1/../../../../arm-none-eabi/lib/thumb/v8-m.main+fp/hard\libc_nano.a(libc_a-fwalk.o)
                              C:/ST/STM32CubeIDE_2.1.1/STM32CubeIDE/plugins/com.st.stm32cube.ide.mcu.externaltools.gnu-tools-for-stm32.14.3.rel1.win32_1.0.100.202602081740/tools/bin/../lib/gcc/arm-none-eabi/14.3.1/../../../../arm-none-eabi/lib/thumb/v8-m.main+fp/hard\libc_nano.a(libc_a-findfp.o) (_fwalk_sglue)
C:/ST/STM32CubeIDE_2.1.1/STM32CubeIDE/plugins/com.st.stm32cube.ide.mcu.externaltools.gnu-tools-for-stm32.14.3.rel1.win32_1.0.100.202602081740/tools/bin/../lib/gcc/arm-none-eabi/14.3.1/../../../../arm-none-eabi/lib/thumb/v8-m.main+fp/hard\libc_nano.a(libc_a-stdio.o)
                              C:/ST/STM32CubeIDE_2.1.1/STM32CubeIDE/plugins/com.st.stm32cube.ide.mcu.externaltools.gnu-tools-for-stm32.14.3.rel1.win32_1.0.100.202602081740/tools/bin/../lib/gcc/arm-none-eabi/14.3.1/../../../../arm-none-eabi/lib/thumb/v8-m.main+fp/hard\libc_nano.a(libc_a-findfp.o) (__sread)
C:/ST/STM32CubeIDE_2.1.1/STM32CubeIDE/plugins/com.st.stm32cube.ide.mcu.externaltools.gnu-tools-for-stm32.14.3.rel1.win32_1.0.100.202602081740/tools/bin/../lib/gcc/arm-none-eabi/14.3.1/../../../../arm-none-eabi/lib/thumb/v8-m.main+fp/hard\libc_nano.a(libc_a-memset.o)
                              C:/ST/STM32CubeIDE_2.1.1/STM32CubeIDE/plugins/com.st.stm32cube.ide.mcu.externaltools.gnu-tools-for-stm32.14.3.rel1.win32_1.0.100.202602081740/tools/bin/../lib/gcc/arm-none-eabi/14.3.1/../../../../arm-none-eabi/lib/thumb/v8-m.main+fp/hard/crt0.o (memset)
C:/ST/STM32CubeIDE_2.1.1/STM32CubeIDE/plugins/com.st.stm32cube.ide.mcu.externaltools.gnu-tools-for-stm32.14.3.rel1.win32_1.0.100.202602081740/tools/bin/../lib/gcc/arm-none-eabi/14.3.1/../../../../arm-none-eabi/lib/thumb/v8-m.main+fp/hard\libc_nano.a(libc_a-closer.o)
                              C:/ST/STM32CubeIDE_2.1.1/STM32CubeIDE/plugins/com.st.stm32cube.ide.mcu.externaltools.gnu-tools-for-stm32.14.3.rel1.win32_1.0.100.202602081740/tools/bin/../lib/gcc/arm-none-eabi/14.3.1/../../../../arm-none-eabi/lib/thumb/v8-m.main+fp/hard\libc_nano.a(libc_a-stdio.o) (_close_r)
C:/ST/STM32CubeIDE_2.1.1/STM32CubeIDE/plugins/com.st.stm32cube.ide.mcu.externaltools.gnu-tools-for-stm32.14.3.rel1.win32_1.0.100.202602081740/tools/bin/../lib/gcc/arm-none-eabi/14.3.1/../../../../arm-none-eabi/lib/thumb/v8-m.main+fp/hard\libc_nano.a(libc_a-reent.o)
                              C:/ST/STM32CubeIDE_2.1.1/STM32CubeIDE/plugins/com.st.stm32cube.ide.mcu.externaltools.gnu-tools-for-stm32.14.3.rel1.win32_1.0.100.202602081740/tools/bin/../lib/gcc/arm-none-eabi/14.3.1/../../../../arm-none-eabi/lib/thumb/v8-m.main+fp/hard\libc_nano.a(libc_a-closer.o) (errno)
C:/ST/STM32CubeIDE_2.1.1/STM32CubeIDE/plugins/com.st.stm32cube.ide.mcu.externaltools.gnu-tools-for-stm32.14.3.rel1.win32_1.0.100.202602081740/tools/bin/../lib/gcc/arm-none-eabi/14.3.1/../../../../arm-none-eabi/lib/thumb/v8-m.main+fp/hard\libc_nano.a(libc_a-impure.o)
                              C:/ST/STM32CubeIDE_2.1.1/STM32CubeIDE/plugins/com.st.stm32cube.ide.mcu.externaltools.gnu-tools-for-stm32.14.3.rel1.win32_1.0.100.202602081740/tools/bin/../lib/gcc/arm-none-eabi/14.3.1/../../../../arm-none-eabi/lib/thumb/v8-m.main+fp/hard\libc_nano.a(libc_a-reent.o) (_impure_ptr)
C:/ST/STM32CubeIDE_2.1.1/STM32CubeIDE/plugins/com.st.stm32cube.ide.mcu.externaltools.gnu-tools-for-stm32.14.3.rel1.win32_1.0.100.202602081740/tools/bin/../lib/gcc/arm-none-eabi/14.3.1/../../../../arm-none-eabi/lib/thumb/v8-m.main+fp/hard\libc_nano.a(libc_a-lseekr.o)
[...]
Memory Configuration

Name             Origin             Length             Attributes
ROM              0x08000000         0x00080000         xr
RAM              0x20000000         0x00020000         xrw
*default*        0x00000000         0xffffffff

Linker script and memory map

LOAD C:/ST/STM32CubeIDE_2.1.1/STM32CubeIDE/plugins/com.st.stm32cube.ide.mcu.externaltools.gnu-tools-for-stm32.14.3.rel1.win32_1.0.100.202602081740/tools/bin/../lib/gcc/arm-none-eabi/14.3.1/thumb/v8-m.main+fp/hard/crti.o
LOAD C:/ST/STM32CubeIDE_2.1.1/STM32CubeIDE/plugins/com.st.stm32cube.ide.mcu.externaltools.gnu-tools-for-stm32.14.3.rel1.win32_1.0.100.202602081740/tools/bin/../lib/gcc/arm-none-eabi/14.3.1/thumb/v8-m.main+fp/hard/crtbegin.o
LOAD C:/ST/STM32CubeIDE_2.1.1/STM32CubeIDE/plugins/com.st.stm32cube.ide.mcu.externaltools.gnu-tools-for-stm32.14.3.rel1.win32_1.0.100.202602081740/tools/bin/../lib/gcc/arm-none-eabi/14.3.1/../../../../arm-none-eabi/lib/thumb/v8-m.main+fp/hard/crt0.o
START GROUP
LOAD C:/ST/STM32CubeIDE_2.1.1/STM32CubeIDE/plugins/com.st.stm32cube.ide.mcu.externaltools.gnu-tools-for-stm32.14.3.rel1.win32_1.0.100.202602081740/tools/bin/../lib/gcc/arm-none-eabi/14.3.1/../../../../arm-none-eabi/lib/thumb/v8-m.main+fp/hard\libc_nano.a
LOAD C:/ST/STM32CubeIDE_2.1.1/STM32CubeIDE/plugins/com.st.stm32cube.ide.mcu.externaltools.gnu-tools-for-stm32.14.3.rel1.win32_1.0.100.202602081740/tools/bin/../lib/gcc/arm-none-eabi/14.3.1/../../../../arm-none-eabi/lib/thumb/v8-m.main+fp/hard\libm.a
END GROUP
LOAD CMakeFiles/STM32C562_Project2.dir/main.c.obj
LOAD CMakeFiles/STM32C562_Project2.dir/generated/hal/mx_cortex_debug.c.obj
LOAD CMakeFiles/STM32C562_Project2.dir/generated/hal/mx_cortex_mpu.c.obj
LOAD CMakeFiles/STM32C562_Project2.dir/generated/hal/mx_cortex_nvic.c.obj
LOAD CMakeFiles/STM32C562_Project2.dir/generated/hal/mx_gpio_default.c.obj
LOAD CMakeFiles/STM32C562_Project2.dir/generated/hal/mx_icache.c.obj
LOAD CMakeFiles/STM32C562_Project2.dir/generated/hal/mx_rcc.c.obj
LOAD CMakeFiles/STM32C562_Project2.dir/generated/hal/mx_system.c.obj
LOAD CMakeFiles/STM32C562_Project2.dir/user_modifiable/Device/STM32C562CET6/system_stm32c5xx.c.obj
LOAD CMakeFiles/STM32C562_Project2.dir/user_modifiable/Device/STM32C562CET6/startup_stm32c562xx.c.obj
LOAD CMakeFiles/STM32C562_Project2.dir/stm32c5xx_drivers/hal/stm32c5xx_hal.c.obj
LOAD CMakeFiles/STM32C562_Project2.dir/stm32c5xx_drivers/hal/stm32c5xx_hal_cortex.c.obj
LOAD CMakeFiles/STM32C562_Project2.dir/stm32c5xx_drivers/hal/stm32c5xx_hal_flash_itf.c.obj
LOAD CMakeFiles/STM32C562_Project2.dir/stm32c5xx_drivers/hal/stm32c5xx_hal_gpio.c.obj
LOAD CMakeFiles/STM32C562_Project2.dir/stm32c5xx_drivers/hal/stm32c5xx_hal_icache.c.obj
LOAD CMakeFiles/STM32C562_Project2.dir/stm32c5xx_drivers/hal/stm32c5xx_hal_pwr.c.obj
LOAD CMakeFiles/STM32C562_Project2.dir/stm32c5xx_drivers/hal/stm32c5xx_hal_rcc.c.obj
LOAD CMakeFiles/STM32C562_Project2.dir/utilities/syscalls/syscalls.c.obj
LOAD CMakeFiles/STM32C562_Project2.dir/utilities/syscalls/sysmem.c.obj
START GROUP
LOAD C:/ST/STM32CubeIDE_2.1.1/STM32CubeIDE/plugins/com.st.stm32cube.ide.mcu.externaltools.gnu-tools-for-stm32.14.3.rel1.win32_1.0.100.202602081740/tools/bin/../lib/gcc/arm-none-eabi/14.3.1/thumb/v8-m.main+fp/hard\libgcc.a
LOAD C:/ST/STM32CubeIDE_2.1.1/STM32CubeIDE/plugins/com.st.stm32cube.ide.mcu.externaltools.gnu-tools-for-stm32.14.3.rel1.win32_1.0.100.202602081740/tools/bin/../lib/gcc/arm-none-eabi/14.3.1/../../../../arm-none-eabi/lib/thumb/v8-m.main+fp/hard\libc_nano.a
END GROUP
START GROUP
LOAD C:/ST/STM32CubeIDE_2.1.1/STM32CubeIDE/plugins/com.st.stm32cube.ide.mcu.externaltools.gnu-tools-for-stm32.14.3.rel1.win32_1.0.100.202602081740/tools/bin/../lib/gcc/arm-none-eabi/14.3.1/thumb/v8-m.main+fp/hard\libgcc.a
LOAD C:/ST/STM32CubeIDE_2.1.1/STM32CubeIDE/plugins/com.st.stm32cube.ide.mcu.externaltools.gnu-tools-for-stm32.14.3.rel1.win32_1.0.100.202602081740/tools/bin/../lib/gcc/arm-none-eabi/14.3.1/../../../../arm-none-eabi/lib/thumb/v8-m.main+fp/hard\libc_nano.a
LOAD C:/ST/STM32CubeIDE_2.1.1/STM32CubeIDE/plugins/com.st.stm32cube.ide.mcu.externaltools.gnu-tools-for-stm32.14.3.rel1.win32_1.0.100.202602081740/tools/bin/../lib/gcc/arm-none-eabi/14.3.1/../../../../arm-none-eabi/lib/thumb/v8-m.main+fp/hard\libnosys.a
END GROUP
START GROUP
LOAD C:/ST/STM32CubeIDE_2.1.1/STM32CubeIDE/plugins/com.st.stm32cube.ide.mcu.externaltools.gnu-tools-for-stm32.14.3.rel1.win32_1.0.100.202602081740/tools/bin/../lib/gcc/arm-none-eabi/14.3.1/thumb/v8-m.main+fp/hard\libgcc.a
LOAD C:/ST/STM32CubeIDE_2.1.1/STM32CubeIDE/plugins/com.st.stm32cube.ide.mcu.externaltools.gnu-tools-for-stm32.14.3.rel1.win32_1.0.100.202602081740/tools/bin/../lib/gcc/arm-none-eabi/14.3.1/../../../../arm-none-eabi/lib/thumb/v8-m.main+fp/hard\libc_nano.a
LOAD C:/ST/STM32CubeIDE_2.1.1/STM32CubeIDE/plugins/com.st.stm32cube.ide.mcu.externaltools.gnu-tools-for-stm32.14.3.rel1.win32_1.0.100.202602081740/tools/bin/../lib/gcc/arm-none-eabi/14.3.1/../../../../arm-none-eabi/lib/thumb/v8-m.main+fp/hard\libnosys.a
END GROUP
LOAD C:/ST/STM32CubeIDE_2.1.1/STM32CubeIDE/plugins/com.st.stm32cube.ide.mcu.externaltools.gnu-tools-for-stm32.14.3.rel1.win32_1.0.100.202602081740/tools/bin/../lib/gcc/arm-none-eabi/14.3.1/thumb/v8-m.main+fp/hard/crtend.o
LOAD C:/ST/STM32CubeIDE_2.1.1/STM32CubeIDE/plugins/com.st.stm32cube.ide.mcu.externaltools.gnu-tools-for-stm32.14.3.rel1.win32_1.0.100.202602081740/tools/bin/../lib/gcc/arm-none-eabi/14.3.1/thumb/v8-m.main+fp/hard/crtn.o
                0x00000200                        HEAP_SIZE = 0x200
                0x00000400                        STACK_SIZE = 0x400

.vectors        0x08000000      0x188
                0x08000000                        . = ALIGN (0x8)
 *(.vectors)
 .vectors       0x08000000      0x188 CMakeFiles/STM32C562_Project2.dir/user_modifiable/Device/STM32C562CET6/startup_stm32c562xx.c.obj
                0x08000000                __Vectors
                0x08000188                        . = ALIGN (0x8)

.text           0x08000188     0x2720
                0x08000188                        . = ALIGN (0x8)
 *(.text)
 .text          0x08000188       0x40 C:/ST/STM32CubeIDE_2.1.1/STM32CubeIDE/plugins/com.st.stm32cube.ide.mcu.externaltools.gnu-tools-for-stm32.14.3.rel1.win32_1.0.100.202602081740/tools/bin/../lib/gcc/arm-none-eabi/14.3.1/thumb/v8-m.main+fp/hard/crtbegin.o
 .text          0x080001c8       0x7c C:/ST/STM32CubeIDE_2.1.1/STM32CubeIDE/plugins/com.st.stm32cube.ide.mcu.externaltools.gnu-tools-for-stm32.14.3.rel1.win32_1.0.100.202602081740/tools/bin/../lib/gcc/arm-none-eabi/14.3.1/../../../../arm-none-eabi/lib/thumb/v8-m.main+fp/hard/crt0.o
                0x080001c8                _stack_init
                0x080001d0                _start
                0x080001d0                _mainCRTStartup
 *(.text*)
 .text.exit     0x08000244       0x24 C:/ST/STM32CubeIDE_2.1.1/STM32CubeIDE/plugins/com.st.stm32cube.ide.mcu.externaltools.gnu-tools-for-stm32.14.3.rel1.win32_1.0.100.202602081740/tools/bin/../lib/gcc/arm-none-eabi/14.3.1/../../../../arm-none-eabi/lib/thumb/v8-m.main+fp/hard\libc_nano.a(libc_a-exit.o)
                0x08000244                exit
 .text.std      0x08000268       0x6c C:/ST/STM32CubeIDE_2.1.1/STM32CubeIDE/plugins/com.st.stm32cube.ide.mcu.externaltools.gnu-tools-for-stm32.14.3.rel1.win32_1.0.100.202602081740/tools/bin/../lib/gcc/arm-none-eabi/14.3.1/../../../../arm-none-eabi/lib/thumb/v8-m.main+fp/hard\libc_nano.a(libc_a-findfp.o)
 .text.stdio_exit_handler
                0x080002d4       0x18 C:/ST/STM32CubeIDE_2.1.1/STM32CubeIDE/plugins/com.st.stm32cube.ide.mcu.externaltools.gnu-tools-for-stm32.14.3.rel1.win32_1.0.100.202602081740/tools/bin/../lib/gcc/arm-none-eabi/14.3.1/../../../../arm-none-eabi/lib/thumb/v8-m.main+fp/hard\libc_nano.a(libc_a-findfp.o)
 .text.cleanup_stdio
                0x080002ec       0x40 C:/ST/STM32CubeIDE_2.1.1/STM32CubeIDE/plugins/com.st.stm32cube.ide.mcu.externaltools.gnu-tools-for-stm32.14.3.rel1.win32_1.0.100.202602081740/tools/bin/../lib/gcc/arm-none-eabi/14.3.1/../../../../arm-none-eabi/lib/thumb/v8-m.main+fp/hard\libc_nano.a(libc_a-findfp.o)
 .text.global_stdio_init.part.0
                0x0800032c       0x40 C:/ST/STM32CubeIDE_2.1.1/STM32CubeIDE/plugins/com.st.stm32cube.ide.mcu.externaltools.gnu-tools-for-stm32.14.3.rel1.win32_1.0.100.202602081740/tools/bin/../lib/gcc/arm-none-eabi/14.3.1/../../../../arm-none-eabi/lib/thumb/v8-m.main+fp/hard\libc_nano.a(libc_a-findfp.o)
 .text.__sfp_lock_acquire
                0x0800036c        0xc C:/ST/STM32CubeIDE_2.1.1/STM32CubeIDE/plugins/com.st.stm32cube.ide.mcu.externaltools.gnu-tools-for-stm32.14.3.rel1.win32_1.0.100.202602081740/tools/bin/../lib/gcc/arm-none-eabi/14.3.1/../../../../arm-none-eabi/lib/thumb/v8-m.main+fp/hard\libc_nano.a(libc_a-findfp.o)
                0x0800036c                __sfp_lock_acquire
 .text.__sfp_lock_release
                0x08000378        0xc C:/ST/STM32CubeIDE_2.1.1/STM32CubeIDE/plugins/com.st.stm32cube.ide.mcu.externaltools.gnu-tools-for-stm32.14.3.rel1.win32_1.0.100.202602081740/tools/bin/../lib/gcc/arm-none-eabi/14.3.1/../../../../arm-none-eabi/lib/thumb/v8-m.main+fp/hard\libc_nano.a(libc_a-findfp.o)
                0x08000378                __sfp_lock_release
 .text.__sinit  0x08000384       0x30 C:/ST/STM32CubeIDE_2.1.1/STM32CubeIDE/plugins/com.st.stm32cube.ide.mcu.externaltools.gnu-tools-for-stm32.14.3.rel1.win32_1.0.100.202602081740/tools/bin/../lib/gcc/arm-none-eabi/14.3.1/../../../../arm-none-eabi/lib/thumb/v8-m.main+fp/hard\libc_nano.a(libc_a-findfp.o)
                0x08000384                __sinit
 .text._fwalk_sglue
                0x080003b4       0x3c C:/ST/STM32CubeIDE_2.1.1/STM32CubeIDE/plugins/com.st.stm32cube.ide.mcu.externaltools.gnu-tools-for-stm32.14.3.rel1.win32_1.0.100.202602081740/tools/bin/../lib/gcc/arm-none-eabi/14.3.1/../../../../arm-none-eabi/lib/thumb/v8-m.main+fp/hard\libc_nano.a(libc_a-fwalk.o)
                0x080003b4                _fwalk_sglue
 .text.__sread  0x080003f0       0x22 C:/ST/STM32CubeIDE_2.1.1/STM32CubeIDE/plugins/com.st.stm32cube.ide.mcu.externaltools.gnu-tools-for-stm32.14.3.rel1.win32_1.0.100.202602081740/tools/bin/../lib/gcc/arm-none-eabi/14.3.1/../../../../arm-none-eabi/lib/thumb/v8-m.main+fp/hard\libc_nano.a(libc_a-stdio.o)
                0x080003f0                __sread
 .text.__swrite
                0x08000412       0x38 C:/ST/STM32CubeIDE_2.1.1/STM32CubeIDE/plugins/com.st.stm32cube.ide.mcu.externaltools.gnu-tools-for-stm32.14.3.rel1.win32_1.0.100.202602081740/tools/bin/../lib/gcc/arm-none-eabi/14.3.1/../../../../arm-none-eabi/lib/thumb/v8-m.main+fp/hard\libc_nano.a(libc_a-stdio.o)
                0x08000412                __swrite
 .text.__sseek  0x0800044a       0x26 C:/ST/STM32CubeIDE_2.1.1/STM32CubeIDE/plugins/com.st.stm32cube.ide.mcu.externaltools.gnu-tools-for-stm32.14.3.rel1.win32_1.0.100.202602081740/tools/bin/../lib/gcc/arm-none-eabi/14.3.1/../../../../arm-none-eabi/lib/thumb/v8-m.main+fp/hard\libc_nano.a(libc_a-stdio.o)
                0x0800044a                __sseek
 .text.__sclose
                0x08000470        0x8 C:/ST/STM32CubeIDE_2.1.1/STM32CubeIDE/plugins/com.st.stm32cube.ide.mcu.externaltools.gnu-tools-for-stm32.14.3.rel1.win32_1.0.100.202602081740/tools/bin/../lib/gcc/arm-none-eabi/14.3.1/../../../../arm-none-eabi/lib/thumb/v8-m.main+fp/hard\libc_nano.a(libc_a-stdio.o)
                0x08000470                __sclose
 .text.memset   0x08000478       0x10 C:/ST/STM32CubeIDE_2.1.1/STM32CubeIDE/plugins/com.st.stm32cube.ide.mcu.externaltools.gnu-tools-for-stm32.14.3.rel1.win32_1.0.100.202602081740/tools/bin/../lib/gcc/arm-none-eabi/14.3.1/../../../../arm-none-eabi/lib/thumb/v8-m.main+fp/hard\libc_nano.a(libc_a-memset.o)
                0x08000478                memset
 .text._close_r
                0x08000488       0x20 C:/ST/STM32CubeIDE_2.1.1/STM32CubeIDE/plugins/com.st.stm32cube.ide.mcu.externaltools.gnu-tools-for-stm32.14.3.rel1.win32_1.0.100.202602081740/tools/bin/../lib/gcc/arm-none-eabi/14.3.1/../../../../arm-none-eabi/lib/thumb/v8-m.main+fp/hard\libc_nano.a(libc_a-closer.o)
                0x08000488                _close_r
 .text._lseek_r
                0x080004a8       0x24 C:/ST/STM32CubeIDE_2.1.1/STM32CubeIDE/plugins/com.st.stm32cube.ide.mcu.externaltools.gnu-tools-for-stm32.14.3.rel1.win32_1.0.100.202602081740/tools/bin/../lib/gcc/arm-none-eabi/14.3.1/../../../../arm-none-eabi/lib/thumb/v8-m.main+fp/hard\libc_nano.a(libc_a-lseekr.o)
                0x080004a8                _lseek_r
 .text._read_r  0x080004cc       0x24 C:/ST/STM32CubeIDE_2.1.1/STM32CubeIDE/plugins/com.st.stm32cube.ide.mcu.externaltools.gnu-tools-for-stm32.14.3.rel1.win32_1.0.100.202602081740/tools/bin/../lib/gcc/arm-none-eabi/14.3.1/../../../../arm-none-eabi/lib/thumb/v8-m.main+fp/hard\libc_nano.a(libc_a-readr.o)
                0x080004cc                _read_r
 .text._write_r
                0x080004f0       0x24 C:/ST/STM32CubeIDE_2.1.1/STM32CubeIDE/plugins/com.st.stm32cube.ide.mcu.externaltools.gnu-tools-for-stm32.14.3.rel1.win32_1.0.100.202602081740/tools/bin/../lib/gcc/arm-none-eabi/14.3.1/../../../../arm-none-eabi/lib/thumb/v8-m.main+fp/hard\libc_nano.a(libc_a-writer.o)
                0x080004f0                _write_r
 .text.__libc_init_array
                0x08000514       0x48 C:/ST/STM32CubeIDE_2.1.1/STM32CubeIDE/plugins/com.st.stm32cube.ide.mcu.externaltools.gnu-tools-for-stm32.14.3.rel1.win32_1.0.100.202602081740/tools/bin/../lib/gcc/arm-none-eabi/14.3.1/../../../../arm-none-eabi/lib/thumb/v8-m.main+fp/hard\libc_nano.a(libc_a-init.o)
                0x08000514                __libc_init_array
 .text.__retarget_lock_init_recursive
                0x0800055c        0x2 C:/ST/STM32CubeIDE_2.1.1/STM32CubeIDE/plugins/com.st.stm32cube.ide.mcu.externaltools.gnu-tools-for-stm32.14.3.rel1.win32_1.0.100.202602081740/tools/bin/../lib/gcc/arm-none-eabi/14.3.1/../../../../arm-none-eabi/lib/thumb/v8-m.main+fp/hard\libc_nano.a(libc_a-lock.o)
                0x0800055c                __retarget_lock_init_recursive
 .text.__retarget_lock_acquire_recursive
                0x0800055e        0x2 C:/ST/STM32CubeIDE_2.1.1/STM32CubeIDE/plugins/com.st.stm32cube.ide.mcu.externaltools.gnu-tools-for-stm32.14.3.rel1.win32_1.0.100.202602081740/tools/bin/../lib/gcc/arm-none-eabi/14.3.1/../../../../arm-none-eabi/lib/thumb/v8-m.main+fp/hard\libc_nano.a(libc_a-lock.o)
                0x0800055e                __retarget_lock_acquire_recursive
 .text.__retarget_lock_release_recursive
                0x08000560        0x2 C:/ST/STM32CubeIDE_2.1.1/STM32CubeIDE/plugins/com.st.stm32cube.ide.mcu.externaltools.gnu-tools-for-stm32.14.3.rel1.win32_1.0.100.202602081740/tools/bin/../lib/gcc/arm-none-eabi/14.3.1/../../../../arm-none-eabi/lib/thumb/v8-m.main+fp/hard\libc_nano.a(libc_a-lock.o)
                0x08000560                __retarget_lock_release_recursive
 *fill*         0x08000562        0x2 
 .text._free_r  0x08000564       0x94 C:/ST/STM32CubeIDE_2.1.1/STM32CubeIDE/plugins/com.st.stm32cube.ide.mcu.externaltools.gnu-tools-for-stm32.14.3.rel1.win32_1.0.100.202602081740/tools/bin/../lib/gcc/arm-none-eabi/14.3.1/../../../../arm-none-eabi/lib/thumb/v8-m.main+fp/hard\libc_nano.a(libc_a-freer.o)
                0x08000564                _free_r
 .text.sbrk_aligned
                0x080005f8       0x44 C:/ST/STM32CubeIDE_2.1.1/STM32CubeIDE/plugins/com.st.stm32cube.ide.mcu.externaltools.gnu-tools-for-stm32.14.3.rel1.win32_1.0.100.202602081740/tools/bin/../lib/gcc/arm-none-eabi/14.3.1/../../../../arm-none-eabi/lib/thumb/v8-m.main+fp/hard\libc_nano.a(libc_a-mallocr.o)
 .text._malloc_r
                0x0800063c      0x100 C:/ST/STM32CubeIDE_2.1.1/STM32CubeIDE/plugins/com.st.stm32cube.ide.mcu.externaltools.gnu-tools-for-stm32.14.3.rel1.win32_1.0.100.202602081740/tools/bin/../lib/gcc/arm-none-eabi/14.3.1/../../../../arm-none-eabi/lib/thumb/v8-m.main+fp/hard\libc_nano.a(libc_a-mallocr.o)
                0x0800063c                _malloc_r
 .text.__malloc_lock
                0x0800073c        0xc C:/ST/STM32CubeIDE_2.1.1/STM32CubeIDE/plugins/com.st.stm32cube.ide.mcu.externaltools.gnu-tools-for-stm32.14.3.rel1.win32_1.0.100.202602081740/tools/bin/../lib/gcc/arm-none-eabi/14.3.1/../../../../arm-none-eabi/lib/thumb/v8-m.main+fp/hard\libc_nano.a(libc_a-mlock.o)
                0x0800073c                __malloc_lock
 .text.__malloc_unlock
                0x08000748        0xc C:/ST/STM32CubeIDE_2.1.1/STM32CubeIDE/plugins/com.st.stm32cube.ide.mcu.externaltools.gnu-tools-for-stm32.14.3.rel1.win32_1.0.100.202602081740/tools/bin/../lib/gcc/arm-none-eabi/14.3.1/../../../../arm-none-eabi/lib/thumb/v8-m.main+fp/hard\libc_nano.a(libc_a-mlock.o)
                0x08000748                __malloc_unlock
 .text.__sflush_r
                0x08000754      0x100 C:/ST/STM32CubeIDE_2.1.1/STM32CubeIDE/plugins/com.st.stm32cube.ide.mcu.externaltools.gnu-tools-for-stm32.14.3.rel1.win32_1.0.100.202602081740/tools/bin/../lib/gcc/arm-none-eabi/14.3.1/../../../../arm-none-eabi/lib/thumb/v8-m.main+fp/hard\libc_nano.a(libc_a-fflush.o)
                0x08000754                __sflush_r
 .text._fflush_r
                0x08000854       0x50 C:/ST/STM32CubeIDE_2.1.1/STM32CubeIDE/plugins/com.st.stm32cube.ide.mcu.externaltools.gnu-tools-for-stm32.14.3.rel1.win32_1.0.100.202602081740/tools/bin/../lib/gcc/arm-none-eabi/14.3.1/../../../../arm-none-eabi/lib/thumb/v8-m.main+fp/hard\libc_nano.a(libc_a-fflush.o)
                0x08000854                _fflush_r
 .text._sbrk_r  0x080008a4       0x20 C:/ST/STM32CubeIDE_2.1.1/STM32CubeIDE/plugins/com.st.stm32cube.ide.mcu.externaltools.gnu-tools-for-stm32.14.3.rel1.win32_1.0.100.202602081740/tools/bin/../lib/gcc/arm-none-eabi/14.3.1/../../../../arm-none-eabi/lib/thumb/v8-m.main+fp/hard\libc_nano.a(libc_a-sbrkr.o)
                0x080008a4                _sbrk_r
 .text.__NVIC_SystemReset
                0x080008c4       0x2c CMakeFiles/STM32C562_Project2.dir/main.c.obj
 .text.LL_FLASH_SetUnlockKey
                0x080008f0       0x1c CMakeFiles/STM32C562_Project2.dir/main.c.obj
 .text.LL_FLASH_OB_SetUnlockKey
                0x0800090c       0x1c CMakeFiles/STM32C562_Project2.dir/main.c.obj
 .text.LL_FLASH_OB_Lock
                0x08000928       0x20 CMakeFiles/STM32C562_Project2.dir/main.c.obj
 .text.LL_FLASH_OB_IsLocked
                0x08000948       0x26 CMakeFiles/STM32C562_Project2.dir/main.c.obj
 .text.LL_FLASH_Lock
                0x0800096e       0x20 CMakeFiles/STM32C562_Project2.dir/main.c.obj
 .text.LL_FLASH_IsLocked
                0x0800098e       0x26 CMakeFiles/STM32C562_Project2.dir/main.c.obj
 .text.LL_FLASH_OB_SetBoot0SourceSelection
                0x080009b4       0x26 CMakeFiles/STM32C562_Project2.dir/main.c.obj
 .text.LL_FLASH_OB_GetBoot0SourceSelection
                0x080009da       0x1c CMakeFiles/STM32C562_Project2.dir/main.c.obj
 *fill*         0x080009f6        0x2 
 .text.Configure_BOOT_SEL
                0x080009f8      0x148 CMakeFiles/STM32C562_Project2.dir/main.c.obj
 .text.main     0x08000b40       0xd0 CMakeFiles/STM32C562_Project2.dir/main.c.obj
                0x08000b40                main
 .text.LL_AHB2_GRP1_EnableClock
                0x08000c10       0x60 CMakeFiles/STM32C562_Project2.dir/generated/hal/mx_cortex_debug.c.obj
 .text.HAL_RCC_GPIOA_EnableClock
                0x08000c70        0xe CMakeFiles/STM32C562_Project2.dir/generated/hal/mx_cortex_debug.c.obj
 *fill*         0x08000c7e        0x2 
 .text.mx_cortex_debug_init
                0x08000c80       0x60 CMakeFiles/STM32C562_Project2.dir/generated/hal/mx_cortex_debug.c.obj
                0x08000c80                mx_cortex_debug_init
 .text.mx_cortex_mpu_init
                0x08000ce0       0x5c CMakeFiles/STM32C562_Project2.dir/generated/hal/mx_cortex_mpu.c.obj
                0x08000ce0                mx_cortex_mpu_init
 .text.mx_cortex_nvic_init
                0x08000d3c       0x12 CMakeFiles/STM32C562_Project2.dir/generated/hal/mx_cortex_nvic.c.obj
                0x08000d3c                mx_cortex_nvic_init
 *fill*         0x08000d4e        0x2 
 .text.LL_AHB2_GRP1_EnableClock
                0x08000d50       0x60 CMakeFiles/STM32C562_Project2.dir/generated/hal/mx_gpio_default.c.obj
 .text.HAL_RCC_GPIOA_EnableClock
                0x08000db0        0xe CMakeFiles/STM32C562_Project2.dir/generated/hal/mx_gpio_default.c.obj
 .text.HAL_RCC_GPIOB_EnableClock
                0x08000dbe        0xe CMakeFiles/STM32C562_Project2.dir/generated/hal/mx_gpio_default.c.obj
 .text.mx_gpio_default_init
                0x08000dcc       0x84 CMakeFiles/STM32C562_Project2.dir/generated/hal/mx_gpio_default.c.obj
                0x08000dcc                mx_gpio_default_init
 .text.mx_icache_init
                0x08000e50       0x28 CMakeFiles/STM32C562_Project2.dir/generated/hal/mx_icache.c.obj
                0x08000e50                mx_icache_init
 .text.mx_icache_gethandle
                0x08000e78       0x14 CMakeFiles/STM32C562_Project2.dir/generated/hal/mx_icache.c.obj
                0x08000e78                mx_icache_gethandle
 .text.mx_rcc_init
                0x08000e8c       0xc0 CMakeFiles/STM32C562_Project2.dir/generated/hal/mx_rcc.c.obj
                0x08000e8c                mx_rcc_init
 .text.mx_rcc_peripherals_clock_config
                0x08000f4c       0x12 CMakeFiles/STM32C562_Project2.dir/generated/hal/mx_rcc.c.obj
                0x08000f4c                mx_rcc_peripherals_clock_config
 .text.mx_system_init
                0x08000f5e       0xda CMakeFiles/STM32C562_Project2.dir/generated/hal/mx_system.c.obj
                0x08000f5e                mx_system_init
 .text.SysTick_Handler
                0x08001038       0x10 CMakeFiles/STM32C562_Project2.dir/generated/hal/mx_system.c.obj
                0x08001038                SysTick_Handler
 .text.pre_system_init_hook
                0x08001048       0x12 CMakeFiles/STM32C562_Project2.dir/generated/hal/mx_system.c.obj
                0x08001048                pre_system_init_hook
 .text.post_system_init_hook
                0x0800105a       0x12 CMakeFiles/STM32C562_Project2.dir/generated/hal/mx_system.c.obj
                0x0800105a                post_system_init_hook
 .text.SCB_SetVTOR
                0x0800106c       0x20 CMakeFiles/STM32C562_Project2.dir/user_modifiable/Device/STM32C562CET6/system_stm32c5xx.c.obj
 .text.SCB_EnableFPU
                0x0800108c       0x24 CMakeFiles/STM32C562_Project2.dir/user_modifiable/Device/STM32C562CET6/system_stm32c5xx.c.obj
 .text.SystemInit
                0x080010b0       0x18 CMakeFiles/STM32C562_Project2.dir/user_modifiable/Device/STM32C562CET6/system_stm32c5xx.c.obj
                0x080010b0                SystemInit
 .text.Reset_Handler
                0x080010c8       0xc4 CMakeFiles/STM32C562_Project2.dir/user_modifiable/Device/STM32C562CET6/startup_stm32c562xx.c.obj
                0x080010c8                Reset_Handler
 .text.HardFault_Handler
                0x0800118c        0x8 CMakeFiles/STM32C562_Project2.dir/user_modifiable/Device/STM32C562CET6/startup_stm32c562xx.c.obj
                0x0800118c                HardFault_Handler
 .text.Default_IRQHandler
                0x08001194        0x8 CMakeFiles/STM32C562_Project2.dir/user_modifiable/Device/STM32C562CET6/startup_stm32c562xx.c.obj
                0x08001194                EXTI2_IRQHandler
                0x08001194                TIM8_CC_IRQHandler
                0x08001194                EXTI5_IRQHandler
                0x08001194                DebugMon_Handler
                0x08001194                TIM8_TRGI_COM_DIR_IDX_IRQHandler
                0x08001194                EXTI13_IRQHandler
                0x08001194                LPDMA2_CH1_IRQHandler
                0x08001194                I2C1_ERR_IRQHandler
                0x08001194                TIM1_CC_IRQHandler
                0x08001194                LPDMA1_CH6_IRQHandler
                0x08001194                TAMP_IRQHandler
                0x08001194                TIM6_IRQHandler
                0x08001194                EXTI12_IRQHandler
                0x08001194                CORDIC_IRQHandler
                0x08001194                PendSV_Handler
                0x08001194                USB_DRD_FS_IRQHandler
                0x08001194                NMI_Handler
                0x08001194                EXTI3_IRQHandler
                0x08001194                EXTI8_IRQHandler
                0x08001194                PWR_PVD_IRQHandler
                0x08001194                EXTI0_IRQHandler
                0x08001194                I2C2_EV_IRQHandler
                0x08001194                FPU_IRQHandler
                0x08001194                FDCAN1_IT1_IRQHandler
                0x08001194                RAMCFG_IRQHandler
                0x08001194                UsageFault_Handler
                0x08001194                TIM1_UPD_IRQHandler
                0x08001194                SPI1_IRQHandler
                0x08001194                ADC1_IRQHandler
                0x08001194                EXTI15_IRQHandler
                0x08001194                TIM17_IRQHandler
                0x08001194                USART3_IRQHandler
                0x08001194                RTC_IRQHandler
                0x08001194                EXTI9_IRQHandler
                0x08001194                UART5_IRQHandler
                0x08001194                LPDMA2_CH3_IRQHandler
                0x08001194                LPDMA1_CH1_IRQHandler
                0x08001194                I2C1_EV_IRQHandler
                0x08001194                TIM16_IRQHandler
                0x08001194                UART4_IRQHandler
                0x08001194                RCC_IRQHandler
                0x08001194                LPDMA1_CH5_IRQHandler
                0x08001194                LPDMA2_CH2_IRQHandler
                0x08001194                TIM12_IRQHandler
                0x08001194                TIM7_IRQHandler
                0x08001194                TIM5_IRQHandler
                0x08001194                I3C1_EV_IRQHandler
                0x08001194                TIM15_IRQHandler
                0x08001194                TIM8_BRK_TERR_IERR_IRQHandler
                0x08001194                TIM8_UPD_IRQHandler
                0x08001194                ADC2_IRQHandler
                0x08001194                SPI2_IRQHandler
                0x08001194                MemManage_Handler
                0x08001194                LPDMA1_CH3_IRQHandler
                0x08001194                EXTI14_IRQHandler
                0x08001194                EXTI11_IRQHandler
                0x08001194                SVC_Handler
                0x08001194                CRS_IRQHandler
                0x08001194                EXTI4_IRQHandler
                0x08001194                TIM1_BRK_TERR_IERR_IRQHandler
                0x08001194                RNG_IRQHandler
                0x08001194                TIM1_TRGI_COM_DIR_IDX_IRQHandler
                0x08001194                LPDMA2_CH0_IRQHandler
                0x08001194                I3C1_ERR_IRQHandler
                0x08001194                WWDG_IRQHandler
                0x08001194                Default_IRQHandler
                0x08001194                IWDG_IRQHandler
                0x08001194                LPUART1_IRQHandler
                0x08001194                FDCAN1_IT0_IRQHandler
                0x08001194                TIM2_IRQHandler
                0x08001194                LPDMA1_CH2_IRQHandler
                0x08001194                EXTI7_IRQHandler
                0x08001194                EXTI1_IRQHandler
                0x08001194                AES_IRQHandler
                0x08001194                DAC1_IRQHandler
                0x08001194                USART2_IRQHandler
                0x08001194                LPDMA1_CH4_IRQHandler
                0x08001194                FLASH_IRQHandler
                0x08001194                I2C2_ERR_IRQHandler
                0x08001194                BusFault_Handler
                0x08001194                USART1_IRQHandler
                0x08001194                EXTI10_IRQHandler
                0x08001194                SPI3_IRQHandler
                0x08001194                LPDMA1_CH0_IRQHandler
                0x08001194                EXTI6_IRQHandler
                0x08001194                COMP1_IRQHandler
                0x08001194                LPTIM1_IRQHandler
                0x08001194                ICACHE_IRQHandler
                0x08001194                LPDMA1_CH7_IRQHandler
                0x08001194                HASH_IRQHandler
 .text.Default_IRQHandler_Hook
                0x0800119c        0x8 CMakeFiles/STM32C562_Project2.dir/user_modifiable/Device/STM32C562CET6/startup_stm32c562xx.c.obj
                0x0800119c                Default_IRQHandler_Hook
 .text.LL_RCC_GetAHBPrescaler
                0x080011a4       0x1c CMakeFiles/STM32C562_Project2.dir/stm32c5xx_drivers/hal/stm32c5xx_hal.c.obj
 .text.LL_FLASH_EnablePrefetch
                0x080011c0       0x20 CMakeFiles/STM32C562_Project2.dir/stm32c5xx_drivers/hal/stm32c5xx_hal.c.obj
 .text.HAL_Init
                0x080011e0       0x44 CMakeFiles/STM32C562_Project2.dir/stm32c5xx_drivers/hal/stm32c5xx_hal.c.obj
                0x080011e0                HAL_Init
 .text.HAL_InitTick
                0x08001224       0x68 CMakeFiles/STM32C562_Project2.dir/stm32c5xx_drivers/hal/stm32c5xx_hal.c.obj
                0x08001224                HAL_InitTick
 .text.HAL_UpdateCoreClock
                0x0800128c       0x30 CMakeFiles/STM32C562_Project2.dir/stm32c5xx_drivers/hal/stm32c5xx_hal.c.obj
                0x0800128c                HAL_UpdateCoreClock
 .text.HAL_IncTick
                0x080012bc       0x28 CMakeFiles/STM32C562_Project2.dir/stm32c5xx_drivers/hal/stm32c5xx_hal.c.obj
                0x080012bc                HAL_IncTick
 .text.HAL_GetTick
                0x080012e4       0x18 CMakeFiles/STM32C562_Project2.dir/stm32c5xx_drivers/hal/stm32c5xx_hal.c.obj
                0x080012e4                HAL_GetTick
 .text.HAL_Delay
                0x080012fc       0x4c CMakeFiles/STM32C562_Project2.dir/stm32c5xx_drivers/hal/stm32c5xx_hal.c.obj
                0x080012fc                HAL_Delay
 .text.__NVIC_SetPriorityGrouping
                0x08001348       0x48 CMakeFiles/STM32C562_Project2.dir/stm32c5xx_drivers/hal/stm32c5xx_hal_cortex.c.obj
 .text.__NVIC_GetPriorityGrouping
                0x08001390       0x1c CMakeFiles/STM32C562_Project2.dir/stm32c5xx_drivers/hal/stm32c5xx_hal_cortex.c.obj
 .text.__NVIC_SetPriority
                0x080013ac       0x54 CMakeFiles/STM32C562_Project2.dir/stm32c5xx_drivers/hal/stm32c5xx_hal_cortex.c.obj
 .text.NVIC_EncodePriority
                0x08001400       0x66 CMakeFiles/STM32C562_Project2.dir/stm32c5xx_drivers/hal/stm32c5xx_hal_cortex.c.obj
 *fill*         0x08001466        0x2 
 .text.ARM_MPU_Enable
                0x08001468       0x44 CMakeFiles/STM32C562_Project2.dir/stm32c5xx_drivers/hal/stm32c5xx_hal_cortex.c.obj
 .text.ARM_MPU_Disable
                0x080014ac       0x40 CMakeFiles/STM32C562_Project2.dir/stm32c5xx_drivers/hal/stm32c5xx_hal_cortex.c.obj
 .text.ARM_MPU_SetMemAttrEx
                0x080014ec       0x6a CMakeFiles/STM32C562_Project2.dir/stm32c5xx_drivers/hal/stm32c5xx_hal_cortex.c.obj
 *fill*         0x08001556        0x2 
 .text.ARM_MPU_SetMemAttr
                0x08001558       0x28 CMakeFiles/STM32C562_Project2.dir/stm32c5xx_drivers/hal/stm32c5xx_hal_cortex.c.obj
 .text.ARM_MPU_SetRegionEx
                0x08001580       0x2c CMakeFiles/STM32C562_Project2.dir/stm32c5xx_drivers/hal/stm32c5xx_hal_cortex.c.obj
 .text.ARM_MPU_SetRegion
                0x080015ac       0x24 CMakeFiles/STM32C562_Project2.dir/stm32c5xx_drivers/hal/stm32c5xx_hal_cortex.c.obj
 .text.SysTick_SetClkSource
                0x080015d0       0x38 CMakeFiles/STM32C562_Project2.dir/stm32c5xx_drivers/hal/stm32c5xx_hal_cortex.c.obj
 .text.SysTick_GetClkSource
                0x08001608       0x1c CMakeFiles/STM32C562_Project2.dir/stm32c5xx_drivers/hal/stm32c5xx_hal_cortex.c.obj
 .text.SysTick_EnableIT
                0x08001624       0x20 CMakeFiles/STM32C562_Project2.dir/stm32c5xx_drivers/hal/stm32c5xx_hal_cortex.c.obj
 .text.SysTick_Enable
                0x08001644       0x20 CMakeFiles/STM32C562_Project2.dir/stm32c5xx_drivers/hal/stm32c5xx_hal_cortex.c.obj
 .text.SysTick_SetReload
                0x08001664       0x30 CMakeFiles/STM32C562_Project2.dir/stm32c5xx_drivers/hal/stm32c5xx_hal_cortex.c.obj
 .text.SysTick_SetCounter
                0x08001694       0x20 CMakeFiles/STM32C562_Project2.dir/stm32c5xx_drivers/hal/stm32c5xx_hal_cortex.c.obj
 .text.HAL_CORTEX_NVIC_SetPriorityGrouping
                0x080016b4       0x1a CMakeFiles/STM32C562_Project2.dir/stm32c5xx_drivers/hal/stm32c5xx_hal_cortex.c.obj
                0x080016b4                HAL_CORTEX_NVIC_SetPriorityGrouping
 .text.HAL_CORTEX_NVIC_SetPriority
                0x080016ce       0x36 CMakeFiles/STM32C562_Project2.dir/stm32c5xx_drivers/hal/stm32c5xx_hal_cortex.c.obj
                0x080016ce                HAL_CORTEX_NVIC_SetPriority
 .text.HAL_CORTEX_SYSTICK_SetFreq
                0x08001704       0x5a CMakeFiles/STM32C562_Project2.dir/stm32c5xx_drivers/hal/stm32c5xx_hal_cortex.c.obj
                0x08001704                HAL_CORTEX_SYSTICK_SetFreq
 .text.HAL_CORTEX_SYSTICK_SetClkSource
                0x0800175e       0x1a CMakeFiles/STM32C562_Project2.dir/stm32c5xx_drivers/hal/stm32c5xx_hal_cortex.c.obj
                0x0800175e                HAL_CORTEX_SYSTICK_SetClkSource
 .text.HAL_CORTEX_SYSTICK_IRQHandler
                0x08001778        0xc CMakeFiles/STM32C562_Project2.dir/stm32c5xx_drivers/hal/stm32c5xx_hal_cortex.c.obj
                0x08001778                HAL_CORTEX_SYSTICK_IRQHandler
 .text.HAL_CORTEX_SYSTICK_Callback
                0x08001784        0xe CMakeFiles/STM32C562_Project2.dir/stm32c5xx_drivers/hal/stm32c5xx_hal_cortex.c.obj
                0x08001784                HAL_CORTEX_SYSTICK_Callback
 .text.HAL_CORTEX_MPU_Enable
                0x08001792       0x26 CMakeFiles/STM32C562_Project2.dir/stm32c5xx_drivers/hal/stm32c5xx_hal_cortex.c.obj
                0x08001792                HAL_CORTEX_MPU_Enable
 .text.HAL_CORTEX_MPU_Disable
                0x080017b8        0xc CMakeFiles/STM32C562_Project2.dir/stm32c5xx_drivers/hal/stm32c5xx_hal_cortex.c.obj
                0x080017b8                HAL_CORTEX_MPU_Disable
 .text.HAL_CORTEX_MPU_SetCacheMemAttr
                0x080017c4       0x2a CMakeFiles/STM32C562_Project2.dir/stm32c5xx_drivers/hal/stm32c5xx_hal_cortex.c.obj
                0x080017c4                HAL_CORTEX_MPU_SetCacheMemAttr
 .text.HAL_CORTEX_MPU_SetConfigRegion
                0x080017ee       0x48 CMakeFiles/STM32C562_Project2.dir/stm32c5xx_drivers/hal/stm32c5xx_hal_cortex.c.obj
                0x080017ee                HAL_CORTEX_MPU_SetConfigRegion
 *fill*         0x08001836        0x2 
 .text.HAL_CORTEX_MPU_EnableRegion
                0x08001838       0x2c CMakeFiles/STM32C562_Project2.dir/stm32c5xx_drivers/hal/stm32c5xx_hal_cortex.c.obj
                0x08001838                HAL_CORTEX_MPU_EnableRegion
 .text.LL_FLASH_SetLatency
                0x08001864       0x26 CMakeFiles/STM32C562_Project2.dir/stm32c5xx_drivers/hal/stm32c5xx_hal_flash_itf.c.obj
 .text.LL_FLASH_SetProgrammingDelay
                0x0800188a       0x26 CMakeFiles/STM32C562_Project2.dir/stm32c5xx_drivers/hal/stm32c5xx_hal_flash_itf.c.obj
 .text.HAL_FLASH_ITF_SetLatency
                0x080018b0       0x24 CMakeFiles/STM32C562_Project2.dir/stm32c5xx_drivers/hal/stm32c5xx_hal_flash_itf.c.obj
                0x080018b0                HAL_FLASH_ITF_SetLatency
 .text.HAL_FLASH_ITF_SetProgrammingDelay
                0x080018d4       0x24 CMakeFiles/STM32C562_Project2.dir/stm32c5xx_drivers/hal/stm32c5xx_hal_flash_itf.c.obj
                0x080018d4                HAL_FLASH_ITF_SetProgrammingDelay
 .text.LL_GPIO_SetPinMode
                0x080018f8       0x9c CMakeFiles/STM32C562_Project2.dir/stm32c5xx_drivers/hal/stm32c5xx_hal_gpio.c.obj
 .text.LL_GPIO_SetPinOutputType
                0x08001994       0x56 CMakeFiles/STM32C562_Project2.dir/stm32c5xx_drivers/hal/stm32c5xx_hal_gpio.c.obj
 .text.LL_GPIO_SetPinSpeed
                0x080019ea       0xa0 CMakeFiles/STM32C562_Project2.dir/stm32c5xx_drivers/hal/stm32c5xx_hal_gpio.c.obj
 .text.LL_GPIO_SetPinPull
                0x08001a8a       0xa0 CMakeFiles/STM32C562_Project2.dir/stm32c5xx_drivers/hal/stm32c5xx_hal_gpio.c.obj
 .text.LL_GPIO_SetAFPin_0_7
                0x08001b2a       0xa0 CMakeFiles/STM32C562_Project2.dir/stm32c5xx_drivers/hal/stm32c5xx_hal_gpio.c.obj
 .text.LL_GPIO_SetAFPin_8_15
                0x08001bca       0xa4 CMakeFiles/STM32C562_Project2.dir/stm32c5xx_drivers/hal/stm32c5xx_hal_gpio.c.obj
 .text.LL_GPIO_WriteOutputPin
                0x08001c6e       0x2a CMakeFiles/STM32C562_Project2.dir/stm32c5xx_drivers/hal/stm32c5xx_hal_gpio.c.obj
 .text.LL_GPIO_TogglePin
                0x08001c98       0x32 CMakeFiles/STM32C562_Project2.dir/stm32c5xx_drivers/hal/stm32c5xx_hal_gpio.c.obj
 .text.HAL_GPIO_Init
                0x08001cca      0x128 CMakeFiles/STM32C562_Project2.dir/stm32c5xx_drivers/hal/stm32c5xx_hal_gpio.c.obj
                0x08001cca                HAL_GPIO_Init
 .text.HAL_GPIO_WritePin
                0x08001df2       0x22 CMakeFiles/STM32C562_Project2.dir/stm32c5xx_drivers/hal/stm32c5xx_hal_gpio.c.obj
                0x08001df2                HAL_GPIO_WritePin
 .text.HAL_GPIO_TogglePin
                0x08001e14       0x1c CMakeFiles/STM32C562_Project2.dir/stm32c5xx_drivers/hal/stm32c5xx_hal_gpio.c.obj
                0x08001e14                HAL_GPIO_TogglePin
 .text.LL_ICACHE_Enable
                0x08001e30       0x20 CMakeFiles/STM32C562_Project2.dir/stm32c5xx_drivers/hal/stm32c5xx_hal_icache.c.obj
 .text.LL_ICACHE_EnableIT
                0x08001e50       0x22 CMakeFiles/STM32C562_Project2.dir/stm32c5xx_drivers/hal/stm32c5xx_hal_icache.c.obj
 .text.HAL_ICACHE_Init
                0x08001e72       0x28 CMakeFiles/STM32C562_Project2.dir/stm32c5xx_drivers/hal/stm32c5xx_hal_icache.c.obj
                0x08001e72                HAL_ICACHE_Init
 .text.HAL_ICACHE_Start
                0x08001e9a       0x32 CMakeFiles/STM32C562_Project2.dir/stm32c5xx_drivers/hal/stm32c5xx_hal_icache.c.obj
                0x08001e9a                HAL_ICACHE_Start
 .text.LL_RCC_PSIS_Enable
                0x08001ecc       0x20 CMakeFiles/STM32C562_Project2.dir/stm32c5xx_drivers/hal/stm32c5xx_hal_rcc.c.obj
 .text.LL_RCC_PSIS_IsReady
                0x08001eec       0x28 CMakeFiles/STM32C562_Project2.dir/stm32c5xx_drivers/hal/stm32c5xx_hal_rcc.c.obj
 .text.LL_RCC_PSIDIV3_IsReady
                0x08001f14       0x28 CMakeFiles/STM32C562_Project2.dir/stm32c5xx_drivers/hal/stm32c5xx_hal_rcc.c.obj
 .text.LL_RCC_PSIK_IsReady
                0x08001f3c       0x28 CMakeFiles/STM32C562_Project2.dir/stm32c5xx_drivers/hal/stm32c5xx_hal_rcc.c.obj
 .text.LL_RCC_ConfigPSI
                0x08001f64       0x38 CMakeFiles/STM32C562_Project2.dir/stm32c5xx_drivers/hal/stm32c5xx_hal_rcc.c.obj
 .text.LL_RCC_GetConfigPSI
                0x08001f9c       0x40 CMakeFiles/STM32C562_Project2.dir/stm32c5xx_drivers/hal/stm32c5xx_hal_rcc.c.obj
 .text.LL_RCC_HSE_Enable
                0x08001fdc       0x20 CMakeFiles/STM32C562_Project2.dir/stm32c5xx_drivers/hal/stm32c5xx_hal_rcc.c.obj
 .text.LL_RCC_HSE_IsReady
                0x08001ffc       0x28 CMakeFiles/STM32C562_Project2.dir/stm32c5xx_drivers/hal/stm32c5xx_hal_rcc.c.obj
 .text.LL_RCC_HSE_ConfigBypass
                0x08002024       0x2c CMakeFiles/STM32C562_Project2.dir/stm32c5xx_drivers/hal/stm32c5xx_hal_rcc.c.obj
 .text.LL_RCC_SetSysClkSource
                0x08002050       0x28 CMakeFiles/STM32C562_Project2.dir/stm32c5xx_drivers/hal/stm32c5xx_hal_rcc.c.obj
 .text.LL_RCC_GetSysClkSource
                0x08002078       0x1c CMakeFiles/STM32C562_Project2.dir/stm32c5xx_drivers/hal/stm32c5xx_hal_rcc.c.obj
 .text.LL_RCC_GetAHBPrescaler
                0x08002094       0x1c CMakeFiles/STM32C562_Project2.dir/stm32c5xx_drivers/hal/stm32c5xx_hal_rcc.c.obj
 .text.LL_RCC_GetSystickClockSource
                0x080020b0       0x1c CMakeFiles/STM32C562_Project2.dir/stm32c5xx_drivers/hal/stm32c5xx_hal_rcc.c.obj
 .text.LL_RCC_ConfigBusClock
                0x080020cc       0x2c CMakeFiles/STM32C562_Project2.dir/stm32c5xx_drivers/hal/stm32c5xx_hal_rcc.c.obj
 .text.HAL_RCC_HSE_Enable
                0x080020f8       0x3c CMakeFiles/STM32C562_Project2.dir/stm32c5xx_drivers/hal/stm32c5xx_hal_rcc.c.obj
                0x080020f8                HAL_RCC_HSE_Enable
 .text.HAL_RCC_PSIS_Enable
                0x08002134       0x1c CMakeFiles/STM32C562_Project2.dir/stm32c5xx_drivers/hal/stm32c5xx_hal_rcc.c.obj
                0x08002134                HAL_RCC_PSIS_Enable
 .text.HAL_RCC_PSI_SetConfig
                0x08002150       0x50 CMakeFiles/STM32C562_Project2.dir/stm32c5xx_drivers/hal/stm32c5xx_hal_rcc.c.obj
                0x08002150                HAL_RCC_PSI_SetConfig
 .text.HAL_RCC_PSI_GetConfig
                0x080021a0       0x34 CMakeFiles/STM32C562_Project2.dir/stm32c5xx_drivers/hal/stm32c5xx_hal_rcc.c.obj
                0x080021a0                HAL_RCC_PSI_GetConfig
 .text.HAL_RCC_SetSYSCLKSource
                0x080021d4       0x52 CMakeFiles/STM32C562_Project2.dir/stm32c5xx_drivers/hal/stm32c5xx_hal_rcc.c.obj
                0x080021d4                HAL_RCC_SetSYSCLKSource
 .text.HAL_RCC_GetSYSCLKSource
                0x08002226       0x12 CMakeFiles/STM32C562_Project2.dir/stm32c5xx_drivers/hal/stm32c5xx_hal_rcc.c.obj
                0x08002226                HAL_RCC_GetSYSCLKSource
 .text.HAL_RCC_SetBusClockConfig
                0x08002238       0x38 CMakeFiles/STM32C562_Project2.dir/stm32c5xx_drivers/hal/stm32c5xx_hal_rcc.c.obj
                0x08002238                HAL_RCC_SetBusClockConfig
 .text.HAL_RCC_GetPSIClockFreq
                0x08002270       0x9c CMakeFiles/STM32C562_Project2.dir/stm32c5xx_drivers/hal/stm32c5xx_hal_rcc.c.obj
                0x08002270                HAL_RCC_GetPSIClockFreq
 .text.HAL_RCC_GetSYSCLKFreq
                0x0800230c       0x4c CMakeFiles/STM32C562_Project2.dir/stm32c5xx_drivers/hal/stm32c5xx_hal_rcc.c.obj
                0x0800230c                HAL_RCC_GetSYSCLKFreq
 .text.HAL_RCC_GetHCLKFreq
                0x08002358       0x20 CMakeFiles/STM32C562_Project2.dir/stm32c5xx_drivers/hal/stm32c5xx_hal_rcc.c.obj
                0x08002358                HAL_RCC_GetHCLKFreq
 .text.HAL_RCC_GetSysTickExternalClkFreq
                0x08002378       0x58 CMakeFiles/STM32C562_Project2.dir/stm32c5xx_drivers/hal/stm32c5xx_hal_rcc.c.obj
                0x08002378                HAL_RCC_GetSysTickExternalClkFreq
 .text.RCC_WaitForTimeout
                0x080023d0       0x54 CMakeFiles/STM32C562_Project2.dir/stm32c5xx_drivers/hal/stm32c5xx_hal_rcc.c.obj
 .text._kill    0x08002424       0x20 CMakeFiles/STM32C562_Project2.dir/utilities/syscalls/syscalls.c.obj
                0x08002424                _kill
 .text._exit    0x08002444       0x16 CMakeFiles/STM32C562_Project2.dir/utilities/syscalls/syscalls.c.obj
                0x08002444                _exit
 .text._read    0x0800245a       0x3a CMakeFiles/STM32C562_Project2.dir/utilities/syscalls/syscalls.c.obj
                0x0800245a                _read
 .text._write   0x08002494       0x38 CMakeFiles/STM32C562_Project2.dir/utilities/syscalls/syscalls.c.obj
                0x08002494                _write
 .text._close   0x080024cc       0x18 CMakeFiles/STM32C562_Project2.dir/utilities/syscalls/syscalls.c.obj
                0x080024cc                _close
 .text._fstat   0x080024e4       0x20 CMakeFiles/STM32C562_Project2.dir/utilities/syscalls/syscalls.c.obj
                0x080024e4                _fstat
 .text._isatty  0x08002504       0x16 CMakeFiles/STM32C562_Project2.dir/utilities/syscalls/syscalls.c.obj
                0x08002504                _isatty
 .text._lseek   0x0800251a       0x1a CMakeFiles/STM32C562_Project2.dir/utilities/syscalls/syscalls.c.obj
                0x0800251a                _lseek
 .text._sbrk    0x08002534       0x6c CMakeFiles/STM32C562_Project2.dir/utilities/syscalls/sysmem.c.obj
                0x08002534                _sbrk
 .text._puts_r  0x080025a0       0xaa C:/ST/STM32CubeIDE_2.1.1/STM32CubeIDE/plugins/com.st.stm32cube.ide.mcu.externaltools.gnu-tools-for-stm32.14.3.rel1.win32_1.0.100.202602081740/tools/bin/../lib/gcc/arm-none-eabi/14.3.1/../../../../arm-none-eabi/lib/thumb/v8-m.main+fp/hard\libc_nano.a(libc_a-puts.o)
                0x080025a0                _puts_r
 *fill*         0x0800264a        0x2 
 .text.puts     0x0800264c       0x10 C:/ST/STM32CubeIDE_2.1.1/STM32CubeIDE/plugins/com.st.stm32cube.ide.mcu.externaltools.gnu-tools-for-stm32.14.3.rel1.win32_1.0.100.202602081740/tools/bin/../lib/gcc/arm-none-eabi/14.3.1/../../../../arm-none-eabi/lib/thumb/v8-m.main+fp/hard\libc_nano.a(libc_a-puts.o)
                0x0800264c                puts
 .text.__swbuf_r
                0x0800265c       0x7c C:/ST/STM32CubeIDE_2.1.1/STM32CubeIDE/plugins/com.st.stm32cube.ide.mcu.externaltools.gnu-tools-for-stm32.14.3.rel1.win32_1.0.100.202602081740/tools/bin/../lib/gcc/arm-none-eabi/14.3.1/../../../../arm-none-eabi/lib/thumb/v8-m.main+fp/hard\libc_nano.a(libc_a-wbuf.o)
                0x0800265c                __swbuf_r
 .text.__swsetup_r
                0x080026d8       0xa8 C:/ST/STM32CubeIDE_2.1.1/STM32CubeIDE/plugins/com.st.stm32cube.ide.mcu.externaltools.gnu-tools-for-stm32.14.3.rel1.win32_1.0.100.202602081740/tools/bin/../lib/gcc/arm-none-eabi/14.3.1/../../../../arm-none-eabi/lib/thumb/v8-m.main+fp/hard\libc_nano.a(libc_a-wsetup.o)
                0x080026d8                __swsetup_r
 .text.__errno  0x08002780        0xc C:/ST/STM32CubeIDE_2.1.1/STM32CubeIDE/plugins/com.st.stm32cube.ide.mcu.externaltools.gnu-tools-for-stm32.14.3.rel1.win32_1.0.100.202602081740/tools/bin/../lib/gcc/arm-none-eabi/14.3.1/../../../../arm-none-eabi/lib/thumb/v8-m.main+fp/hard\libc_nano.a(libc_a-errno.o)
                0x08002780                __errno
 .text.__swhatbuf_r
                0x0800278c       0x48 C:/ST/STM32CubeIDE_2.1.1/STM32CubeIDE/plugins/com.st.stm32cube.ide.mcu.externaltools.gnu-tools-for-stm32.14.3.rel1.win32_1.0.100.202602081740/tools/bin/../lib/gcc/arm-none-eabi/14.3.1/../../../../arm-none-eabi/lib/thumb/v8-m.main+fp/hard\libc_nano.a(libc_a-makebuf.o)
                0x0800278c                __swhatbuf_r
 .text.__smakebuf_r
                0x080027d4       0x72 C:/ST/STM32CubeIDE_2.1.1/STM32CubeIDE/plugins/com.st.stm32cube.ide.mcu.externaltools.gnu-tools-for-stm32.14.3.rel1.win32_1.0.100.202602081740/tools/bin/../lib/gcc/arm-none-eabi/14.3.1/../../../../arm-none-eabi/lib/thumb/v8-m.main+fp/hard\libc_nano.a(libc_a-makebuf.o)
                0x080027d4                __smakebuf_r
 *fill*         0x08002846        0x2 
 .text._fstat_r
                0x08002848       0x24 C:/ST/STM32CubeIDE_2.1.1/STM32CubeIDE/plugins/com.st.stm32cube.ide.mcu.externaltools.gnu-tools-for-stm32.14.3.rel1.win32_1.0.100.202602081740/tools/bin/../lib/gcc/arm-none-eabi/14.3.1/../../../../arm-none-eabi/lib/thumb/v8-m.main+fp/hard\libc_nano.a(libc_a-fstatr.o)
                0x08002848                _fstat_r
 .text._isatty_r
                0x0800286c       0x20 C:/ST/STM32CubeIDE_2.1.1/STM32CubeIDE/plugins/com.st.stm32cube.ide.mcu.externaltools.gnu-tools-for-stm32.14.3.rel1.win32_1.0.100.202602081740/tools/bin/../lib/gcc/arm-none-eabi/14.3.1/../../../../arm-none-eabi/lib/thumb/v8-m.main+fp/hard\libc_nano.a(libc_a-isattyr.o)
                0x0800286c                _isatty_r
 *(.glue_7)
 .glue_7        0x0800288c        0x0 linker stubs
 *(.glue_7t)
 .glue_7t       0x0800288c        0x0 linker stubs
 *(.eh_frame)
 .eh_frame      0x0800288c        0x0 C:/ST/STM32CubeIDE_2.1.1/STM32CubeIDE/plugins/com.st.stm32cube.ide.mcu.externaltools.gnu-tools-for-stm32.14.3.rel1.win32_1.0.100.202602081740/tools/bin/../lib/gcc/arm-none-eabi/14.3.1/thumb/v8-m.main+fp/hard/crtbegin.o
 *(.init)
 .init          0x0800288c        0x4 C:/ST/STM32CubeIDE_2.1.1/STM32CubeIDE/plugins/com.st.stm32cube.ide.mcu.externaltools.gnu-tools-for-stm32.14.3.rel1.win32_1.0.100.202602081740/tools/bin/../lib/gcc/arm-none-eabi/14.3.1/thumb/v8-m.main+fp/hard/crti.o
                0x0800288c                _init
 .init          0x08002890        0x8 C:/ST/STM32CubeIDE_2.1.1/STM32CubeIDE/plugins/com.st.stm32cube.ide.mcu.externaltools.gnu-tools-for-stm32.14.3.rel1.win32_1.0.100.202602081740/tools/bin/../lib/gcc/arm-none-eabi/14.3.1/thumb/v8-m.main+fp/hard/crtn.o
 *(.fini)
 .fini          0x08002898        0x4 C:/ST/STM32CubeIDE_2.1.1/STM32CubeIDE/plugins/com.st.stm32cube.ide.mcu.externaltools.gnu-tools-for-stm32.14.3.rel1.win32_1.0.100.202602081740/tools/bin/../lib/gcc/arm-none-eabi/14.3.1/thumb/v8-m.main+fp/hard/crti.o
                0x08002898                _fini
 .fini          0x0800289c        0x8 C:/ST/STM32CubeIDE_2.1.1/STM32CubeIDE/plugins/com.st.stm32cube.ide.mcu.externaltools.gnu-tools-for-stm32.14.3.rel1.win32_1.0.100.202602081740/tools/bin/../lib/gcc/arm-none-eabi/14.3.1/thumb/v8-m.main+fp/hard/crtn.o
                0x080028a8                        . = ALIGN (0x8)
 *fill*         0x080028a4        0x4 
                0x080028a8                        _etext = .

.vfp11_veneer   0x080028a8        0x0
 .vfp11_veneer  0x080028a8        0x0 linker stubs

.v4_bx          0x080028a8        0x0
 .v4_bx         0x080028a8        0x0 linker stubs

.iplt           0x080028a8        0x0
 .iplt          0x080028a8        0x0 C:/ST/STM32CubeIDE_2.1.1/STM32CubeIDE/plugins/com.st.stm32cube.ide.mcu.externaltools.gnu-tools-for-stm32.14.3.rel1.win32_1.0.100.202602081740/tools/bin/../lib/gcc/arm-none-eabi/14.3.1/thumb/v8-m.main+fp/hard/crtbegin.o

.rodata         0x080028a8       0xb8
                0x080028a8                        . = ALIGN (0x8)
 *(.rodata)
 .rodata        0x080028a8       0xa7 CMakeFiles/STM32C562_Project2.dir/main.c.obj
 *(.rodata*)
 *fill*         0x0800294f        0x1 
 .rodata.AHBPrescTable
                0x08002950       0x10 CMakeFiles/STM32C562_Project2.dir/user_modifiable/Device/STM32C562CET6/system_stm32c5xx.c.obj
                0x08002950                AHBPrescTable
                0x08002960                        . = ALIGN (0x8)

.ARM.extab      0x08002960        0x0
                0x08002960                        . = ALIGN (0x8)
 *(.ARM.extab* .gnu.linkonce.armextab.*)
                0x08002960                        . = ALIGN (0x8)

.ARM            0x08002960        0x8
                0x08002960                        . = ALIGN (0x8)
                0x08002960                        __exidx_start = .
 *(.ARM.exidx*)
 .ARM.exidx     0x08002960        0x8 C:/ST/STM32CubeIDE_2.1.1/STM32CubeIDE/plugins/com.st.stm32cube.ide.mcu.externaltools.gnu-tools-for-stm32.14.3.rel1.win32_1.0.100.202602081740/tools/bin/../lib/gcc/arm-none-eabi/14.3.1/../../../../arm-none-eabi/lib/thumb/v8-m.main+fp/hard/crt0.o
                                 0x10 (size before relaxing)
                0x08002968                        __exidx_end = .
                0x08002968                        . = ALIGN (0x8)

.preinit_array  0x08002968        0x0
                0x08002968                        . = ALIGN (0x8)
                0x08002968                        PROVIDE (__preinit_array_start = .)
 *(.preinit_array*)
                0x08002968                        PROVIDE (__preinit_array_end = .)
                0x08002968                        . = ALIGN (0x8)

.init_array     0x08002968        0x8
                0x08002968                        . = ALIGN (0x8)
                0x08002968                        PROVIDE (__init_array_start = .)
 *(SORT_BY_NAME(.init_array.*))
 *(.init_array*)
 .init_array    0x08002968        0x4 C:/ST/STM32CubeIDE_2.1.1/STM32CubeIDE/plugins/com.st.stm32cube.ide.mcu.externaltools.gnu-tools-for-stm32.14.3.rel1.win32_1.0.100.202602081740/tools/bin/../lib/gcc/arm-none-eabi/14.3.1/thumb/v8-m.main+fp/hard/crtbegin.o
                0x0800296c                        PROVIDE (__init_array_end = .)
                0x08002970                        . = ALIGN (0x8)
 *fill*         0x0800296c        0x4 

.fini_array     0x08002970        0x8
                0x08002970                        . = ALIGN (0x8)
                [!provide]                        PROVIDE (__fini_array_start = .)
 *(SORT_BY_NAME(.fini_array.*))
 *(.fini_array*)
 .fini_array    0x08002970        0x4 C:/ST/STM32CubeIDE_2.1.1/STM32CubeIDE/plugins/com.st.stm32cube.ide.mcu.externaltools.gnu-tools-for-stm32.14.3.rel1.win32_1.0.100.202602081740/tools/bin/../lib/gcc/arm-none-eabi/14.3.1/thumb/v8-m.main+fp/hard/crtbegin.o
                [!provide]                        PROVIDE (__fini_array_end = .)
                0x08002978                        . = ALIGN (0x8)
 *fill*         0x08002974        0x4 

.copy.table     0x08002978        0xc
                0x08002978                        . = ALIGN (0x8)
                0x08002978                        __copy_table_start__ = .
                0x08002978        0x4 LONG 0x8002990 LOADADDR (.data)
                0x0800297c        0x4 LONG 0x20000000 ADDR (.data)
                0x08002980        0x4 LONG 0x1a (SIZEOF (.data) / 0x4)
                0x08002984                        __copy_table_end__ = .

.zero.table     0x08002984        0xc
                0x08002988                        . = ALIGN (0x8)
 *fill*         0x08002984        0x4 
                0x08002988                        __zero_table_start__ = .
                0x08002988        0x4 LONG 0x20000068 ADDR (.bss)
                0x0800298c        0x4 LONG 0x5e (SIZEOF (.bss) / 0x4)
                0x08002990                        __zero_table_end__ = .

.rel.dyn        0x08002990        0x0
 .rel.iplt      0x08002990        0x0 C:/ST/STM32CubeIDE_2.1.1/STM32CubeIDE/plugins/com.st.stm32cube.ide.mcu.externaltools.gnu-tools-for-stm32.14.3.rel1.win32_1.0.100.202602081740/tools/bin/../lib/gcc/arm-none-eabi/14.3.1/thumb/v8-m.main+fp/hard/crtbegin.o

.data           0x20000000       0x68 load address 0x08002990
                0x20000000                        . = ALIGN (0x8)
                0x08002990                        _sidata = LOADADDR (.data)
                0x20000000                        __data_start__ = .
                0x20000000                        _sdata = .
 *(.data)
 *(.data*)
 .data.__sglue  0x20000000        0xc C:/ST/STM32CubeIDE_2.1.1/STM32CubeIDE/plugins/com.st.stm32cube.ide.mcu.externaltools.gnu-tools-for-stm32.14.3.rel1.win32_1.0.100.202602081740/tools/bin/../lib/gcc/arm-none-eabi/14.3.1/../../../../arm-none-eabi/lib/thumb/v8-m.main+fp/hard\libc_nano.a(libc_a-findfp.o)
                0x20000000                __sglue
 .data._impure_ptr
                0x2000000c        0x4 C:/ST/STM32CubeIDE_2.1.1/STM32CubeIDE/plugins/com.st.stm32cube.ide.mcu.externaltools.gnu-tools-for-stm32.14.3.rel1.win32_1.0.100.202602081740/tools/bin/../lib/gcc/arm-none-eabi/14.3.1/../../../../arm-none-eabi/lib/thumb/v8-m.main+fp/hard\libc_nano.a(libc_a-impure.o)
                0x2000000c                _impure_ptr
 .data._impure_data
                0x20000010       0x4c C:/ST/STM32CubeIDE_2.1.1/STM32CubeIDE/plugins/com.st.stm32cube.ide.mcu.externaltools.gnu-tools-for-stm32.14.3.rel1.win32_1.0.100.202602081740/tools/bin/../lib/gcc/arm-none-eabi/14.3.1/../../../../arm-none-eabi/lib/thumb/v8-m.main+fp/hard\libc_nano.a(libc_a-impure.o)
                0x20000010                _impure_data
 .data.SystemCoreClock
                0x2000005c        0x4 CMakeFiles/STM32C562_Project2.dir/user_modifiable/Device/STM32C562CET6/system_stm32c5xx.c.obj
                0x2000005c                SystemCoreClock
 .data.uwTickPrio
                0x20000060        0x4 CMakeFiles/STM32C562_Project2.dir/stm32c5xx_drivers/hal/stm32c5xx_hal.c.obj
                0x20000060                uwTickPrio
 .data.uwTickFreq
                0x20000064        0x1 CMakeFiles/STM32C562_Project2.dir/stm32c5xx_drivers/hal/stm32c5xx_hal.c.obj
                0x20000064                uwTickFreq
                0x20000068                        . = ALIGN (0x8)
 *fill*         0x20000065        0x3 
                0x20000068                        _edata = .

.igot.plt       0x20000068        0x0 load address 0x080029f8
 .igot.plt      0x20000068        0x0 C:/ST/STM32CubeIDE_2.1.1/STM32CubeIDE/plugins/com.st.stm32cube.ide.mcu.externaltools.gnu-tools-for-stm32.14.3.rel1.win32_1.0.100.202602081740/tools/bin/../lib/gcc/arm-none-eabi/14.3.1/thumb/v8-m.main+fp/hard/crtbegin.o

.bss            0x20000068      0x178 load address 0x080029f8
                0x20000068                        . = ALIGN (0x8)
                0x20000068                        _sbss = .
                0x20000068                        __bss_start__ = _sbss
 *(.bss)
 .bss           0x20000068       0x1c C:/ST/STM32CubeIDE_2.1.1/STM32CubeIDE/plugins/com.st.stm32cube.ide.mcu.externaltools.gnu-tools-for-stm32.14.3.rel1.win32_1.0.100.202602081740/tools/bin/../lib/gcc/arm-none-eabi/14.3.1/thumb/v8-m.main+fp/hard/crtbegin.o
 *(.bss*)
 .bss.__sf      0x20000084      0x138 C:/ST/STM32CubeIDE_2.1.1/STM32CubeIDE/plugins/com.st.stm32cube.ide.mcu.externaltools.gnu-tools-for-stm32.14.3.rel1.win32_1.0.100.202602081740/tools/bin/../lib/gcc/arm-none-eabi/14.3.1/../../../../arm-none-eabi/lib/thumb/v8-m.main+fp/hard\libc_nano.a(libc_a-findfp.o)
                0x20000084                __sf
 .bss.__stdio_exit_handler
                0x200001bc        0x4 C:/ST/STM32CubeIDE_2.1.1/STM32CubeIDE/plugins/com.st.stm32cube.ide.mcu.externaltools.gnu-tools-for-stm32.14.3.rel1.win32_1.0.100.202602081740/tools/bin/../lib/gcc/arm-none-eabi/14.3.1/../../../../arm-none-eabi/lib/thumb/v8-m.main+fp/hard\libc_nano.a(libc_a-findfp.o)
                0x200001bc                __stdio_exit_handler
 .bss.errno     0x200001c0        0x4 C:/ST/STM32CubeIDE_2.1.1/STM32CubeIDE/plugins/com.st.stm32cube.ide.mcu.externaltools.gnu-tools-for-stm32.14.3.rel1.win32_1.0.100.202602081740/tools/bin/../lib/gcc/arm-none-eabi/14.3.1/../../../../arm-none-eabi/lib/thumb/v8-m.main+fp/hard\libc_nano.a(libc_a-reent.o)
                0x200001c0                errno
 .bss.__lock___malloc_recursive_mutex
                0x200001c4        0x1 C:/ST/STM32CubeIDE_2.1.1/STM32CubeIDE/plugins/com.st.stm32cube.ide.mcu.externaltools.gnu-tools-for-stm32.14.3.rel1.win32_1.0.100.202602081740/tools/bin/../lib/gcc/arm-none-eabi/14.3.1/../../../../arm-none-eabi/lib/thumb/v8-m.main+fp/hard\libc_nano.a(libc_a-lock.o)
                0x200001c4                __lock___malloc_recursive_mutex
 .bss.__lock___sfp_recursive_mutex
                0x200001c5        0x1 C:/ST/STM32CubeIDE_2.1.1/STM32CubeIDE/plugins/com.st.stm32cube.ide.mcu.externaltools.gnu-tools-for-stm32.14.3.rel1.win32_1.0.100.202602081740/tools/bin/../lib/gcc/arm-none-eabi/14.3.1/../../../../arm-none-eabi/lib/thumb/v8-m.main+fp/hard\libc_nano.a(libc_a-lock.o)
                0x200001c5                __lock___sfp_recursive_mutex
 *fill*         0x200001c6        0x2 
 .bss.__malloc_sbrk_start
                0x200001c8        0x4 C:/ST/STM32CubeIDE_2.1.1/STM32CubeIDE/plugins/com.st.stm32cube.ide.mcu.externaltools.gnu-tools-for-stm32.14.3.rel1.win32_1.0.100.202602081740/tools/bin/../lib/gcc/arm-none-eabi/14.3.1/../../../../arm-none-eabi/lib/thumb/v8-m.main+fp/hard\libc_nano.a(libc_a-mallocr.o)
                0x200001c8                __malloc_sbrk_start
 .bss.__malloc_free_list
                0x200001cc        0x4 C:/ST/STM32CubeIDE_2.1.1/STM32CubeIDE/plugins/com.st.stm32cube.ide.mcu.externaltools.gnu-tools-for-stm32.14.3.rel1.win32_1.0.100.202602081740/tools/bin/../lib/gcc/arm-none-eabi/14.3.1/../../../../arm-none-eabi/lib/thumb/v8-m.main+fp/hard\libc_nano.a(libc_a-mallocr.o)
                0x200001cc                __malloc_free_list
 .bss.hICACHE   0x200001d0        0x8 CMakeFiles/STM32C562_Project2.dir/generated/hal/mx_icache.c.obj
 .bss.uwTick    0x200001d8        0x4 CMakeFiles/STM32C562_Project2.dir/stm32c5xx_drivers/hal/stm32c5xx_hal.c.obj
                0x200001d8                uwTick
 .bss.__sbrk_heap_end
                0x200001dc        0x4 CMakeFiles/STM32C562_Project2.dir/utilities/syscalls/sysmem.c.obj
 *(COMMON)
                0x200001e0                        . = ALIGN (0x8)
                0x200001e0                        _ebss = .
                0x200001e0                        __bss_end__ = _ebss

.heap           0x200001e0      0x200 load address 0x080029f8
                0x200001e0                        . = ALIGN (0x8)
                0x200001e0                        __end__ = .
                [!provide]                        PROVIDE (end = .)
                0x200001e0                        _heap_start = .
                0x200003e0                        . = (. + HEAP_SIZE)
 *fill*         0x200001e0      0x200 
                0x200003e0                        . = ALIGN (0x8)
                0x200003e0                        _heap_end = .
                0x200003e0                        __HeapLimit = .

.stack          0x200003e0      0x400 load address 0x080029f8
                0x200003e0                        . = ALIGN (0x8)
                0x200003e0                        __StackLimit = .
                0x200007e0                        . = (. + STACK_SIZE)
 *fill*         0x200003e0      0x400 
                0x200007e0                        . = ALIGN (0x8)
                0x200007e0                        __StackTop = .
                0x200007e0                        _estack = .
                0x200007e0                        __stack = .

/DISCARD/
 libc.a(*)
 libm.a(*)
 libgcc.a(*)

.ARM.attributes
                0x00000000       0x36
 *(.ARM.attributes)
 .ARM.attributes
                0x00000000       0x26 C:/ST/STM32CubeIDE_2.1.1/STM32CubeIDE/plugins/com.st.stm32cube.ide.mcu.externaltools.gnu-tools-for-stm32.14.3.rel1.win32_1.0.100.202602081740/tools/bin/../lib/gcc/arm-none-eabi/14.3.1/thumb/v8-m.main+fp/hard/crti.o
 .ARM.attributes
                0x00000026       0x38 C:/ST/STM32CubeIDE_2.1.1/STM32CubeIDE/plugins/com.st.stm32cube.ide.mcu.externaltools.gnu-tools-for-stm32.14.3.rel1.win32_1.0.100.202602081740/tools/bin/../lib/gcc/arm-none-eabi/14.3.1/thumb/v8-m.main+fp/hard/crtbegin.o
 .ARM.attributes
                0x0000005e       0x24 C:/ST/STM32CubeIDE_2.1.1/STM32CubeIDE/plugins/com.st.stm32cube.ide.mcu.externaltools.gnu-tools-for-stm32.14.3.rel1.win32_1.0.100.202602081740/tools/bin/../lib/gcc/arm-none-eabi/14.3.1/../../../../arm-none-eabi/lib/thumb/v8-m.main+fp/hard/crt0.o
 .ARM.attributes
                0x00000082       0x38 C:/ST/STM32CubeIDE_2.1.1/STM32CubeIDE/plugins/com.st.stm32cube.ide.mcu.externaltools.gnu-tools-for-stm32.14.3.rel1.win32_1.0.100.202602081740/tools/bin/../lib/gcc/arm-none-eabi/14.3.1/../../../../arm-none-eabi/lib/thumb/v8-m.main+fp/hard\libc_nano.a(libc_a-exit.o)
 .ARM.attributes
                0x000000ba       0x38 C:/ST/STM32CubeIDE_2.1.1/STM32CubeIDE/plugins/com.st.stm32cube.ide.mcu.externaltools.gnu-tools-for-stm32.14.3.rel1.win32_1.0.100.202602081740/tools/bin/../lib/gcc/arm-none-eabi/14.3.1/../../../../arm-none-eabi/lib/thumb/v8-m.main+fp/hard\libc_nano.a(libc_a-findfp.o)
 .ARM.attributes
                0x000000f2       0x38 C:/ST/STM32CubeIDE_2.1.1/STM32CubeIDE/plugins/com.st.stm32cube.ide.mcu.externaltools.gnu-tools-for-stm32.14.3.rel1.win32_1.0.100.202602081740/tools/bin/../lib/gcc/arm-none-eabi/14.3.1/../../../../arm-none-eabi/lib/thumb/v8-m.main+fp/hard\libc_nano.a(libc_a-fwalk.o)
 .ARM.attributes
                0x0000012a       0x38 C:/ST/STM32CubeIDE_2.1.1/STM32CubeIDE/plugins/com.st.stm32cube.ide.mcu.externaltools.gnu-tools-for-stm32.14.3.rel1.win32_1.0.100.202602081740/tools/bin/../lib/gcc/arm-none-eabi/14.3.1/../../../../arm-none-eabi/lib/thumb/v8-m.main+fp/hard\libc_nano.a(libc_a-stdio.o)
 .ARM.attributes
                0x00000162       0x38 C:/ST/STM32CubeIDE_2.1.1/STM32CubeIDE/plugins/com.st.stm32cube.ide.mcu.externaltools.gnu-tools-for-stm32.14.3.rel1.win32_1.0.100.202602081740/tools/bin/../lib/gcc/arm-none-eabi/14.3.1/../../../../arm-none-eabi/lib/thumb/v8-m.main+fp/hard\libc_nano.a(libc_a-memset.o)
 .ARM.attributes
                0x0000019a       0x38 C:/ST/STM32CubeIDE_2.1.1/STM32CubeIDE/plugins/com.st.stm32cube.ide.mcu.externaltools.gnu-tools-for-stm32.14.3.rel1.win32_1.0.100.202602081740/tools/bin/../lib/gcc/arm-none-eabi/14.3.1/../../../../arm-none-eabi/lib/thumb/v8-m.main+fp/hard\libc_nano.a(libc_a-closer.o)
 .ARM.attributes
                0x000001d2       0x38 C:/ST/STM32CubeIDE_2.1.1/STM32CubeIDE/plugins/com.st.stm32cube.ide.mcu.externaltools.gnu-tools-for-stm32.14.3.rel1.win32_1.0.100.202602081740/tools/bin/../lib/gcc/arm-none-eabi/14.3.1/../../../../arm-none-eabi/lib/thumb/v8-m.main+fp/hard\libc_nano.a(libc_a-reent.o)
 .ARM.attributes
                0x0000020a       0x38 C:/ST/STM32CubeIDE_2.1.1/STM32CubeIDE/plugins/com.st.stm32cube.ide.mcu.externaltools.gnu-tools-for-stm32.14.3.rel1.win32_1.0.100.202602081740/tools/bin/../lib/gcc/arm-none-eabi/14.3.1/../../../../arm-none-eabi/lib/thumb/v8-m.main+fp/hard\libc_nano.a(libc_a-impure.o)
 .ARM.attributes
                0x00000242       0x38 C:/ST/STM32CubeIDE_2.1.1/STM32CubeIDE/plugins/com.st.stm32cube.ide.mcu.externaltools.gnu-tools-for-stm32.14.3.rel1.win32_1.0.100.202602081740/tools/bin/../lib/gcc/arm-none-eabi/14.3.1/../../../../arm-none-eabi/lib/thumb/v8-m.main+fp/hard\libc_nano.a(libc_a-lseekr.o)
 .ARM.attributes
                0x0000027a       0x38 C:/ST/STM32CubeIDE_2.1.1/STM32CubeIDE/plugins/com.st.stm32cube.ide.mcu.externaltools.gnu-tools-for-stm32.14.3.rel1.win32_1.0.100.202602081740/tools/bin/../lib/gcc/arm-none-eabi/14.3.1/../../../../arm-none-eabi/lib/thumb/v8-m.main+fp/hard\libc_nano.a(libc_a-readr.o)
 .ARM.attributes
                0x000002b2       0x38 C:/ST/STM32CubeIDE_2.1.1/STM32CubeIDE/plugins/com.st.stm32cube.ide.mcu.externaltools.gnu-tools-for-stm32.14.3.rel1.win32_1.0.100.202602081740/tools/bin/../lib/gcc/arm-none-eabi/14.3.1/../../../../arm-none-eabi/lib/thumb/v8-m.main+fp/hard\libc_nano.a(libc_a-writer.o)
 .ARM.attributes
                0x000002ea       0x38 C:/ST/STM32CubeIDE_2.1.1/STM32CubeIDE/plugins/com.st.stm32cube.ide.mcu.externaltools.gnu-tools-for-stm32.14.3.rel1.win32_1.0.100.202602081740/tools/bin/../lib/gcc/arm-none-eabi/14.3.1/../../../../arm-none-eabi/lib/thumb/v8-m.main+fp/hard\libc_nano.a(libc_a-init.o)
 .ARM.attributes
                0x00000322       0x38 C:/ST/STM32CubeIDE_2.1.1/STM32CubeIDE/plugins/com.st.stm32cube.ide.mcu.externaltools.gnu-tools-for-stm32.14.3.rel1.win32_1.0.100.202602081740/tools/bin/../lib/gcc/arm-none-eabi/14.3.1/../../../../arm-none-eabi/lib/thumb/v8-m.main+fp/hard\libc_nano.a(libc_a-lock.o)
 .ARM.attributes
                0x0000035a       0x38 C:/ST/STM32CubeIDE_2.1.1/STM32CubeIDE/plugins/com.st.stm32cube.ide.mcu.externaltools.gnu-tools-for-stm32.14.3.rel1.win32_1.0.100.202602081740/tools/bin/../lib/gcc/arm-none-eabi/14.3.1/../../../../arm-none-eabi/lib/thumb/v8-m.main+fp/hard\libc_nano.a(libc_a-freer.o)
 .ARM.attributes
                0x00000392       0x38 C:/ST/STM32CubeIDE_2.1.1/STM32CubeIDE/plugins/com.st.stm32cube.ide.mcu.externaltools.gnu-tools-for-stm32.14.3.rel1.win32_1.0.100.202602081740/tools/bin/../lib/gcc/arm-none-eabi/14.3.1/../../../../arm-none-eabi/lib/thumb/v8-m.main+fp/hard\libc_nano.a(libc_a-mallocr.o)
 .ARM.attributes
                0x000003ca       0x38 C:/ST/STM32CubeIDE_2.1.1/STM32CubeIDE/plugins/com.st.stm32cube.ide.mcu.externaltools.gnu-tools-for-stm32.14.3.rel1.win32_1.0.100.202602081740/tools/bin/../lib/gcc/arm-none-eabi/14.3.1/../../../../arm-none-eabi/lib/thumb/v8-m.main+fp/hard\libc_nano.a(libc_a-mlock.o)
 .ARM.attributes
                0x00000402       0x38 C:/ST/STM32CubeIDE_2.1.1/STM32CubeIDE/plugins/com.st.stm32cube.ide.mcu.externaltools.gnu-tools-for-stm32.14.3.rel1.win32_1.0.100.202602081740/tools/bin/../lib/gcc/arm-none-eabi/14.3.1/../../../../arm-none-eabi/lib/thumb/v8-m.main+fp/hard\libc_nano.a(libc_a-fflush.o)
 .ARM.attributes
                0x0000043a       0x38 C:/ST/STM32CubeIDE_2.1.1/STM32CubeIDE/plugins/com.st.stm32cube.ide.mcu.externaltools.gnu-tools-for-stm32.14.3.rel1.win32_1.0.100.202602081740/tools/bin/../lib/gcc/arm-none-eabi/14.3.1/../../../../arm-none-eabi/lib/thumb/v8-m.main+fp/hard\libc_nano.a(libc_a-sbrkr.o)
 .ARM.attributes
                0x00000472       0x3a CMakeFiles/STM32C562_Project2.dir/main.c.obj
 .ARM.attributes
                0x000004ac       0x3a CMakeFiles/STM32C562_Project2.dir/generated/hal/mx_cortex_debug.c.obj
 .ARM.attributes
                0x000004e6       0x3a CMakeFiles/STM32C562_Project2.dir/generated/hal/mx_cortex_mpu.c.obj
 .ARM.attributes
                0x00000520       0x3a CMakeFiles/STM32C562_Project2.dir/generated/hal/mx_cortex_nvic.c.obj
 .ARM.attributes
                0x0000055a       0x3a CMakeFiles/STM32C562_Project2.dir/generated/hal/mx_gpio_default.c.obj
 .ARM.attributes
                0x00000594       0x3a CMakeFiles/STM32C562_Project2.dir/generated/hal/mx_icache.c.obj
 .ARM.attributes
                0x000005ce       0x3a CMakeFiles/STM32C562_Project2.dir/generated/hal/mx_rcc.c.obj
 .ARM.attributes
                0x00000608       0x3a CMakeFiles/STM32C562_Project2.dir/generated/hal/mx_system.c.obj
 .ARM.attributes
                0x00000642       0x3a CMakeFiles/STM32C562_Project2.dir/user_modifiable/Device/STM32C562CET6/system_stm32c5xx.c.obj
 .ARM.attributes
                0x0000067c       0x3a CMakeFiles/STM32C562_Project2.dir/user_modifiable/Device/STM32C562CET6/startup_stm32c562xx.c.obj
 .ARM.attributes
                0x000006b6       0x3a CMakeFiles/STM32C562_Project2.dir/stm32c5xx_drivers/hal/stm32c5xx_hal.c.obj
 .ARM.attributes
                0x000006f0       0x3a CMakeFiles/STM32C562_Project2.dir/stm32c5xx_drivers/hal/stm32c5xx_hal_cortex.c.obj
 .ARM.attributes
                0x0000072a       0x3a CMakeFiles/STM32C562_Project2.dir/stm32c5xx_drivers/hal/stm32c5xx_hal_flash_itf.c.obj
 .ARM.attributes
                0x00000764       0x3a CMakeFiles/STM32C562_Project2.dir/stm32c5xx_drivers/hal/stm32c5xx_hal_gpio.c.obj
 .ARM.attributes
                0x0000079e       0x3a CMakeFiles/STM32C562_Project2.dir/stm32c5xx_drivers/hal/stm32c5xx_hal_icache.c.obj
 .ARM.attributes
                0x000007d8       0x3a CMakeFiles/STM32C562_Project2.dir/stm32c5xx_drivers/hal/stm32c5xx_hal_rcc.c.obj
 .ARM.attributes
                0x00000812       0x3a CMakeFiles/STM32C562_Project2.dir/utilities/syscalls/syscalls.c.obj
 .ARM.attributes
                0x0000084c       0x3a CMakeFiles/STM32C562_Project2.dir/utilities/syscalls/sysmem.c.obj
 .ARM.attributes
                0x00000886       0x38 C:/ST/STM32CubeIDE_2.1.1/STM32CubeIDE/plugins/com.st.stm32cube.ide.mcu.externaltools.gnu-tools-for-stm32.14.3.rel1.win32_1.0.100.202602081740/tools/bin/../lib/gcc/arm-none-eabi/14.3.1/../../../../arm-none-eabi/lib/thumb/v8-m.main+fp/hard\libc_nano.a(libc_a-puts.o)
 .ARM.attributes
                0x000008be       0x38 C:/ST/STM32CubeIDE_2.1.1/STM32CubeIDE/plugins/com.st.stm32cube.ide.mcu.externaltools.gnu-tools-for-stm32.14.3.rel1.win32_1.0.100.202602081740/tools/bin/../lib/gcc/arm-none-eabi/14.3.1/../../../../arm-none-eabi/lib/thumb/v8-m.main+fp/hard\libc_nano.a(libc_a-wbuf.o)
 .ARM.attributes
                0x000008f6       0x38 C:/ST/STM32CubeIDE_2.1.1/STM32CubeIDE/plugins/com.st.stm32cube.ide.mcu.externaltools.gnu-tools-for-stm32.14.3.rel1.win32_1.0.100.202602081740/tools/bin/../lib/gcc/arm-none-eabi/14.3.1/../../../../arm-none-eabi/lib/thumb/v8-m.main+fp/hard\libc_nano.a(libc_a-wsetup.o)
 .ARM.attributes
                0x0000092e       0x38 C:/ST/STM32CubeIDE_2.1.1/STM32CubeIDE/plugins/com.st.stm32cube.ide.mcu.externaltools.gnu-tools-for-stm32.14.3.rel1.win32_1.0.100.202602081740/tools/bin/../lib/gcc/arm-none-eabi/14.3.1/../../../../arm-none-eabi/lib/thumb/v8-m.main+fp/hard\libc_nano.a(libc_a-errno.o)
 .ARM.attributes
                0x00000966       0x38 C:/ST/STM32CubeIDE_2.1.1/STM32CubeIDE/plugins/com.st.stm32cube.ide.mcu.externaltools.gnu-tools-for-stm32.14.3.rel1.win32_1.0.100.202602081740/tools/bin/../lib/gcc/arm-none-eabi/14.3.1/../../../../arm-none-eabi/lib/thumb/v8-m.main+fp/hard\libc_nano.a(libc_a-makebuf.o)
 .ARM.attributes
                0x0000099e       0x38 C:/ST/STM32CubeIDE_2.1.1/STM32CubeIDE/plugins/com.st.stm32cube.ide.mcu.externaltools.gnu-tools-for-stm32.14.3.rel1.win32_1.0.100.202602081740/tools/bin/../lib/gcc/arm-none-eabi/14.3.1/../../../../arm-none-eabi/lib/thumb/v8-m.main+fp/hard\libc_nano.a(libc_a-fstatr.o)
 .ARM.attributes
                0x000009d6       0x38 C:/ST/STM32CubeIDE_2.1.1/STM32CubeIDE/plugins/com.st.stm32cube.ide.mcu.externaltools.gnu-tools-for-stm32.14.3.rel1.win32_1.0.100.202602081740/tools/bin/../lib/gcc/arm-none-eabi/14.3.1/../../../../arm-none-eabi/lib/thumb/v8-m.main+fp/hard\libc_nano.a(libc_a-isattyr.o)
 .ARM.attributes
                0x00000a0e       0x26 C:/ST/STM32CubeIDE_2.1.1/STM32CubeIDE/plugins/com.st.stm32cube.ide.mcu.externaltools.gnu-tools-for-stm32.14.3.rel1.win32_1.0.100.202602081740/tools/bin/../lib/gcc/arm-none-eabi/14.3.1/thumb/v8-m.main+fp/hard/crtn.o
OUTPUT(STM32C562_Project2.elf elf32-littlearm)
LOAD linker stubs
LOAD C:/ST/STM32CubeIDE_2.1.1/STM32CubeIDE/plugins/com.st.stm32cube.ide.mcu.externaltools.gnu-tools-for-stm32.14.3.rel1.win32_1.0.100.202602081740/tools/bin/../lib/gcc/arm-none-eabi/14.3.1/../../../../arm-none-eabi/lib/thumb/v8-m.main+fp/hard\libc.a
LOAD C:/ST/STM32CubeIDE_2.1.1/STM32CubeIDE/plugins/com.st.stm32cube.ide.mcu.externaltools.gnu-tools-for-stm32.14.3.rel1.win32_1.0.100.202602081740/tools/bin/../lib/gcc/arm-none-eabi/14.3.1/../../../../arm-none-eabi/lib/thumb/v8-m.main+fp/hard\libm.a
LOAD C:/ST/STM32CubeIDE_2.1.1/STM32CubeIDE/plugins/com.st.stm32cube.ide.mcu.externaltools.gnu-tools-for-stm32.14.3.rel1.win32_1.0.100.202602081740/tools/bin/../lib/gcc/arm-none-eabi/14.3.1/thumb/v8-m.main+fp/hard\libgcc.a

.debug_frame    0x00000000     0x5dfc
 .debug_frame   0x00000000       0x28 C:/ST/STM32CubeIDE_2.1.1/STM32CubeIDE/plugins/com.st.stm32cube.ide.mcu.externaltools.gnu-tools-for-stm32.14.3.rel1.win32_1.0.100.202602081740/tools/bin/../lib/gcc/arm-none-eabi/14.3.1/../../../../arm-none-eabi/lib/thumb/v8-m.main+fp/hard\libc_nano.a(libc_a-exit.o)
 .debug_frame   0x00000028      0x144 C:/ST/STM32CubeIDE_2.1.1/STM32CubeIDE/plugins/com.st.stm32cube.ide.mcu.externaltools.gnu-tools-for-stm32.14.3.rel1.win32_1.0.100.202602081740/tools/bin/../lib/gcc/arm-none-eabi/14.3.1/../../../../arm-none-eabi/lib/thumb/v8-m.main+fp/hard\libc_nano.a(libc_a-findfp.o)
 .debug_frame   0x0000016c       0x34 C:/ST/STM32CubeIDE_2.1.1/STM32CubeIDE/plugins/com.st.stm32cube.ide.mcu.externaltools.gnu-tools-for-stm32.14.3.rel1.win32_1.0.100.202602081740/tools/bin/../lib/gcc/arm-none-eabi/14.3.1/../../../../arm-none-eabi/lib/thumb/v8-m.main+fp/hard\libc_nano.a(libc_a-fwalk.o)
 .debug_frame   0x000001a0       0x88 C:/ST/STM32CubeIDE_2.1.1/STM32CubeIDE/plugins/com.st.stm32cube.ide.mcu.externaltools.gnu-tools-for-stm32.14.3.rel1.win32_1.0.100.202602081740/tools/bin/../lib/gcc/arm-none-eabi/14.3.1/../../../../arm-none-eabi/lib/thumb/v8-m.main+fp/hard\libc_nano.a(libc_a-stdio.o)
 .debug_frame   0x00000228       0x20 C:/ST/STM32CubeIDE_2.1.1/STM32CubeIDE/plugins/com.st.stm32cube.ide.mcu.externaltools.gnu-tools-for-stm32.14.3.rel1.win32_1.0.100.202602081740/tools/bin/../lib/gcc/arm-none-eabi/14.3.1/../../../../arm-none-eabi/lib/thumb/v8-m.main+fp/hard\libc_nano.a(libc_a-memset.o)
 .debug_frame   0x00000248       0x2c C:/ST/STM32CubeIDE_2.1.1/STM32CubeIDE/plugins/com.st.stm32cube.ide.mcu.externaltools.gnu-tools-for-stm32.14.3.rel1.win32_1.0.100.202602081740/tools/bin/../lib/gcc/arm-none-eabi/14.3.1/../../../../arm-none-eabi/lib/thumb/v8-m.main+fp/hard\libc_nano.a(libc_a-closer.o)
 .debug_frame   0x00000274       0x38 C:/ST/STM32CubeIDE_2.1.1/STM32CubeIDE/plugins/com.st.stm32cube.ide.mcu.externaltools.gnu-tools-for-stm32.14.3.rel1.win32_1.0.100.202602081740/tools/bin/../lib/gcc/arm-none-eabi/14.3.1/../../../../arm-none-eabi/lib/thumb/v8-m.main+fp/hard\libc_nano.a(libc_a-reent.o)
 .debug_frame   0x000002ac       0x2c C:/ST/STM32CubeIDE_2.1.1/STM32CubeIDE/plugins/com.st.stm32cube.ide.mcu.externaltools.gnu-tools-for-stm32.14.3.rel1.win32_1.0.100.202602081740/tools/bin/../lib/gcc/arm-none-eabi/14.3.1/../../../../arm-none-eabi/lib/thumb/v8-m.main+fp/hard\libc_nano.a(libc_a-lseekr.o)
 .debug_frame   0x000002d8       0x2c C:/ST/STM32CubeIDE_2.1.1/STM32CubeIDE/plugins/com.st.stm32cube.ide.mcu.externaltools.gnu-tools-for-stm32.14.3.rel1.win32_1.0.100.202602081740/tools/bin/../lib/gcc/arm-none-eabi/14.3.1/../../../../arm-none-eabi/lib/thumb/v8-m.main+fp/hard\libc_nano.a(libc_a-readr.o)
 .debug_frame   0x00000304       0x2c C:/ST/STM32CubeIDE_2.1.1/STM32CubeIDE/plugins/com.st.stm32cube.ide.mcu.externaltools.gnu-tools-for-stm32.14.3.rel1.win32_1.0.100.202602081740/tools/bin/../lib/gcc/arm-none-eabi/14.3.1/../../../../arm-none-eabi/lib/thumb/v8-m.main+fp/hard\libc_nano.a(libc_a-writer.o)
 .debug_frame   0x00000330       0x2c C:/ST/STM32CubeIDE_2.1.1/STM32CubeIDE/plugins/com.st.stm32cube.ide.mcu.externaltools.gnu-tools-for-stm32.14.3.rel1.win32_1.0.100.202602081740/tools/bin/../lib/gcc/arm-none-eabi/14.3.1/../../../../arm-none-eabi/lib/thumb/v8-m.main+fp/hard\libc_nano.a(libc_a-init.o)
 .debug_frame   0x0000035c       0xb0 C:/ST/STM32CubeIDE_2.1.1/STM32CubeIDE/plugins/com.st.stm32cube.ide.mcu.externaltools.gnu-tools-for-stm32.14.3.rel1.win32_1.0.100.202602081740/tools/bin/../lib/gcc/arm-none-eabi/14.3.1/../../../../arm-none-eabi/lib/thumb/v8-m.main+fp/hard\libc_nano.a(libc_a-lock.o)
 .debug_frame   0x0000040c       0x38 C:/ST/STM32CubeIDE_2.1.1/STM32CubeIDE/plugins/com.st.stm32cube.ide.mcu.externaltools.gnu-tools-for-stm32.14.3.rel1.win32_1.0.100.202602081740/tools/bin/../lib/gcc/arm-none-eabi/14.3.1/../../../../arm-none-eabi/lib/thumb/v8-m.main+fp/hard\libc_nano.a(libc_a-freer.o)
 .debug_frame   0x00000444       0x50 C:/ST/STM32CubeIDE_2.1.1/STM32CubeIDE/plugins/com.st.stm32cube.ide.mcu.externaltools.gnu-tools-for-stm32.14.3.rel1.win32_1.0.100.202602081740/tools/bin/../lib/gcc/arm-none-eabi/14.3.1/../../../../arm-none-eabi/lib/thumb/v8-m.main+fp/hard\libc_nano.a(libc_a-mallocr.o)
 .debug_frame   0x00000494       0x30 C:/ST/STM32CubeIDE_2.1.1/STM32CubeIDE/plugins/com.st.stm32cube.ide.mcu.externaltools.gnu-tools-for-stm32.14.3.rel1.win32_1.0.100.202602081740/tools/bin/../lib/gcc/arm-none-eabi/14.3.1/../../../../arm-none-eabi/lib/thumb/v8-m.main+fp/hard\libc_nano.a(libc_a-mlock.o)
 .debug_frame   0x000004c4       0x5c C:/ST/STM32CubeIDE_2.1.1/STM32CubeIDE/plugins/com.st.stm32cube.ide.mcu.externaltools.gnu-tools-for-stm32.14.3.rel1.win32_1.0.100.202602081740/tools/bin/../lib/gcc/arm-none-eabi/14.3.1/../../../../arm-none-eabi/lib/thumb/v8-m.main+fp/hard\libc_nano.a(libc_a-fflush.o)
 .debug_frame   0x00000520       0x2c C:/ST/STM32CubeIDE_2.1.1/STM32CubeIDE/plugins/com.st.stm32cube.ide.mcu.externaltools.gnu-tools-for-stm32.14.3.rel1.win32_1.0.100.202602081740/tools/bin/../lib/gcc/arm-none-eabi/14.3.1/../../../../arm-none-eabi/lib/thumb/v8-m.main+fp/hard\libc_nano.a(libc_a-sbrkr.o)
 .debug_frame   0x0000054c      0x188 CMakeFiles/STM32C562_Project2.dir/main.c.obj
 .debug_frame   0x000006d4       0x90 CMakeFiles/STM32C562_Project2.dir/generated/hal/mx_cortex_debug.c.obj
 .debug_frame   0x00000764       0x58 CMakeFiles/STM32C562_Project2.dir/generated/hal/mx_cortex_mpu.c.obj
 .debug_frame   0x000007bc       0x2c CMakeFiles/STM32C562_Project2.dir/generated/hal/mx_cortex_nvic.c.obj
 .debug_frame   0x000007e8       0xac CMakeFiles/STM32C562_Project2.dir/generated/hal/mx_gpio_default.c.obj
 .debug_frame   0x00000894       0x64 CMakeFiles/STM32C562_Project2.dir/generated/hal/mx_icache.c.obj
 .debug_frame   0x000008f8       0x6c CMakeFiles/STM32C562_Project2.dir/generated/hal/mx_rcc.c.obj
 .debug_frame   0x00000964       0x80 CMakeFiles/STM32C562_Project2.dir/generated/hal/mx_system.c.obj
 .debug_frame   0x000009e4       0x90 CMakeFiles/STM32C562_Project2.dir/user_modifiable/Device/STM32C562CET6/system_stm32c5xx.c.obj
 .debug_frame   0x00000a74       0x7c CMakeFiles/STM32C562_Project2.dir/user_modifiable/Device/STM32C562CET6/startup_stm32c562xx.c.obj
 .debug_frame   0x00000af0      0x424 CMakeFiles/STM32C562_Project2.dir/stm32c5xx_drivers/hal/stm32c5xx_hal.c.obj
 .debug_frame   0x00000f14      0x850 CMakeFiles/STM32C562_Project2.dir/stm32c5xx_drivers/hal/stm32c5xx_hal_cortex.c.obj
 .debug_frame   0x00001764     0x15b8 CMakeFiles/STM32C562_Project2.dir/stm32c5xx_drivers/hal/stm32c5xx_hal_flash_itf.c.obj
 .debug_frame   0x00002d1c      0x2e0 CMakeFiles/STM32C562_Project2.dir/stm32c5xx_drivers/hal/stm32c5xx_hal_gpio.c.obj
 .debug_frame   0x00002ffc      0x6d4 CMakeFiles/STM32C562_Project2.dir/stm32c5xx_drivers/hal/stm32c5xx_hal_icache.c.obj
 .debug_frame   0x000036d0     0x22f8 CMakeFiles/STM32C562_Project2.dir/stm32c5xx_drivers/hal/stm32c5xx_hal_rcc.c.obj
 .debug_frame   0x000059c8      0x288 CMakeFiles/STM32C562_Project2.dir/utilities/syscalls/syscalls.c.obj
 .debug_frame   0x00005c50       0x34 CMakeFiles/STM32C562_Project2.dir/utilities/syscalls/sysmem.c.obj
 .debug_frame   0x00005c84       0x3c C:/ST/STM32CubeIDE_2.1.1/STM32CubeIDE/plugins/com.st.stm32cube.ide.mcu.externaltools.gnu-tools-for-stm32.14.3.rel1.win32_1.0.100.202602081740/tools/bin/../lib/gcc/arm-none-eabi/14.3.1/../../../../arm-none-eabi/lib/thumb/v8-m.main+fp/hard\libc_nano.a(libc_a-puts.o)
 .debug_frame   0x00005cc0       0x40 C:/ST/STM32CubeIDE_2.1.1/STM32CubeIDE/plugins/com.st.stm32cube.ide.mcu.externaltools.gnu-tools-for-stm32.14.3.rel1.win32_1.0.100.202602081740/tools/bin/../lib/gcc/arm-none-eabi/14.3.1/../../../../arm-none-eabi/lib/thumb/v8-m.main+fp/hard\libc_nano.a(libc_a-wbuf.o)
 .debug_frame   0x00005d00       0x2c C:/ST/STM32CubeIDE_2.1.1/STM32CubeIDE/plugins/com.st.stm32cube.ide.mcu.externaltools.gnu-tools-for-stm32.14.3.rel1.win32_1.0.100.202602081740/tools/bin/../lib/gcc/arm-none-eabi/14.3.1/../../../../arm-none-eabi/lib/thumb/v8-m.main+fp/hard\libc_nano.a(libc_a-wsetup.o)
 .debug_frame   0x00005d2c       0x20 C:/ST/STM32CubeIDE_2.1.1/STM32CubeIDE/plugins/com.st.stm32cube.ide.mcu.externaltools.gnu-tools-for-stm32.14.3.rel1.win32_1.0.100.202602081740/tools/bin/../lib/gcc/arm-none-eabi/14.3.1/../../../../arm-none-eabi/lib/thumb/v8-m.main+fp/hard\libc_nano.a(libc_a-errno.o)
 .debug_frame   0x00005d4c       0x58 C:/ST/STM32CubeIDE_2.1.1/STM32CubeIDE/plugins/com.st.stm32cube.ide.mcu.externaltools.gnu-tools-for-stm32.14.3.rel1.win32_1.0.100.202602081740/tools/bin/../lib/gcc/arm-none-eabi/14.3.1/../../../../arm-none-eabi/lib/thumb/v8-m.main+fp/hard\libc_nano.a(libc_a-makebuf.o)
 .debug_frame   0x00005da4       0x2c C:/ST/STM32CubeIDE_2.1.1/STM32CubeIDE/plugins/com.st.stm32cube.ide.mcu.externaltools.gnu-tools-for-stm32.14.3.rel1.win32_1.0.100.202602081740/tools/bin/../lib/gcc/arm-none-eabi/14.3.1/../../../../arm-none-eabi/lib/thumb/v8-m.main+fp/hard\libc_nano.a(libc_a-fstatr.o)
 .debug_frame   0x00005dd0       0x2c C:/ST/STM32CubeIDE_2.1.1/STM32CubeIDE/plugins/com.st.stm32cube.ide.mcu.externaltools.gnu-tools-for-stm32.14.3.rel1.win32_1.0.100.202602081740/tools/bin/../lib/gcc/arm-none-eabi/14.3.1/../../../../arm-none-eabi/lib/thumb/v8-m.main+fp/hard\libc_nano.a(libc_a-isattyr.o)

.debug_info     0x00000000     0xedf4
 .debug_info    0x00000000      0xa48 CMakeFiles/STM32C562_Project2.dir/main.c.obj
 .debug_info    0x00000a48      0x743 CMakeFiles/STM32C562_Project2.dir/generated/hal/mx_cortex_debug.c.obj
 .debug_info    0x0000118b      0x441 CMakeFiles/STM32C562_Project2.dir/generated/hal/mx_cortex_mpu.c.obj
 .debug_info    0x000015cc      0x155 CMakeFiles/STM32C562_Project2.dir/generated/hal/mx_cortex_nvic.c.obj
 .debug_info    0x00001721      0x756 CMakeFiles/STM32C562_Project2.dir/generated/hal/mx_gpio_default.c.obj
 .debug_info    0x00001e77      0x200 CMakeFiles/STM32C562_Project2.dir/generated/hal/mx_icache.c.obj
 .debug_info    0x00002077      0x550 CMakeFiles/STM32C562_Project2.dir/generated/hal/mx_rcc.c.obj
 .debug_info    0x000025c7      0x2d3 CMakeFiles/STM32C562_Project2.dir/generated/hal/mx_system.c.obj
 .debug_info    0x0000289a      0x79e CMakeFiles/STM32C562_Project2.dir/user_modifiable/Device/STM32C562CET6/system_stm32c5xx.c.obj
 .debug_info    0x00003038      0x375 CMakeFiles/STM32C562_Project2.dir/user_modifiable/Device/STM32C562CET6/startup_stm32c562xx.c.obj
 .debug_info    0x000033ad     0x102f CMakeFiles/STM32C562_Project2.dir/stm32c5xx_drivers/hal/stm32c5xx_hal.c.obj
 .debug_info    0x000043dc     0x1964 CMakeFiles/STM32C562_Project2.dir/stm32c5xx_drivers/hal/stm32c5xx_hal_cortex.c.obj
 .debug_info    0x00005d40     0x2912 CMakeFiles/STM32C562_Project2.dir/stm32c5xx_drivers/hal/stm32c5xx_hal_flash_itf.c.obj
 .debug_info    0x00008652     0x1063 CMakeFiles/STM32C562_Project2.dir/stm32c5xx_drivers/hal/stm32c5xx_hal_gpio.c.obj
 .debug_info    0x000096b5      0xe71 CMakeFiles/STM32C562_Project2.dir/stm32c5xx_drivers/hal/stm32c5xx_hal_icache.c.obj
 .debug_info    0x0000a526     0x40b8 CMakeFiles/STM32C562_Project2.dir/stm32c5xx_drivers/hal/stm32c5xx_hal_rcc.c.obj
 .debug_info    0x0000e5de      0x6ae CMakeFiles/STM32C562_Project2.dir/utilities/syscalls/syscalls.c.obj
 .debug_info    0x0000ec8c      0x168 CMakeFiles/STM32C562_Project2.dir/utilities/syscalls/sysmem.c.obj

.debug_abbrev   0x00000000     0x2498
 .debug_abbrev  0x00000000      0x21e CMakeFiles/STM32C562_Project2.dir/main.c.obj
 .debug_abbrev  0x0000021e      0x268 CMakeFiles/STM32C562_Project2.dir/generated/hal/mx_cortex_debug.c.obj
 .debug_abbrev  0x00000486      0x124 CMakeFiles/STM32C562_Project2.dir/generated/hal/mx_cortex_mpu.c.obj
 .debug_abbrev  0x000005aa       0x9a CMakeFiles/STM32C562_Project2.dir/generated/hal/mx_cortex_nvic.c.obj
 .debug_abbrev  0x00000644      0x26c CMakeFiles/STM32C562_Project2.dir/generated/hal/mx_gpio_default.c.obj
 .debug_abbrev  0x000008b0      0x129 CMakeFiles/STM32C562_Project2.dir/generated/hal/mx_icache.c.obj
 .debug_abbrev  0x000009d9      0x164 CMakeFiles/STM32C562_Project2.dir/generated/hal/mx_rcc.c.obj
 .debug_abbrev  0x00000b3d      0x140 CMakeFiles/STM32C562_Project2.dir/generated/hal/mx_system.c.obj
 .debug_abbrev  0x00000c7d      0x187 CMakeFiles/STM32C562_Project2.dir/user_modifiable/Device/STM32C562CET6/system_stm32c5xx.c.obj
 .debug_abbrev  0x00000e04      0x21e CMakeFiles/STM32C562_Project2.dir/user_modifiable/Device/STM32C562CET6/startup_stm32c562xx.c.obj
 .debug_abbrev  0x00001022      0x320 CMakeFiles/STM32C562_Project2.dir/stm32c5xx_drivers/hal/stm32c5xx_hal.c.obj
 .debug_abbrev  0x00001342      0x3f2 CMakeFiles/STM32C562_Project2.dir/stm32c5xx_drivers/hal/stm32c5xx_hal_cortex.c.obj
 .debug_abbrev  0x00001734      0x227 CMakeFiles/STM32C562_Project2.dir/stm32c5xx_drivers/hal/stm32c5xx_hal_flash_itf.c.obj
 .debug_abbrev  0x0000195b      0x2c5 CMakeFiles/STM32C562_Project2.dir/stm32c5xx_drivers/hal/stm32c5xx_hal_gpio.c.obj
 .debug_abbrev  0x00001c20      0x22a CMakeFiles/STM32C562_Project2.dir/stm32c5xx_drivers/hal/stm32c5xx_hal_icache.c.obj
 .debug_abbrev  0x00001e4a      0x37a CMakeFiles/STM32C562_Project2.dir/stm32c5xx_drivers/hal/stm32c5xx_hal_rcc.c.obj
 .debug_abbrev  0x000021c4      0x218 CMakeFiles/STM32C562_Project2.dir/utilities/syscalls/syscalls.c.obj
 .debug_abbrev  0x000023dc       0xbc CMakeFiles/STM32C562_Project2.dir/utilities/syscalls/sysmem.c.obj

.debug_aranges  0x00000000     0x1618
 .debug_aranges
                0x00000000       0x70 CMakeFiles/STM32C562_Project2.dir/main.c.obj
 .debug_aranges
                0x00000070       0x38 CMakeFiles/STM32C562_Project2.dir/generated/hal/mx_cortex_debug.c.obj
 .debug_aranges
                0x000000a8       0x28 CMakeFiles/STM32C562_Project2.dir/generated/hal/mx_cortex_mpu.c.obj
 .debug_aranges
                0x000000d0       0x20 CMakeFiles/STM32C562_Project2.dir/generated/hal/mx_cortex_nvic.c.obj
 .debug_aranges
                0x000000f0       0x40 CMakeFiles/STM32C562_Project2.dir/generated/hal/mx_gpio_default.c.obj
 .debug_aranges
                0x00000130       0x30 CMakeFiles/STM32C562_Project2.dir/generated/hal/mx_icache.c.obj
 .debug_aranges
                0x00000160       0x30 CMakeFiles/STM32C562_Project2.dir/generated/hal/mx_rcc.c.obj
 .debug_aranges
                0x00000190       0x38 CMakeFiles/STM32C562_Project2.dir/generated/hal/mx_system.c.obj
 .debug_aranges
                0x000001c8       0x38 CMakeFiles/STM32C562_Project2.dir/user_modifiable/Device/STM32C562CET6/system_stm32c5xx.c.obj
 .debug_aranges
                0x00000200       0x38 CMakeFiles/STM32C562_Project2.dir/user_modifiable/Device/STM32C562CET6/startup_stm32c562xx.c.obj
 .debug_aranges
                0x00000238      0x118 CMakeFiles/STM32C562_Project2.dir/stm32c5xx_drivers/hal/stm32c5xx_hal.c.obj
 .debug_aranges
                0x00000350      0x208 CMakeFiles/STM32C562_Project2.dir/stm32c5xx_drivers/hal/stm32c5xx_hal_cortex.c.obj
 .debug_aranges
                0x00000558      0x4e8 CMakeFiles/STM32C562_Project2.dir/stm32c5xx_drivers/hal/stm32c5xx_hal_flash_itf.c.obj
 .debug_aranges
                0x00000a40       0xb8 CMakeFiles/STM32C562_Project2.dir/stm32c5xx_drivers/hal/stm32c5xx_hal_gpio.c.obj
 .debug_aranges
                0x00000af8      0x198 CMakeFiles/STM32C562_Project2.dir/stm32c5xx_drivers/hal/stm32c5xx_hal_icache.c.obj
 .debug_aranges
                0x00000c90      0x8c0 CMakeFiles/STM32C562_Project2.dir/stm32c5xx_drivers/hal/stm32c5xx_hal_rcc.c.obj
 .debug_aranges
                0x00001550       0xa8 CMakeFiles/STM32C562_Project2.dir/utilities/syscalls/syscalls.c.obj
 .debug_aranges
                0x000015f8       0x20 CMakeFiles/STM32C562_Project2.dir/utilities/syscalls/sysmem.c.obj

.debug_rnglists
                0x00000000     0x106a
 .debug_rnglists
                0x00000000       0x51 CMakeFiles/STM32C562_Project2.dir/main.c.obj
 .debug_rnglists
                0x00000051       0x25 CMakeFiles/STM32C562_Project2.dir/generated/hal/mx_cortex_debug.c.obj
 .debug_rnglists
                0x00000076       0x1a CMakeFiles/STM32C562_Project2.dir/generated/hal/mx_cortex_mpu.c.obj
 .debug_rnglists
                0x00000090       0x13 CMakeFiles/STM32C562_Project2.dir/generated/hal/mx_cortex_nvic.c.obj
 .debug_rnglists
                0x000000a3       0x2c CMakeFiles/STM32C562_Project2.dir/generated/hal/mx_gpio_default.c.obj
 .debug_rnglists
                0x000000cf       0x1f CMakeFiles/STM32C562_Project2.dir/generated/hal/mx_icache.c.obj
 .debug_rnglists
                0x000000ee       0x20 CMakeFiles/STM32C562_Project2.dir/generated/hal/mx_rcc.c.obj
 .debug_rnglists
                0x0000010e       0x26 CMakeFiles/STM32C562_Project2.dir/generated/hal/mx_system.c.obj
 .debug_rnglists
                0x00000134       0x26 CMakeFiles/STM32C562_Project2.dir/user_modifiable/Device/STM32C562CET6/system_stm32c5xx.c.obj
 .debug_rnglists
                0x0000015a       0x26 CMakeFiles/STM32C562_Project2.dir/user_modifiable/Device/STM32C562CET6/startup_stm32c562xx.c.obj
 .debug_rnglists
                0x00000180       0xcd CMakeFiles/STM32C562_Project2.dir/stm32c5xx_drivers/hal/stm32c5xx_hal.c.obj
 .debug_rnglists
                0x0000024d      0x181 CMakeFiles/STM32C562_Project2.dir/stm32c5xx_drivers/hal/stm32c5xx_hal_cortex.c.obj
 .debug_rnglists
                0x000003ce      0x3aa CMakeFiles/STM32C562_Project2.dir/stm32c5xx_drivers/hal/stm32c5xx_hal_flash_itf.c.obj
 .debug_rnglists
                0x00000778       0x8c CMakeFiles/STM32C562_Project2.dir/stm32c5xx_drivers/hal/stm32c5xx_hal_gpio.c.obj
 .debug_rnglists
                0x00000804      0x12d CMakeFiles/STM32C562_Project2.dir/stm32c5xx_drivers/hal/stm32c5xx_hal_icache.c.obj
 .debug_rnglists
                0x00000931      0x6ad CMakeFiles/STM32C562_Project2.dir/stm32c5xx_drivers/hal/stm32c5xx_hal_rcc.c.obj
 .debug_rnglists
                0x00000fde       0x79 CMakeFiles/STM32C562_Project2.dir/utilities/syscalls/syscalls.c.obj
 .debug_rnglists
                0x00001057       0x13 CMakeFiles/STM32C562_Project2.dir/utilities/syscalls/sysmem.c.obj

.debug_macro    0x00000000    0x1b6ee
 .debug_macro   0x00000000      0x331 CMakeFiles/STM32C562_Project2.dir/main.c.obj
 .debug_macro   0x00000331      0xb92 CMakeFiles/STM32C562_Project2.dir/main.c.obj
 .debug_macro   0x00000ec3       0x10 CMakeFiles/STM32C562_Project2.dir/main.c.obj
 .debug_macro   0x00000ed3       0x11 CMakeFiles/STM32C562_Project2.dir/main.c.obj
 .debug_macro   0x00000ee4      0x190 CMakeFiles/STM32C562_Project2.dir/main.c.obj
 .debug_macro   0x00001074      0x60c CMakeFiles/STM32C562_Project2.dir/main.c.obj
 .debug_macro   0x00001680       0x22 CMakeFiles/STM32C562_Project2.dir/main.c.obj
 .debug_macro   0x000016a2       0x28 CMakeFiles/STM32C562_Project2.dir/main.c.obj
 .debug_macro   0x000016ca       0x42 CMakeFiles/STM32C562_Project2.dir/main.c.obj
 .debug_macro   0x0000170c       0x22 CMakeFiles/STM32C562_Project2.dir/main.c.obj
 .debug_macro   0x0000172e       0x8e CMakeFiles/STM32C562_Project2.dir/main.c.obj
 .debug_macro   0x000017bc       0x51 CMakeFiles/STM32C562_Project2.dir/main.c.obj
 .debug_macro   0x0000180d      0x103 CMakeFiles/STM32C562_Project2.dir/main.c.obj
 .debug_macro   0x00001910       0x6a CMakeFiles/STM32C562_Project2.dir/main.c.obj
 .debug_macro   0x0000197a      0x1df CMakeFiles/STM32C562_Project2.dir/main.c.obj
 .debug_macro   0x00001b59       0x2e CMakeFiles/STM32C562_Project2.dir/main.c.obj
 .debug_macro   0x00001b87       0x18 CMakeFiles/STM32C562_Project2.dir/main.c.obj
 .debug_macro   0x00001b9f       0x58 CMakeFiles/STM32C562_Project2.dir/main.c.obj
 .debug_macro   0x00001bf7      0x26d CMakeFiles/STM32C562_Project2.dir/main.c.obj
 .debug_macro   0x00001e64       0x28 CMakeFiles/STM32C562_Project2.dir/main.c.obj
 .debug_macro   0x00001e8c     0x16f5 CMakeFiles/STM32C562_Project2.dir/main.c.obj
 .debug_macro   0x00003581      0x130 CMakeFiles/STM32C562_Project2.dir/main.c.obj
 .debug_macro   0x000036b1    0x11f89 CMakeFiles/STM32C562_Project2.dir/main.c.obj
 .debug_macro   0x0001563a       0x93 CMakeFiles/STM32C562_Project2.dir/main.c.obj
 .debug_macro   0x000156cd       0x61 CMakeFiles/STM32C562_Project2.dir/main.c.obj
 .debug_macro   0x0001572e       0x2a CMakeFiles/STM32C562_Project2.dir/main.c.obj
 .debug_macro   0x00015758       0x43 CMakeFiles/STM32C562_Project2.dir/main.c.obj
 .debug_macro   0x0001579b       0x34 CMakeFiles/STM32C562_Project2.dir/main.c.obj