Archive member included to satisfy reference by file (symbol)

C:/ST/STM32CubeIDE_2.1.1/STM32CubeIDE/plugins/com.st.stm32cube.ide.mcu.externaltools.gnu-tools-for-stm32.14.3.rel1.win32_1.0.100.202602081740/tools/bin/../lib/gcc/arm-none-eabi/14.3.1/../../../../arm-none-eabi/lib/thumb/v8-m.main+fp/hard\libc_nano.a(libc_a-exit.o)
                              C:/ST/STM32CubeIDE_2.1.1/STM32CubeIDE/plugins/com.st.stm32cube.ide.mcu.externaltools.gnu-tools-for-stm32.14.3.rel1.win32_1.0.100.202602081740/tools/bin/../lib/gcc/arm-none-eabi/14.3.1/../../../../arm-none-eabi/lib/thumb/v8-m.main+fp/hard/crt0.o (exit)
C:/ST/STM32CubeIDE_2.1.1/STM32CubeIDE/plugins/com.st.stm32cube.ide.mcu.externaltools.gnu-tools-for-stm32.14.3.rel1.win32_1.0.100.202602081740/tools/bin/../lib/gcc/arm-none-eabi/14.3.1/../../../../arm-none-eabi/lib/thumb/v8-m.main+fp/hard\libc_nano.a(libc_a-findfp.o)
                              C:/ST/STM32CubeIDE_2.1.1/STM32CubeIDE/plugins/com.st.stm32cube.ide.mcu.externaltools.gnu-tools-for-stm32.14.3.rel1.win32_1.0.100.202602081740/tools/bin/../lib/gcc/arm-none-eabi/14.3.1/../../../../arm-none-eabi/lib/thumb/v8-m.main+fp/hard\libc_nano.a(libc_a-exit.o) (__stdio_exit_handler)
C:/ST/STM32CubeIDE_2.1.1/STM32CubeIDE/plugins/com.st.stm32cube.ide.mcu.externaltools.gnu-tools-for-stm32.14.3.rel1.win32_1.0.100.202602081740/tools/bin/../lib/gcc/arm-none-eabi/14.3.1/../../../../arm-none-eabi/lib/thumb/v8-m.main+fp/hard\libc_nano.a(libc_a-fwalk.o)
                              C:/ST/STM32CubeIDE_2.1.1/STM32CubeIDE/plugins/com.st.stm32cube.ide.mcu.externaltools.gnu-tools-for-stm32.14.3.rel1.win32_1.0.100.202602081740/tools/bin/../lib/gcc/arm-none-eabi/14.3.1/../../../../arm-none-eabi/lib/thumb/v8-m.main+fp/hard\libc_nano.a(libc_a-findfp.o) (_fwalk_sglue)
C:/ST/STM32CubeIDE_2.1.1/STM32CubeIDE/plugins/com.st.stm32cube.ide.mcu.externaltools.gnu-tools-for-stm32.14.3.rel1.win32_1.0.100.202602081740/tools/bin/../lib/gcc/arm-none-eabi/14.3.1/../../../../arm-none-eabi/lib/thumb/v8-m.main+fp/hard\libc_nano.a(libc_a-stdio.o)
                              C:/ST/STM32CubeIDE_2.1.1/STM32CubeIDE/plugins/com.st.stm32cube.ide.mcu.externaltools.gnu-tools-for-stm32.14.3.rel1.win32_1.0.100.202602081740/tools/bin/../lib/gcc/arm-none-eabi/14.3.1/../../../../arm-none-eabi/lib/thumb/v8-m.main+fp/hard\libc_nano.a(libc_a-findfp.o) (__sread)
C:/ST/STM32CubeIDE_2.1.1/STM32CubeIDE/plugins/com.st.stm32cube.ide.mcu.externaltools.gnu-tools-for-stm32.14.3.rel1.win32_1.0.100.202602081740/tools/bin/../lib/gcc/arm-none-eabi/14.3.1/../../../../arm-none-eabi/lib/thumb/v8-m.main+fp/hard\libc_nano.a(libc_a-memset.o)
                              C:/ST/STM32CubeIDE_2.1.1/STM32CubeIDE/plugins/com.st.stm32cube.ide.mcu.externaltools.gnu-tools-for-stm32.14.3.rel1.win32_1.0.100.202602081740/tools/bin/../lib/gcc/arm-none-eabi/14.3.1/../../../../arm-none-eabi/lib/thumb/v8-m.main+fp/hard/crt0.o (memset)
C:/ST/STM32CubeIDE_2.1.1/STM32CubeIDE/plugins/com.st.stm32cube.ide.mcu.externaltools.gnu-tools-for-stm32.14.3.rel1.win32_1.0.100.202602081740/tools/bin/../lib/gcc/arm-none-eabi/14.3.1/../../../../arm-none-eabi/lib/thumb/v8-m.main+fp/hard\libc_nano.a(libc_a-closer.o)
                              C:/ST/STM32CubeIDE_2.1.1/STM32CubeIDE/plugins/com.st.stm32cube.ide.mcu.externaltools.gnu-tools-for-stm32.14.3.rel1.win32_1.0.100.202602081740/tools/bin/../lib/gcc/arm-none-eabi/14.3.1/../../../../arm-none-eabi/lib/thumb/v8-m.main+fp/hard\libc_nano.a(libc_a-stdio.o) (_close_r)
C:/ST/STM32CubeIDE_2.1.1/STM32CubeIDE/plugins/com.st.stm32cube.ide.mcu.externaltools.gnu-tools-for-stm32.14.3.rel1.win32_1.0.100.202602081740/tools/bin/../lib/gcc/arm-none-eabi/14.3.1/../../../../arm-none-eabi/lib/thumb/v8-m.main+fp/hard\libc_nano.a(libc_a-reent.o)
                              C:/ST/STM32CubeIDE_2.1.1/STM32CubeIDE/plugins/com.st.stm32cube.ide.mcu.externaltools.gnu-tools-for-stm32.14.3.rel1.win32_1.0.100.202602081740/tools/bin/../lib/gcc/arm-none-eabi/14.3.1/../../../../arm-none-eabi/lib/thumb/v8-m.main+fp/hard\libc_nano.a(libc_a-closer.o) (errno)
C:/ST/STM32CubeIDE_2.1.1/STM32CubeIDE/plugins/com.st.stm32cube.ide.mcu.externaltools.gnu-tools-for-stm32.14.3.rel1.win32_1.0.100.202602081740/tools/bin/../lib/gcc/arm-none-eabi/14.3.1/../../../../arm-none-eabi/lib/thumb/v8-m.main+fp/hard\libc_nano.a(libc_a-impure.o)
                              C:/ST/STM32CubeIDE_2.1.1/STM32CubeIDE/plugins/com.st.stm32cube.ide.mcu.externaltools.gnu-tools-for-stm32.14.3.rel1.win32_1.0.100.202602081740/tools/bin/../lib/gcc/arm-none-eabi/14.3.1/../../../../arm-none-eabi/lib/thumb/v8-m.main+fp/hard\libc_nano.a(libc_a-reent.o) (_impure_ptr)
C:/ST/STM32CubeIDE_2.1.1/STM32CubeIDE/plugins/com.st.stm32cube.ide.mcu.externaltools.gnu-tools-for-stm32.14.3.rel1.win32_1.0.100.202602081740/tools/bin/../lib/gcc/arm-none-eabi/14.3.1/../../../../arm-none-eabi/lib/thumb/v8-m.main+fp/hard\libc_nano.a(libc_a-lseekr.o)
[...]
Memory Configuration

Name             Origin             Length             Attributes
ROM              0x08000000         0x00080000         xr
RAM              0x20000000         0x00020000         xrw
*default*        0x00000000         0xffffffff

Linker script and memory map

LOAD C:/ST/STM32CubeIDE_2.1.1/STM32CubeIDE/plugins/com.st.stm32cube.ide.mcu.externaltools.gnu-tools-for-stm32.14.3.rel1.win32_1.0.100.202602081740/tools/bin/../lib/gcc/arm-none-eabi/14.3.1/thumb/v8-m.main+fp/hard/crti.o
LOAD C:/ST/STM32CubeIDE_2.1.1/STM32CubeIDE/plugins/com.st.stm32cube.ide.mcu.externaltools.gnu-tools-for-stm32.14.3.rel1.win32_1.0.100.202602081740/tools/bin/../lib/gcc/arm-none-eabi/14.3.1/thumb/v8-m.main+fp/hard/crtbegin.o
LOAD C:/ST/STM32CubeIDE_2.1.1/STM32CubeIDE/plugins/com.st.stm32cube.ide.mcu.externaltools.gnu-tools-for-stm32.14.3.rel1.win32_1.0.100.202602081740/tools/bin/../lib/gcc/arm-none-eabi/14.3.1/../../../../arm-none-eabi/lib/thumb/v8-m.main+fp/hard/crt0.o
START GROUP
LOAD C:/ST/STM32CubeIDE_2.1.1/STM32CubeIDE/plugins/com.st.stm32cube.ide.mcu.externaltools.gnu-tools-for-stm32.14.3.rel1.win32_1.0.100.202602081740/tools/bin/../lib/gcc/arm-none-eabi/14.3.1/../../../../arm-none-eabi/lib/thumb/v8-m.main+fp/hard\libc_nano.a
LOAD C:/ST/STM32CubeIDE_2.1.1/STM32CubeIDE/plugins/com.st.stm32cube.ide.mcu.externaltools.gnu-tools-for-stm32.14.3.rel1.win32_1.0.100.202602081740/tools/bin/../lib/gcc/arm-none-eabi/14.3.1/../../../../arm-none-eabi/lib/thumb/v8-m.main+fp/hard\libm.a
END GROUP
LOAD CMakeFiles/STM32C562_Project7.dir/main.c.obj
LOAD CMakeFiles/STM32C562_Project7.dir/generated/hal/mx_adc1.c.obj
LOAD CMakeFiles/STM32C562_Project7.dir/generated/hal/mx_cortex_debug.c.obj
LOAD CMakeFiles/STM32C562_Project7.dir/generated/hal/mx_cortex_mpu.c.obj
LOAD CMakeFiles/STM32C562_Project7.dir/generated/hal/mx_cortex_nvic.c.obj
LOAD CMakeFiles/STM32C562_Project7.dir/generated/hal/mx_dac1.c.obj
LOAD CMakeFiles/STM32C562_Project7.dir/generated/hal/mx_icache.c.obj
LOAD CMakeFiles/STM32C562_Project7.dir/generated/hal/mx_rcc.c.obj
LOAD CMakeFiles/STM32C562_Project7.dir/generated/hal/mx_system.c.obj
LOAD CMakeFiles/STM32C562_Project7.dir/generated/hal/mx_usart1.c.obj
LOAD CMakeFiles/STM32C562_Project7.dir/user_modifiable/Device/STM32C562CET6/system_stm32c5xx.c.obj
LOAD CMakeFiles/STM32C562_Project7.dir/user_modifiable/Device/STM32C562CET6/startup_stm32c562xx.c.obj
LOAD CMakeFiles/STM32C562_Project7.dir/stm32c5xx_drivers/hal/stm32c5xx_hal.c.obj
LOAD CMakeFiles/STM32C562_Project7.dir/stm32c5xx_drivers/hal/stm32c5xx_hal_adc.c.obj
LOAD CMakeFiles/STM32C562_Project7.dir/stm32c5xx_drivers/hal/stm32c5xx_hal_cortex.c.obj
LOAD CMakeFiles/STM32C562_Project7.dir/stm32c5xx_drivers/hal/stm32c5xx_hal_dac.c.obj
LOAD CMakeFiles/STM32C562_Project7.dir/stm32c5xx_drivers/hal/stm32c5xx_hal_dma.c.obj
LOAD CMakeFiles/STM32C562_Project7.dir/stm32c5xx_drivers/hal/stm32c5xx_hal_flash_itf.c.obj
LOAD CMakeFiles/STM32C562_Project7.dir/stm32c5xx_drivers/hal/stm32c5xx_hal_gpio.c.obj
LOAD CMakeFiles/STM32C562_Project7.dir/stm32c5xx_drivers/hal/stm32c5xx_hal_icache.c.obj
LOAD CMakeFiles/STM32C562_Project7.dir/stm32c5xx_drivers/hal/stm32c5xx_hal_pwr.c.obj
LOAD CMakeFiles/STM32C562_Project7.dir/stm32c5xx_drivers/hal/stm32c5xx_hal_q.c.obj
LOAD CMakeFiles/STM32C562_Project7.dir/stm32c5xx_drivers/hal/stm32c5xx_hal_rcc.c.obj
LOAD CMakeFiles/STM32C562_Project7.dir/stm32c5xx_drivers/hal/stm32c5xx_hal_uart.c.obj
LOAD CMakeFiles/STM32C562_Project7.dir/utilities/syscalls/syscalls.c.obj
LOAD CMakeFiles/STM32C562_Project7.dir/utilities/syscalls/sysmem.c.obj
START GROUP
LOAD C:/ST/STM32CubeIDE_2.1.1/STM32CubeIDE/plugins/com.st.stm32cube.ide.mcu.externaltools.gnu-tools-for-stm32.14.3.rel1.win32_1.0.100.202602081740/tools/bin/../lib/gcc/arm-none-eabi/14.3.1/thumb/v8-m.main+fp/hard\libgcc.a
LOAD C:/ST/STM32CubeIDE_2.1.1/STM32CubeIDE/plugins/com.st.stm32cube.ide.mcu.externaltools.gnu-tools-for-stm32.14.3.rel1.win32_1.0.100.202602081740/tools/bin/../lib/gcc/arm-none-eabi/14.3.1/../../../../arm-none-eabi/lib/thumb/v8-m.main+fp/hard\libc_nano.a
END GROUP
START GROUP
LOAD C:/ST/STM32CubeIDE_2.1.1/STM32CubeIDE/plugins/com.st.stm32cube.ide.mcu.externaltools.gnu-tools-for-stm32.14.3.rel1.win32_1.0.100.202602081740/tools/bin/../lib/gcc/arm-none-eabi/14.3.1/thumb/v8-m.main+fp/hard\libgcc.a
LOAD C:/ST/STM32CubeIDE_2.1.1/STM32CubeIDE/plugins/com.st.stm32cube.ide.mcu.externaltools.gnu-tools-for-stm32.14.3.rel1.win32_1.0.100.202602081740/tools/bin/../lib/gcc/arm-none-eabi/14.3.1/../../../../arm-none-eabi/lib/thumb/v8-m.main+fp/hard\libc_nano.a
LOAD C:/ST/STM32CubeIDE_2.1.1/STM32CubeIDE/plugins/com.st.stm32cube.ide.mcu.externaltools.gnu-tools-for-stm32.14.3.rel1.win32_1.0.100.202602081740/tools/bin/../lib/gcc/arm-none-eabi/14.3.1/../../../../arm-none-eabi/lib/thumb/v8-m.main+fp/hard\libnosys.a
END GROUP
START GROUP
LOAD C:/ST/STM32CubeIDE_2.1.1/STM32CubeIDE/plugins/com.st.stm32cube.ide.mcu.externaltools.gnu-tools-for-stm32.14.3.rel1.win32_1.0.100.202602081740/tools/bin/../lib/gcc/arm-none-eabi/14.3.1/thumb/v8-m.main+fp/hard\libgcc.a
LOAD C:/ST/STM32CubeIDE_2.1.1/STM32CubeIDE/plugins/com.st.stm32cube.ide.mcu.externaltools.gnu-tools-for-stm32.14.3.rel1.win32_1.0.100.202602081740/tools/bin/../lib/gcc/arm-none-eabi/14.3.1/../../../../arm-none-eabi/lib/thumb/v8-m.main+fp/hard\libc_nano.a
LOAD C:/ST/STM32CubeIDE_2.1.1/STM32CubeIDE/plugins/com.st.stm32cube.ide.mcu.externaltools.gnu-tools-for-stm32.14.3.rel1.win32_1.0.100.202602081740/tools/bin/../lib/gcc/arm-none-eabi/14.3.1/../../../../arm-none-eabi/lib/thumb/v8-m.main+fp/hard\libnosys.a
END GROUP
LOAD C:/ST/STM32CubeIDE_2.1.1/STM32CubeIDE/plugins/com.st.stm32cube.ide.mcu.externaltools.gnu-tools-for-stm32.14.3.rel1.win32_1.0.100.202602081740/tools/bin/../lib/gcc/arm-none-eabi/14.3.1/thumb/v8-m.main+fp/hard/crtend.o
LOAD C:/ST/STM32CubeIDE_2.1.1/STM32CubeIDE/plugins/com.st.stm32cube.ide.mcu.externaltools.gnu-tools-for-stm32.14.3.rel1.win32_1.0.100.202602081740/tools/bin/../lib/gcc/arm-none-eabi/14.3.1/thumb/v8-m.main+fp/hard/crtn.o
                0x00000200                        HEAP_SIZE = 0x200
                0x00000400                        STACK_SIZE = 0x400

.vectors        0x08000000      0x188
                0x08000000                        . = ALIGN (0x8)
 *(.vectors)
 .vectors       0x08000000      0x188 CMakeFiles/STM32C562_Project7.dir/user_modifiable/Device/STM32C562CET6/startup_stm32c562xx.c.obj
                0x08000000                __Vectors
                0x08000188                        . = ALIGN (0x8)

.text           0x08000188     0x5300
                0x08000188                        . = ALIGN (0x8)
 *(.text)
 .text          0x08000188       0x40 C:/ST/STM32CubeIDE_2.1.1/STM32CubeIDE/plugins/com.st.stm32cube.ide.mcu.externaltools.gnu-tools-for-stm32.14.3.rel1.win32_1.0.100.202602081740/tools/bin/../lib/gcc/arm-none-eabi/14.3.1/thumb/v8-m.main+fp/hard/crtbegin.o
 .text          0x080001c8       0x7c C:/ST/STM32CubeIDE_2.1.1/STM32CubeIDE/plugins/com.st.stm32cube.ide.mcu.externaltools.gnu-tools-for-stm32.14.3.rel1.win32_1.0.100.202602081740/tools/bin/../lib/gcc/arm-none-eabi/14.3.1/../../../../arm-none-eabi/lib/thumb/v8-m.main+fp/hard/crt0.o
                0x080001c8                _stack_init
                0x080001d0                _start
                0x080001d0                _mainCRTStartup
 .text          0x08000244       0x30 C:/ST/STM32CubeIDE_2.1.1/STM32CubeIDE/plugins/com.st.stm32cube.ide.mcu.externaltools.gnu-tools-for-stm32.14.3.rel1.win32_1.0.100.202602081740/tools/bin/../lib/gcc/arm-none-eabi/14.3.1/thumb/v8-m.main+fp/hard\libgcc.a(_aeabi_uldivmod.o)
                0x08000244                __aeabi_uldivmod
 .text          0x08000274      0x34c C:/ST/STM32CubeIDE_2.1.1/STM32CubeIDE/plugins/com.st.stm32cube.ide.mcu.externaltools.gnu-tools-for-stm32.14.3.rel1.win32_1.0.100.202602081740/tools/bin/../lib/gcc/arm-none-eabi/14.3.1/thumb/v8-m.main+fp/hard\libgcc.a(_udivmoddi4.o)
                0x08000274                __udivmoddi4
 .text          0x080005c0        0x4 C:/ST/STM32CubeIDE_2.1.1/STM32CubeIDE/plugins/com.st.stm32cube.ide.mcu.externaltools.gnu-tools-for-stm32.14.3.rel1.win32_1.0.100.202602081740/tools/bin/../lib/gcc/arm-none-eabi/14.3.1/thumb/v8-m.main+fp/hard\libgcc.a(_dvmd_tls.o)
                0x080005c0                __aeabi_idiv0
                0x080005c0                __aeabi_ldiv0
 *(.text*)
 .text.exit     0x080005c4       0x24 C:/ST/STM32CubeIDE_2.1.1/STM32CubeIDE/plugins/com.st.stm32cube.ide.mcu.externaltools.gnu-tools-for-stm32.14.3.rel1.win32_1.0.100.202602081740/tools/bin/../lib/gcc/arm-none-eabi/14.3.1/../../../../arm-none-eabi/lib/thumb/v8-m.main+fp/hard\libc_nano.a(libc_a-exit.o)
                0x080005c4                exit
 .text.std      0x080005e8       0x6c C:/ST/STM32CubeIDE_2.1.1/STM32CubeIDE/plugins/com.st.stm32cube.ide.mcu.externaltools.gnu-tools-for-stm32.14.3.rel1.win32_1.0.100.202602081740/tools/bin/../lib/gcc/arm-none-eabi/14.3.1/../../../../arm-none-eabi/lib/thumb/v8-m.main+fp/hard\libc_nano.a(libc_a-findfp.o)
 .text.stdio_exit_handler
                0x08000654       0x18 C:/ST/STM32CubeIDE_2.1.1/STM32CubeIDE/plugins/com.st.stm32cube.ide.mcu.externaltools.gnu-tools-for-stm32.14.3.rel1.win32_1.0.100.202602081740/tools/bin/../lib/gcc/arm-none-eabi/14.3.1/../../../../arm-none-eabi/lib/thumb/v8-m.main+fp/hard\libc_nano.a(libc_a-findfp.o)
 .text.cleanup_stdio
                0x0800066c       0x40 C:/ST/STM32CubeIDE_2.1.1/STM32CubeIDE/plugins/com.st.stm32cube.ide.mcu.externaltools.gnu-tools-for-stm32.14.3.rel1.win32_1.0.100.202602081740/tools/bin/../lib/gcc/arm-none-eabi/14.3.1/../../../../arm-none-eabi/lib/thumb/v8-m.main+fp/hard\libc_nano.a(libc_a-findfp.o)
 .text.global_stdio_init.part.0
                0x080006ac       0x40 C:/ST/STM32CubeIDE_2.1.1/STM32CubeIDE/plugins/com.st.stm32cube.ide.mcu.externaltools.gnu-tools-for-stm32.14.3.rel1.win32_1.0.100.202602081740/tools/bin/../lib/gcc/arm-none-eabi/14.3.1/../../../../arm-none-eabi/lib/thumb/v8-m.main+fp/hard\libc_nano.a(libc_a-findfp.o)
 .text.__sfp_lock_acquire
                0x080006ec        0xc C:/ST/STM32CubeIDE_2.1.1/STM32CubeIDE/plugins/com.st.stm32cube.ide.mcu.externaltools.gnu-tools-for-stm32.14.3.rel1.win32_1.0.100.202602081740/tools/bin/../lib/gcc/arm-none-eabi/14.3.1/../../../../arm-none-eabi/lib/thumb/v8-m.main+fp/hard\libc_nano.a(libc_a-findfp.o)
                0x080006ec                __sfp_lock_acquire
 .text.__sfp_lock_release
                0x080006f8        0xc C:/ST/STM32CubeIDE_2.1.1/STM32CubeIDE/plugins/com.st.stm32cube.ide.mcu.externaltools.gnu-tools-for-stm32.14.3.rel1.win32_1.0.100.202602081740/tools/bin/../lib/gcc/arm-none-eabi/14.3.1/../../../../arm-none-eabi/lib/thumb/v8-m.main+fp/hard\libc_nano.a(libc_a-findfp.o)
                0x080006f8                __sfp_lock_release
 .text.__sinit  0x08000704       0x30 C:/ST/STM32CubeIDE_2.1.1/STM32CubeIDE/plugins/com.st.stm32cube.ide.mcu.externaltools.gnu-tools-for-stm32.14.3.rel1.win32_1.0.100.202602081740/tools/bin/../lib/gcc/arm-none-eabi/14.3.1/../../../../arm-none-eabi/lib/thumb/v8-m.main+fp/hard\libc_nano.a(libc_a-findfp.o)
                0x08000704                __sinit
 .text._fwalk_sglue
                0x08000734       0x3c C:/ST/STM32CubeIDE_2.1.1/STM32CubeIDE/plugins/com.st.stm32cube.ide.mcu.externaltools.gnu-tools-for-stm32.14.3.rel1.win32_1.0.100.202602081740/tools/bin/../lib/gcc/arm-none-eabi/14.3.1/../../../../arm-none-eabi/lib/thumb/v8-m.main+fp/hard\libc_nano.a(libc_a-fwalk.o)
                0x08000734                _fwalk_sglue
 .text.__sread  0x08000770       0x22 C:/ST/STM32CubeIDE_2.1.1/STM32CubeIDE/plugins/com.st.stm32cube.ide.mcu.externaltools.gnu-tools-for-stm32.14.3.rel1.win32_1.0.100.202602081740/tools/bin/../lib/gcc/arm-none-eabi/14.3.1/../../../../arm-none-eabi/lib/thumb/v8-m.main+fp/hard\libc_nano.a(libc_a-stdio.o)
                0x08000770                __sread
 .text.__swrite
                0x08000792       0x38 C:/ST/STM32CubeIDE_2.1.1/STM32CubeIDE/plugins/com.st.stm32cube.ide.mcu.externaltools.gnu-tools-for-stm32.14.3.rel1.win32_1.0.100.202602081740/tools/bin/../lib/gcc/arm-none-eabi/14.3.1/../../../../arm-none-eabi/lib/thumb/v8-m.main+fp/hard\libc_nano.a(libc_a-stdio.o)
                0x08000792                __swrite
 .text.__sseek  0x080007ca       0x26 C:/ST/STM32CubeIDE_2.1.1/STM32CubeIDE/plugins/com.st.stm32cube.ide.mcu.externaltools.gnu-tools-for-stm32.14.3.rel1.win32_1.0.100.202602081740/tools/bin/../lib/gcc/arm-none-eabi/14.3.1/../../../../arm-none-eabi/lib/thumb/v8-m.main+fp/hard\libc_nano.a(libc_a-stdio.o)
                0x080007ca                __sseek
 .text.__sclose
                0x080007f0        0x8 C:/ST/STM32CubeIDE_2.1.1/STM32CubeIDE/plugins/com.st.stm32cube.ide.mcu.externaltools.gnu-tools-for-stm32.14.3.rel1.win32_1.0.100.202602081740/tools/bin/../lib/gcc/arm-none-eabi/14.3.1/../../../../arm-none-eabi/lib/thumb/v8-m.main+fp/hard\libc_nano.a(libc_a-stdio.o)
                0x080007f0                __sclose
 .text.memset   0x080007f8       0x10 C:/ST/STM32CubeIDE_2.1.1/STM32CubeIDE/plugins/com.st.stm32cube.ide.mcu.externaltools.gnu-tools-for-stm32.14.3.rel1.win32_1.0.100.202602081740/tools/bin/../lib/gcc/arm-none-eabi/14.3.1/../../../../arm-none-eabi/lib/thumb/v8-m.main+fp/hard\libc_nano.a(libc_a-memset.o)
                0x080007f8                memset
 .text._close_r
                0x08000808       0x20 C:/ST/STM32CubeIDE_2.1.1/STM32CubeIDE/plugins/com.st.stm32cube.ide.mcu.externaltools.gnu-tools-for-stm32.14.3.rel1.win32_1.0.100.202602081740/tools/bin/../lib/gcc/arm-none-eabi/14.3.1/../../../../arm-none-eabi/lib/thumb/v8-m.main+fp/hard\libc_nano.a(libc_a-closer.o)
                0x08000808                _close_r
 .text._lseek_r
                0x08000828       0x24 C:/ST/STM32CubeIDE_2.1.1/STM32CubeIDE/plugins/com.st.stm32cube.ide.mcu.externaltools.gnu-tools-for-stm32.14.3.rel1.win32_1.0.100.202602081740/tools/bin/../lib/gcc/arm-none-eabi/14.3.1/../../../../arm-none-eabi/lib/thumb/v8-m.main+fp/hard\libc_nano.a(libc_a-lseekr.o)
                0x08000828                _lseek_r
 .text._read_r  0x0800084c       0x24 C:/ST/STM32CubeIDE_2.1.1/STM32CubeIDE/plugins/com.st.stm32cube.ide.mcu.externaltools.gnu-tools-for-stm32.14.3.rel1.win32_1.0.100.202602081740/tools/bin/../lib/gcc/arm-none-eabi/14.3.1/../../../../arm-none-eabi/lib/thumb/v8-m.main+fp/hard\libc_nano.a(libc_a-readr.o)
                0x0800084c                _read_r
 .text._write_r
                0x08000870       0x24 C:/ST/STM32CubeIDE_2.1.1/STM32CubeIDE/plugins/com.st.stm32cube.ide.mcu.externaltools.gnu-tools-for-stm32.14.3.rel1.win32_1.0.100.202602081740/tools/bin/../lib/gcc/arm-none-eabi/14.3.1/../../../../arm-none-eabi/lib/thumb/v8-m.main+fp/hard\libc_nano.a(libc_a-writer.o)
                0x08000870                _write_r
 .text.__libc_init_array
                0x08000894       0x48 C:/ST/STM32CubeIDE_2.1.1/STM32CubeIDE/plugins/com.st.stm32cube.ide.mcu.externaltools.gnu-tools-for-stm32.14.3.rel1.win32_1.0.100.202602081740/tools/bin/../lib/gcc/arm-none-eabi/14.3.1/../../../../arm-none-eabi/lib/thumb/v8-m.main+fp/hard\libc_nano.a(libc_a-init.o)
                0x08000894                __libc_init_array
 .text.__retarget_lock_init_recursive
                0x080008dc        0x2 C:/ST/STM32CubeIDE_2.1.1/STM32CubeIDE/plugins/com.st.stm32cube.ide.mcu.externaltools.gnu-tools-for-stm32.14.3.rel1.win32_1.0.100.202602081740/tools/bin/../lib/gcc/arm-none-eabi/14.3.1/../../../../arm-none-eabi/lib/thumb/v8-m.main+fp/hard\libc_nano.a(libc_a-lock.o)
                0x080008dc                __retarget_lock_init_recursive
 .text.__retarget_lock_acquire_recursive
                0x080008de        0x2 C:/ST/STM32CubeIDE_2.1.1/STM32CubeIDE/plugins/com.st.stm32cube.ide.mcu.externaltools.gnu-tools-for-stm32.14.3.rel1.win32_1.0.100.202602081740/tools/bin/../lib/gcc/arm-none-eabi/14.3.1/../../../../arm-none-eabi/lib/thumb/v8-m.main+fp/hard\libc_nano.a(libc_a-lock.o)
                0x080008de                __retarget_lock_acquire_recursive
 .text.__retarget_lock_release_recursive
                0x080008e0        0x2 C:/ST/STM32CubeIDE_2.1.1/STM32CubeIDE/plugins/com.st.stm32cube.ide.mcu.externaltools.gnu-tools-for-stm32.14.3.rel1.win32_1.0.100.202602081740/tools/bin/../lib/gcc/arm-none-eabi/14.3.1/../../../../arm-none-eabi/lib/thumb/v8-m.main+fp/hard\libc_nano.a(libc_a-lock.o)
                0x080008e0                __retarget_lock_release_recursive
 *fill*         0x080008e2        0x2 
 .text._free_r  0x080008e4       0x94 C:/ST/STM32CubeIDE_2.1.1/STM32CubeIDE/plugins/com.st.stm32cube.ide.mcu.externaltools.gnu-tools-for-stm32.14.3.rel1.win32_1.0.100.202602081740/tools/bin/../lib/gcc/arm-none-eabi/14.3.1/../../../../arm-none-eabi/lib/thumb/v8-m.main+fp/hard\libc_nano.a(libc_a-freer.o)
                0x080008e4                _free_r
 .text.sbrk_aligned
                0x08000978       0x44 C:/ST/STM32CubeIDE_2.1.1/STM32CubeIDE/plugins/com.st.stm32cube.ide.mcu.externaltools.gnu-tools-for-stm32.14.3.rel1.win32_1.0.100.202602081740/tools/bin/../lib/gcc/arm-none-eabi/14.3.1/../../../../arm-none-eabi/lib/thumb/v8-m.main+fp/hard\libc_nano.a(libc_a-mallocr.o)
 .text._malloc_r
                0x080009bc      0x100 C:/ST/STM32CubeIDE_2.1.1/STM32CubeIDE/plugins/com.st.stm32cube.ide.mcu.externaltools.gnu-tools-for-stm32.14.3.rel1.win32_1.0.100.202602081740/tools/bin/../lib/gcc/arm-none-eabi/14.3.1/../../../../arm-none-eabi/lib/thumb/v8-m.main+fp/hard\libc_nano.a(libc_a-mallocr.o)
                0x080009bc                _malloc_r
 .text.__malloc_lock
                0x08000abc        0xc C:/ST/STM32CubeIDE_2.1.1/STM32CubeIDE/plugins/com.st.stm32cube.ide.mcu.externaltools.gnu-tools-for-stm32.14.3.rel1.win32_1.0.100.202602081740/tools/bin/../lib/gcc/arm-none-eabi/14.3.1/../../../../arm-none-eabi/lib/thumb/v8-m.main+fp/hard\libc_nano.a(libc_a-mlock.o)
                0x08000abc                __malloc_lock
 .text.__malloc_unlock
                0x08000ac8        0xc C:/ST/STM32CubeIDE_2.1.1/STM32CubeIDE/plugins/com.st.stm32cube.ide.mcu.externaltools.gnu-tools-for-stm32.14.3.rel1.win32_1.0.100.202602081740/tools/bin/../lib/gcc/arm-none-eabi/14.3.1/../../../../arm-none-eabi/lib/thumb/v8-m.main+fp/hard\libc_nano.a(libc_a-mlock.o)
                0x08000ac8                __malloc_unlock
 .text.__sflush_r
                0x08000ad4      0x100 C:/ST/STM32CubeIDE_2.1.1/STM32CubeIDE/plugins/com.st.stm32cube.ide.mcu.externaltools.gnu-tools-for-stm32.14.3.rel1.win32_1.0.100.202602081740/tools/bin/../lib/gcc/arm-none-eabi/14.3.1/../../../../arm-none-eabi/lib/thumb/v8-m.main+fp/hard\libc_nano.a(libc_a-fflush.o)
                0x08000ad4                __sflush_r
 .text._fflush_r
                0x08000bd4       0x50 C:/ST/STM32CubeIDE_2.1.1/STM32CubeIDE/plugins/com.st.stm32cube.ide.mcu.externaltools.gnu-tools-for-stm32.14.3.rel1.win32_1.0.100.202602081740/tools/bin/../lib/gcc/arm-none-eabi/14.3.1/../../../../arm-none-eabi/lib/thumb/v8-m.main+fp/hard\libc_nano.a(libc_a-fflush.o)
                0x08000bd4                _fflush_r
 .text._sbrk_r  0x08000c24       0x20 C:/ST/STM32CubeIDE_2.1.1/STM32CubeIDE/plugins/com.st.stm32cube.ide.mcu.externaltools.gnu-tools-for-stm32.14.3.rel1.win32_1.0.100.202602081740/tools/bin/../lib/gcc/arm-none-eabi/14.3.1/../../../../arm-none-eabi/lib/thumb/v8-m.main+fp/hard\libc_nano.a(libc_a-sbrkr.o)
                0x08000c24                _sbrk_r
 .text._write   0x08000c44       0x30 CMakeFiles/STM32C562_Project7.dir/main.c.obj
                0x08000c44                _write
 .text.main     0x08000c74      0x174 CMakeFiles/STM32C562_Project7.dir/main.c.obj
                0x08000c74                main
 .text.LL_AHB2_GRP1_EnableClock
                0x08000de8       0x60 CMakeFiles/STM32C562_Project7.dir/generated/hal/mx_adc1.c.obj
 .text.HAL_RCC_GPIOA_EnableClock
                0x08000e48        0xe CMakeFiles/STM32C562_Project7.dir/generated/hal/mx_adc1.c.obj
 .text.HAL_RCC_ADC12_EnableClock
                0x08000e56       0x10 CMakeFiles/STM32C562_Project7.dir/generated/hal/mx_adc1.c.obj
 *fill*         0x08000e66        0x2 
 .text.mx_adc1_init
                0x08000e68       0x98 CMakeFiles/STM32C562_Project7.dir/generated/hal/mx_adc1.c.obj
                0x08000e68                mx_adc1_init
 .text.mx_adc1_gethandle
                0x08000f00       0x14 CMakeFiles/STM32C562_Project7.dir/generated/hal/mx_adc1.c.obj
                0x08000f00                mx_adc1_gethandle
 .text.LL_AHB2_GRP1_EnableClock
                0x08000f14       0x60 CMakeFiles/STM32C562_Project7.dir/generated/hal/mx_cortex_debug.c.obj
 .text.HAL_RCC_GPIOA_EnableClock
                0x08000f74        0xe CMakeFiles/STM32C562_Project7.dir/generated/hal/mx_cortex_debug.c.obj
 .text.HAL_RCC_GPIOB_EnableClock
                0x08000f82        0xe CMakeFiles/STM32C562_Project7.dir/generated/hal/mx_cortex_debug.c.obj
 .text.mx_cortex_debug_init
                0x08000f90       0x88 CMakeFiles/STM32C562_Project7.dir/generated/hal/mx_cortex_debug.c.obj
                0x08000f90                mx_cortex_debug_init
 .text.mx_cortex_mpu_init
                0x08001018       0x5c CMakeFiles/STM32C562_Project7.dir/generated/hal/mx_cortex_mpu.c.obj
                0x08001018                mx_cortex_mpu_init
 .text.mx_cortex_nvic_init
                0x08001074       0x12 CMakeFiles/STM32C562_Project7.dir/generated/hal/mx_cortex_nvic.c.obj
                0x08001074                mx_cortex_nvic_init
 *fill*         0x08001086        0x2 
 .text.LL_AHB2_GRP1_EnableClock
                0x08001088       0x60 CMakeFiles/STM32C562_Project7.dir/generated/hal/mx_dac1.c.obj
 .text.HAL_RCC_GPIOA_EnableClock
                0x080010e8        0xe CMakeFiles/STM32C562_Project7.dir/generated/hal/mx_dac1.c.obj
 .text.HAL_RCC_DAC1_EnableClock
                0x080010f6       0x10 CMakeFiles/STM32C562_Project7.dir/generated/hal/mx_dac1.c.obj
 *fill*         0x08001106        0x2 
 .text.mx_dac1_init
                0x08001108       0xac CMakeFiles/STM32C562_Project7.dir/generated/hal/mx_dac1.c.obj
                0x08001108                mx_dac1_init
 .text.mx_dac1_gethandle
                0x080011b4       0x14 CMakeFiles/STM32C562_Project7.dir/generated/hal/mx_dac1.c.obj
                0x080011b4                mx_dac1_gethandle
 .text.mx_icache_init
                0x080011c8       0x28 CMakeFiles/STM32C562_Project7.dir/generated/hal/mx_icache.c.obj
                0x080011c8                mx_icache_init
 .text.mx_icache_gethandle
                0x080011f0       0x14 CMakeFiles/STM32C562_Project7.dir/generated/hal/mx_icache.c.obj
                0x080011f0                mx_icache_gethandle
 .text.mx_rcc_init
                0x08001204       0xc0 CMakeFiles/STM32C562_Project7.dir/generated/hal/mx_rcc.c.obj
                0x08001204                mx_rcc_init
 .text.mx_rcc_peripherals_clock_config
                0x080012c4       0x22 CMakeFiles/STM32C562_Project7.dir/generated/hal/mx_rcc.c.obj
                0x080012c4                mx_rcc_peripherals_clock_config
 .text.mx_system_init
                0x080012e6       0xf8 CMakeFiles/STM32C562_Project7.dir/generated/hal/mx_system.c.obj
                0x080012e6                mx_system_init
 .text.SysTick_Handler
                0x080013de       0x10 CMakeFiles/STM32C562_Project7.dir/generated/hal/mx_system.c.obj
                0x080013de                SysTick_Handler
 .text.pre_system_init_hook
                0x080013ee       0x12 CMakeFiles/STM32C562_Project7.dir/generated/hal/mx_system.c.obj
                0x080013ee                pre_system_init_hook
 .text.post_system_init_hook
                0x08001400       0x12 CMakeFiles/STM32C562_Project7.dir/generated/hal/mx_system.c.obj
                0x08001400                post_system_init_hook
 *fill*         0x08001412        0x2 
 .text.LL_AHB2_GRP1_EnableClock
                0x08001414       0x60 CMakeFiles/STM32C562_Project7.dir/generated/hal/mx_usart1.c.obj
 .text.LL_APB2_GRP1_EnableClock
                0x08001474       0x60 CMakeFiles/STM32C562_Project7.dir/generated/hal/mx_usart1.c.obj
 .text.HAL_RCC_GPIOA_EnableClock
                0x080014d4        0xe CMakeFiles/STM32C562_Project7.dir/generated/hal/mx_usart1.c.obj
 .text.HAL_RCC_USART1_EnableClock
                0x080014e2       0x10 CMakeFiles/STM32C562_Project7.dir/generated/hal/mx_usart1.c.obj
 *fill*         0x080014f2        0x2 
 .text.mx_usart1_uart_init
                0x080014f4       0xac CMakeFiles/STM32C562_Project7.dir/generated/hal/mx_usart1.c.obj
                0x080014f4                mx_usart1_uart_init
 .text.mx_usart1_uart_gethandle
                0x080015a0       0x14 CMakeFiles/STM32C562_Project7.dir/generated/hal/mx_usart1.c.obj
                0x080015a0                mx_usart1_uart_gethandle
 .text.SCB_SetVTOR
                0x080015b4       0x20 CMakeFiles/STM32C562_Project7.dir/user_modifiable/Device/STM32C562CET6/system_stm32c5xx.c.obj
 .text.SCB_EnableFPU
                0x080015d4       0x24 CMakeFiles/STM32C562_Project7.dir/user_modifiable/Device/STM32C562CET6/system_stm32c5xx.c.obj
 .text.SystemInit
                0x080015f8       0x18 CMakeFiles/STM32C562_Project7.dir/user_modifiable/Device/STM32C562CET6/system_stm32c5xx.c.obj
                0x080015f8                SystemInit
 .text.Reset_Handler
                0x08001610       0xc4 CMakeFiles/STM32C562_Project7.dir/user_modifiable/Device/STM32C562CET6/startup_stm32c562xx.c.obj
                0x08001610                Reset_Handler
 .text.HardFault_Handler
                0x080016d4        0x8 CMakeFiles/STM32C562_Project7.dir/user_modifiable/Device/STM32C562CET6/startup_stm32c562xx.c.obj
                0x080016d4                HardFault_Handler
 .text.Default_IRQHandler
                0x080016dc        0x8 CMakeFiles/STM32C562_Project7.dir/user_modifiable/Device/STM32C562CET6/startup_stm32c562xx.c.obj
                0x080016dc                EXTI2_IRQHandler
                0x080016dc                TIM8_CC_IRQHandler
                0x080016dc                EXTI5_IRQHandler
                0x080016dc                DebugMon_Handler
                0x080016dc                TIM8_TRGI_COM_DIR_IDX_IRQHandler
                0x080016dc                EXTI13_IRQHandler
                0x080016dc                LPDMA2_CH1_IRQHandler
                0x080016dc                I2C1_ERR_IRQHandler
                0x080016dc                TIM1_CC_IRQHandler
                0x080016dc                LPDMA1_CH6_IRQHandler
                0x080016dc                TAMP_IRQHandler
                0x080016dc                TIM6_IRQHandler
                0x080016dc                EXTI12_IRQHandler
                0x080016dc                CORDIC_IRQHandler
                0x080016dc                PendSV_Handler
                0x080016dc                USB_DRD_FS_IRQHandler
                0x080016dc                NMI_Handler
                0x080016dc                EXTI3_IRQHandler
                0x080016dc                EXTI8_IRQHandler
                0x080016dc                PWR_PVD_IRQHandler
                0x080016dc                EXTI0_IRQHandler
                0x080016dc                I2C2_EV_IRQHandler
                0x080016dc                FPU_IRQHandler
                0x080016dc                FDCAN1_IT1_IRQHandler
                0x080016dc                RAMCFG_IRQHandler
                0x080016dc                UsageFault_Handler
                0x080016dc                TIM1_UPD_IRQHandler
                0x080016dc                SPI1_IRQHandler
                0x080016dc                ADC1_IRQHandler
                0x080016dc                EXTI15_IRQHandler
                0x080016dc                TIM17_IRQHandler
                0x080016dc                USART3_IRQHandler
                0x080016dc                RTC_IRQHandler
                0x080016dc                EXTI9_IRQHandler
                0x080016dc                UART5_IRQHandler
                0x080016dc                LPDMA2_CH3_IRQHandler
                0x080016dc                LPDMA1_CH1_IRQHandler
                0x080016dc                I2C1_EV_IRQHandler
                0x080016dc                TIM16_IRQHandler
                0x080016dc                UART4_IRQHandler
                0x080016dc                RCC_IRQHandler
                0x080016dc                LPDMA1_CH5_IRQHandler
                0x080016dc                LPDMA2_CH2_IRQHandler
                0x080016dc                TIM12_IRQHandler
                0x080016dc                TIM7_IRQHandler
                0x080016dc                TIM5_IRQHandler
                0x080016dc                I3C1_EV_IRQHandler
                0x080016dc                TIM15_IRQHandler
                0x080016dc                TIM8_BRK_TERR_IERR_IRQHandler
                0x080016dc                TIM8_UPD_IRQHandler
                0x080016dc                ADC2_IRQHandler
                0x080016dc                SPI2_IRQHandler
                0x080016dc                MemManage_Handler
                0x080016dc                LPDMA1_CH3_IRQHandler
                0x080016dc                EXTI14_IRQHandler
                0x080016dc                EXTI11_IRQHandler
                0x080016dc                SVC_Handler
                0x080016dc                CRS_IRQHandler
                0x080016dc                EXTI4_IRQHandler
                0x080016dc                TIM1_BRK_TERR_IERR_IRQHandler
                0x080016dc                RNG_IRQHandler
                0x080016dc                TIM1_TRGI_COM_DIR_IDX_IRQHandler
                0x080016dc                LPDMA2_CH0_IRQHandler
                0x080016dc                I3C1_ERR_IRQHandler
                0x080016dc                WWDG_IRQHandler
                0x080016dc                Default_IRQHandler
                0x080016dc                IWDG_IRQHandler
                0x080016dc                LPUART1_IRQHandler
                0x080016dc                FDCAN1_IT0_IRQHandler
                0x080016dc                TIM2_IRQHandler
                0x080016dc                LPDMA1_CH2_IRQHandler
                0x080016dc                EXTI7_IRQHandler
                0x080016dc                EXTI1_IRQHandler
                0x080016dc                AES_IRQHandler
                0x080016dc                DAC1_IRQHandler
                0x080016dc                USART2_IRQHandler
                0x080016dc                LPDMA1_CH4_IRQHandler
                0x080016dc                FLASH_IRQHandler
                0x080016dc                I2C2_ERR_IRQHandler
                0x080016dc                BusFault_Handler
                0x080016dc                USART1_IRQHandler
                0x080016dc                EXTI10_IRQHandler
                0x080016dc                SPI3_IRQHandler
                0x080016dc                LPDMA1_CH0_IRQHandler
                0x080016dc                EXTI6_IRQHandler
                0x080016dc                COMP1_IRQHandler
                0x080016dc                LPTIM1_IRQHandler
                0x080016dc                ICACHE_IRQHandler
                0x080016dc                LPDMA1_CH7_IRQHandler
                0x080016dc                HASH_IRQHandler
 .text.Default_IRQHandler_Hook
                0x080016e4        0x8 CMakeFiles/STM32C562_Project7.dir/user_modifiable/Device/STM32C562CET6/startup_stm32c562xx.c.obj
                0x080016e4                Default_IRQHandler_Hook
 .text.LL_RCC_GetAHBPrescaler
                0x080016ec       0x1c CMakeFiles/STM32C562_Project7.dir/stm32c5xx_drivers/hal/stm32c5xx_hal.c.obj
 .text.LL_FLASH_EnablePrefetch
                0x08001708       0x20 CMakeFiles/STM32C562_Project7.dir/stm32c5xx_drivers/hal/stm32c5xx_hal.c.obj
 .text.HAL_Init
                0x08001728       0x44 CMakeFiles/STM32C562_Project7.dir/stm32c5xx_drivers/hal/stm32c5xx_hal.c.obj
                0x08001728                HAL_Init
 .text.HAL_InitTick
                0x0800176c       0x68 CMakeFiles/STM32C562_Project7.dir/stm32c5xx_drivers/hal/stm32c5xx_hal.c.obj
                0x0800176c                HAL_InitTick
 .text.HAL_UpdateCoreClock
                0x080017d4       0x30 CMakeFiles/STM32C562_Project7.dir/stm32c5xx_drivers/hal/stm32c5xx_hal.c.obj
                0x080017d4                HAL_UpdateCoreClock
 .text.HAL_IncTick
                0x08001804       0x28 CMakeFiles/STM32C562_Project7.dir/stm32c5xx_drivers/hal/stm32c5xx_hal.c.obj
                0x08001804                HAL_IncTick
 .text.HAL_GetTick
                0x0800182c       0x18 CMakeFiles/STM32C562_Project7.dir/stm32c5xx_drivers/hal/stm32c5xx_hal.c.obj
                0x0800182c                HAL_GetTick
 .text.HAL_Delay
                0x08001844       0x4c CMakeFiles/STM32C562_Project7.dir/stm32c5xx_drivers/hal/stm32c5xx_hal.c.obj
                0x08001844                HAL_Delay
 .text.LL_ADC_SetCommonPathInternalChAdd
                0x08001890       0x26 CMakeFiles/STM32C562_Project7.dir/stm32c5xx_drivers/hal/stm32c5xx_hal_adc.c.obj
 .text.LL_ADC_GetCommonPathInternalCh
                0x080018b6       0x1c CMakeFiles/STM32C562_Project7.dir/stm32c5xx_drivers/hal/stm32c5xx_hal_adc.c.obj
 .text.LL_ADC_SetResolution
                0x080018d2       0x26 CMakeFiles/STM32C562_Project7.dir/stm32c5xx_drivers/hal/stm32c5xx_hal_adc.c.obj
 .text.LL_ADC_REG_SetTriggerSource
                0x080018f8       0x26 CMakeFiles/STM32C562_Project7.dir/stm32c5xx_drivers/hal/stm32c5xx_hal_adc.c.obj
 .text.LL_ADC_REG_SetTriggerEdge
                0x0800191e       0x26 CMakeFiles/STM32C562_Project7.dir/stm32c5xx_drivers/hal/stm32c5xx_hal_adc.c.obj
 .text.LL_ADC_SetSamplingMode
                0x08001944       0x26 CMakeFiles/STM32C562_Project7.dir/stm32c5xx_drivers/hal/stm32c5xx_hal_adc.c.obj
 .text.LL_ADC_GetSamplingMode
                0x0800196a       0x1c CMakeFiles/STM32C562_Project7.dir/stm32c5xx_drivers/hal/stm32c5xx_hal_adc.c.obj
 .text.LL_ADC_REG_SetSequencerLength
                0x08001986       0x26 CMakeFiles/STM32C562_Project7.dir/stm32c5xx_drivers/hal/stm32c5xx_hal_adc.c.obj
 .text.LL_ADC_REG_SetSequencerRanks
                0x080019ac       0x5a CMakeFiles/STM32C562_Project7.dir/stm32c5xx_drivers/hal/stm32c5xx_hal_adc.c.obj
 .text.LL_ADC_SetChannelPreselection
                0x08001a06       0x2e CMakeFiles/STM32C562_Project7.dir/stm32c5xx_drivers/hal/stm32c5xx_hal_adc.c.obj
 .text.LL_ADC_INJ_SetSequencerRanks
                0x08001a34       0x36 CMakeFiles/STM32C562_Project7.dir/stm32c5xx_drivers/hal/stm32c5xx_hal_adc.c.obj
 .text.LL_ADC_INJ_GetTrigAuto
                0x08001a6a       0x1c CMakeFiles/STM32C562_Project7.dir/stm32c5xx_drivers/hal/stm32c5xx_hal_adc.c.obj
 *fill*         0x08001a86        0x2 
 .text.LL_ADC_SetChannelSamplingTime
                0x08001a88      0x154 CMakeFiles/STM32C562_Project7.dir/stm32c5xx_drivers/hal/stm32c5xx_hal_adc.c.obj
 .text.LL_ADC_SetChannelSingleDiff
                0x08001bdc       0x18 CMakeFiles/STM32C562_Project7.dir/stm32c5xx_drivers/hal/stm32c5xx_hal_adc.c.obj
 .text.LL_ADC_EnableDeepPowerDown
                0x08001bf4       0x28 CMakeFiles/STM32C562_Project7.dir/stm32c5xx_drivers/hal/stm32c5xx_hal_adc.c.obj
 .text.LL_ADC_DisableDeepPowerDown
                0x08001c1c       0x24 CMakeFiles/STM32C562_Project7.dir/stm32c5xx_drivers/hal/stm32c5xx_hal_adc.c.obj
 .text.LL_ADC_EnableInternalRegulator
                0x08001c40       0x28 CMakeFiles/STM32C562_Project7.dir/stm32c5xx_drivers/hal/stm32c5xx_hal_adc.c.obj
 .text.LL_ADC_DisableInternalRegulator
                0x08001c68       0x24 CMakeFiles/STM32C562_Project7.dir/stm32c5xx_drivers/hal/stm32c5xx_hal_adc.c.obj
 .text.LL_ADC_IsInternalRegulatorEnabled
                0x08001c8c       0x28 CMakeFiles/STM32C562_Project7.dir/stm32c5xx_drivers/hal/stm32c5xx_hal_adc.c.obj
 .text.LL_ADC_Enable
                0x08001cb4       0x28 CMakeFiles/STM32C562_Project7.dir/stm32c5xx_drivers/hal/stm32c5xx_hal_adc.c.obj
 .text.LL_ADC_Disable
                0x08001cdc       0x28 CMakeFiles/STM32C562_Project7.dir/stm32c5xx_drivers/hal/stm32c5xx_hal_adc.c.obj
 .text.LL_ADC_IsEnabled
                0x08001d04       0x26 CMakeFiles/STM32C562_Project7.dir/stm32c5xx_drivers/hal/stm32c5xx_hal_adc.c.obj
 .text.LL_ADC_IsDisableOngoing
                0x08001d2a       0x26 CMakeFiles/STM32C562_Project7.dir/stm32c5xx_drivers/hal/stm32c5xx_hal_adc.c.obj
 .text.LL_ADC_StartCalibration
                0x08001d50       0x22 CMakeFiles/STM32C562_Project7.dir/stm32c5xx_drivers/hal/stm32c5xx_hal_adc.c.obj
 .text.LL_ADC_IsCalibrationOnGoing
                0x08001d72       0x28 CMakeFiles/STM32C562_Project7.dir/stm32c5xx_drivers/hal/stm32c5xx_hal_adc.c.obj
 .text.LL_ADC_REG_StartConversion
                0x08001d9a       0x28 CMakeFiles/STM32C562_Project7.dir/stm32c5xx_drivers/hal/stm32c5xx_hal_adc.c.obj
 .text.LL_ADC_REG_ReadConversionData
                0x08001dc2       0x18 CMakeFiles/STM32C562_Project7.dir/stm32c5xx_drivers/hal/stm32c5xx_hal_adc.c.obj
 .text.LL_ADC_IsActiveFlag_ADRDY
                0x08001dda       0x26 CMakeFiles/STM32C562_Project7.dir/stm32c5xx_drivers/hal/stm32c5xx_hal_adc.c.obj
 .text.LL_ADC_IsActiveFlag_EOC
                0x08001e00       0x26 CMakeFiles/STM32C562_Project7.dir/stm32c5xx_drivers/hal/stm32c5xx_hal_adc.c.obj
 .text.LL_ADC_ClearFlag_ADRDY
                0x08001e26       0x1a CMakeFiles/STM32C562_Project7.dir/stm32c5xx_drivers/hal/stm32c5xx_hal_adc.c.obj
 .text.LL_ADC_ClearFlag_EOC
                0x08001e40       0x1a CMakeFiles/STM32C562_Project7.dir/stm32c5xx_drivers/hal/stm32c5xx_hal_adc.c.obj
 .text.HAL_ADC_Init
                0x08001e5a       0x46 CMakeFiles/STM32C562_Project7.dir/stm32c5xx_drivers/hal/stm32c5xx_hal_adc.c.obj
                0x08001e5a                HAL_ADC_Init
 .text.HAL_ADC_SetConfig
                0x08001ea0       0x4a CMakeFiles/STM32C562_Project7.dir/stm32c5xx_drivers/hal/stm32c5xx_hal_adc.c.obj
                0x08001ea0                HAL_ADC_SetConfig
 .text.HAL_ADC_REG_SetConfig
                0x08001eea       0xbe CMakeFiles/STM32C562_Project7.dir/stm32c5xx_drivers/hal/stm32c5xx_hal_adc.c.obj
                0x08001eea                HAL_ADC_REG_SetConfig
 .text.HAL_ADC_SetConfigChannel
                0x08001fa8       0xe4 CMakeFiles/STM32C562_Project7.dir/stm32c5xx_drivers/hal/stm32c5xx_hal_adc.c.obj
                0x08001fa8                HAL_ADC_SetConfigChannel
 .text.HAL_ADC_Start
                0x0800208c       0x68 CMakeFiles/STM32C562_Project7.dir/stm32c5xx_drivers/hal/stm32c5xx_hal_adc.c.obj
                0x0800208c                HAL_ADC_Start
 .text.HAL_ADC_Calibrate
                0x080020f4       0x32 CMakeFiles/STM32C562_Project7.dir/stm32c5xx_drivers/hal/stm32c5xx_hal_adc.c.obj
                0x080020f4                HAL_ADC_Calibrate
 .text.HAL_ADC_REG_StartConv
                0x08002126       0x2c CMakeFiles/STM32C562_Project7.dir/stm32c5xx_drivers/hal/stm32c5xx_hal_adc.c.obj
                0x08002126                HAL_ADC_REG_StartConv
 .text.HAL_ADC_REG_PollForConv
                0x08002152       0x6a CMakeFiles/STM32C562_Project7.dir/stm32c5xx_drivers/hal/stm32c5xx_hal_adc.c.obj
                0x08002152                HAL_ADC_REG_PollForConv
 .text.HAL_ADC_REG_ReadConversionData
                0x080021bc       0x20 CMakeFiles/STM32C562_Project7.dir/stm32c5xx_drivers/hal/stm32c5xx_hal_adc.c.obj
                0x080021bc                HAL_ADC_REG_ReadConversionData
 .text.adc_activate
                0x080021dc      0x11c CMakeFiles/STM32C562_Project7.dir/stm32c5xx_drivers/hal/stm32c5xx_hal_adc.c.obj
 .text.adc_deactivate
                0x080022f8       0xac CMakeFiles/STM32C562_Project7.dir/stm32c5xx_drivers/hal/stm32c5xx_hal_adc.c.obj
 .text.adc_calibrate
                0x080023a4       0x8a CMakeFiles/STM32C562_Project7.dir/stm32c5xx_drivers/hal/stm32c5xx_hal_adc.c.obj
 *fill*         0x0800242e        0x2 
 .text.__NVIC_SetPriorityGrouping
                0x08002430       0x48 CMakeFiles/STM32C562_Project7.dir/stm32c5xx_drivers/hal/stm32c5xx_hal_cortex.c.obj
 .text.__NVIC_GetPriorityGrouping
                0x08002478       0x1c CMakeFiles/STM32C562_Project7.dir/stm32c5xx_drivers/hal/stm32c5xx_hal_cortex.c.obj
 .text.__NVIC_SetPriority
                0x08002494       0x54 CMakeFiles/STM32C562_Project7.dir/stm32c5xx_drivers/hal/stm32c5xx_hal_cortex.c.obj
 .text.NVIC_EncodePriority
                0x080024e8       0x66 CMakeFiles/STM32C562_Project7.dir/stm32c5xx_drivers/hal/stm32c5xx_hal_cortex.c.obj
 *fill*         0x0800254e        0x2 
 .text.ARM_MPU_Enable
                0x08002550       0x44 CMakeFiles/STM32C562_Project7.dir/stm32c5xx_drivers/hal/stm32c5xx_hal_cortex.c.obj
 .text.ARM_MPU_Disable
                0x08002594       0x40 CMakeFiles/STM32C562_Project7.dir/stm32c5xx_drivers/hal/stm32c5xx_hal_cortex.c.obj
 .text.ARM_MPU_SetMemAttrEx
                0x080025d4       0x6a CMakeFiles/STM32C562_Project7.dir/stm32c5xx_drivers/hal/stm32c5xx_hal_cortex.c.obj
 *fill*         0x0800263e        0x2 
 .text.ARM_MPU_SetMemAttr
                0x08002640       0x28 CMakeFiles/STM32C562_Project7.dir/stm32c5xx_drivers/hal/stm32c5xx_hal_cortex.c.obj
 .text.ARM_MPU_SetRegionEx
                0x08002668       0x2c CMakeFiles/STM32C562_Project7.dir/stm32c5xx_drivers/hal/stm32c5xx_hal_cortex.c.obj
 .text.ARM_MPU_SetRegion
                0x08002694       0x24 CMakeFiles/STM32C562_Project7.dir/stm32c5xx_drivers/hal/stm32c5xx_hal_cortex.c.obj
 .text.SysTick_SetClkSource
                0x080026b8       0x38 CMakeFiles/STM32C562_Project7.dir/stm32c5xx_drivers/hal/stm32c5xx_hal_cortex.c.obj
 .text.SysTick_GetClkSource
                0x080026f0       0x1c CMakeFiles/STM32C562_Project7.dir/stm32c5xx_drivers/hal/stm32c5xx_hal_cortex.c.obj
 .text.SysTick_EnableIT
                0x0800270c       0x20 CMakeFiles/STM32C562_Project7.dir/stm32c5xx_drivers/hal/stm32c5xx_hal_cortex.c.obj
 .text.SysTick_Enable
                0x0800272c       0x20 CMakeFiles/STM32C562_Project7.dir/stm32c5xx_drivers/hal/stm32c5xx_hal_cortex.c.obj
 .text.SysTick_SetReload
                0x0800274c       0x30 CMakeFiles/STM32C562_Project7.dir/stm32c5xx_drivers/hal/stm32c5xx_hal_cortex.c.obj
 .text.SysTick_SetCounter
                0x0800277c       0x20 CMakeFiles/STM32C562_Project7.dir/stm32c5xx_drivers/hal/stm32c5xx_hal_cortex.c.obj
 .text.HAL_CORTEX_NVIC_SetPriorityGrouping
                0x0800279c       0x1a CMakeFiles/STM32C562_Project7.dir/stm32c5xx_drivers/hal/stm32c5xx_hal_cortex.c.obj
                0x0800279c                HAL_CORTEX_NVIC_SetPriorityGrouping
 .text.HAL_CORTEX_NVIC_SetPriority
                0x080027b6       0x36 CMakeFiles/STM32C562_Project7.dir/stm32c5xx_drivers/hal/stm32c5xx_hal_cortex.c.obj
                0x080027b6                HAL_CORTEX_NVIC_SetPriority
 .text.HAL_CORTEX_SYSTICK_SetFreq
                0x080027ec       0x5a CMakeFiles/STM32C562_Project7.dir/stm32c5xx_drivers/hal/stm32c5xx_hal_cortex.c.obj
                0x080027ec                HAL_CORTEX_SYSTICK_SetFreq
 .text.HAL_CORTEX_SYSTICK_SetClkSource
                0x08002846       0x1a CMakeFiles/STM32C562_Project7.dir/stm32c5xx_drivers/hal/stm32c5xx_hal_cortex.c.obj
                0x08002846                HAL_CORTEX_SYSTICK_SetClkSource
 .text.HAL_CORTEX_SYSTICK_IRQHandler
                0x08002860        0xc CMakeFiles/STM32C562_Project7.dir/stm32c5xx_drivers/hal/stm32c5xx_hal_cortex.c.obj
                0x08002860                HAL_CORTEX_SYSTICK_IRQHandler
 .text.HAL_CORTEX_SYSTICK_Callback
                0x0800286c        0xe CMakeFiles/STM32C562_Project7.dir/stm32c5xx_drivers/hal/stm32c5xx_hal_cortex.c.obj
                0x0800286c                HAL_CORTEX_SYSTICK_Callback
 .text.HAL_CORTEX_MPU_Enable
                0x0800287a       0x26 CMakeFiles/STM32C562_Project7.dir/stm32c5xx_drivers/hal/stm32c5xx_hal_cortex.c.obj
                0x0800287a                HAL_CORTEX_MPU_Enable
 .text.HAL_CORTEX_MPU_Disable
                0x080028a0        0xc CMakeFiles/STM32C562_Project7.dir/stm32c5xx_drivers/hal/stm32c5xx_hal_cortex.c.obj
                0x080028a0                HAL_CORTEX_MPU_Disable
 .text.HAL_CORTEX_MPU_SetCacheMemAttr
                0x080028ac       0x2a CMakeFiles/STM32C562_Project7.dir/stm32c5xx_drivers/hal/stm32c5xx_hal_cortex.c.obj
                0x080028ac                HAL_CORTEX_MPU_SetCacheMemAttr
 .text.HAL_CORTEX_MPU_SetConfigRegion
                0x080028d6       0x48 CMakeFiles/STM32C562_Project7.dir/stm32c5xx_drivers/hal/stm32c5xx_hal_cortex.c.obj
                0x080028d6                HAL_CORTEX_MPU_SetConfigRegion
 *fill*         0x0800291e        0x2 
 .text.HAL_CORTEX_MPU_EnableRegion
                0x08002920       0x2c CMakeFiles/STM32C562_Project7.dir/stm32c5xx_drivers/hal/stm32c5xx_hal_cortex.c.obj
                0x08002920                HAL_CORTEX_MPU_EnableRegion
 .text.LL_DAC_SetHighFrequencyMode
                0x0800294c       0x26 CMakeFiles/STM32C562_Project7.dir/stm32c5xx_drivers/hal/stm32c5xx_hal_dac.c.obj
 .text.LL_DAC_IsDMADoubleDataModeEnabled
                0x08002972       0x2a CMakeFiles/STM32C562_Project7.dir/stm32c5xx_drivers/hal/stm32c5xx_hal_dac.c.obj
 .text.LL_DAC_Enable
                0x0800299c       0x22 CMakeFiles/STM32C562_Project7.dir/stm32c5xx_drivers/hal/stm32c5xx_hal_dac.c.obj
 .text.HAL_DAC_Init
                0x080029be       0x52 CMakeFiles/STM32C562_Project7.dir/stm32c5xx_drivers/hal/stm32c5xx_hal_dac.c.obj
                0x080029be                HAL_DAC_Init
 .text.HAL_DAC_SetConfig
                0x08002a10       0x28 CMakeFiles/STM32C562_Project7.dir/stm32c5xx_drivers/hal/stm32c5xx_hal_dac.c.obj
                0x08002a10                HAL_DAC_SetConfig
 .text.HAL_DAC_SetConfigChannel
                0x08002a38       0xc0 CMakeFiles/STM32C562_Project7.dir/stm32c5xx_drivers/hal/stm32c5xx_hal_dac.c.obj
                0x08002a38                HAL_DAC_SetConfigChannel
 .text.HAL_DAC_StartChannel
                0x08002af8       0x40 CMakeFiles/STM32C562_Project7.dir/stm32c5xx_drivers/hal/stm32c5xx_hal_dac.c.obj
                0x08002af8                HAL_DAC_StartChannel
 .text.HAL_DAC_SetChannelData
                0x08002b38       0x6c CMakeFiles/STM32C562_Project7.dir/stm32c5xx_drivers/hal/stm32c5xx_hal_dac.c.obj
                0x08002b38                HAL_DAC_SetChannelData
 .text.DAC_WaitMicroSecond
                0x08002ba4       0x50 CMakeFiles/STM32C562_Project7.dir/stm32c5xx_drivers/hal/stm32c5xx_hal_dac.c.obj
 .text.DAC_SetChannelAlignment
                0x08002bf4       0x76 CMakeFiles/STM32C562_Project7.dir/stm32c5xx_drivers/hal/stm32c5xx_hal_dac.c.obj
 .text.LL_FLASH_SetLatency
                0x08002c6a       0x26 CMakeFiles/STM32C562_Project7.dir/stm32c5xx_drivers/hal/stm32c5xx_hal_flash_itf.c.obj
 .text.LL_FLASH_SetProgrammingDelay
                0x08002c90       0x26 CMakeFiles/STM32C562_Project7.dir/stm32c5xx_drivers/hal/stm32c5xx_hal_flash_itf.c.obj
 .text.HAL_FLASH_ITF_SetLatency
                0x08002cb6       0x24 CMakeFiles/STM32C562_Project7.dir/stm32c5xx_drivers/hal/stm32c5xx_hal_flash_itf.c.obj
                0x08002cb6                HAL_FLASH_ITF_SetLatency
 .text.HAL_FLASH_ITF_SetProgrammingDelay
                0x08002cda       0x24 CMakeFiles/STM32C562_Project7.dir/stm32c5xx_drivers/hal/stm32c5xx_hal_flash_itf.c.obj
                0x08002cda                HAL_FLASH_ITF_SetProgrammingDelay
 .text.LL_GPIO_SetPinMode
                0x08002cfe       0x9c CMakeFiles/STM32C562_Project7.dir/stm32c5xx_drivers/hal/stm32c5xx_hal_gpio.c.obj
 .text.LL_GPIO_SetPinOutputType
                0x08002d9a       0x56 CMakeFiles/STM32C562_Project7.dir/stm32c5xx_drivers/hal/stm32c5xx_hal_gpio.c.obj
 .text.LL_GPIO_SetPinSpeed
                0x08002df0       0xa0 CMakeFiles/STM32C562_Project7.dir/stm32c5xx_drivers/hal/stm32c5xx_hal_gpio.c.obj
 .text.LL_GPIO_SetPinPull
                0x08002e90       0xa0 CMakeFiles/STM32C562_Project7.dir/stm32c5xx_drivers/hal/stm32c5xx_hal_gpio.c.obj
 .text.LL_GPIO_SetAFPin_0_7
                0x08002f30       0xa0 CMakeFiles/STM32C562_Project7.dir/stm32c5xx_drivers/hal/stm32c5xx_hal_gpio.c.obj
 .text.LL_GPIO_SetAFPin_8_15
                0x08002fd0       0xa4 CMakeFiles/STM32C562_Project7.dir/stm32c5xx_drivers/hal/stm32c5xx_hal_gpio.c.obj
 .text.LL_GPIO_WriteOutputPin
                0x08003074       0x2a CMakeFiles/STM32C562_Project7.dir/stm32c5xx_drivers/hal/stm32c5xx_hal_gpio.c.obj
 .text.HAL_GPIO_Init
                0x0800309e      0x128 CMakeFiles/STM32C562_Project7.dir/stm32c5xx_drivers/hal/stm32c5xx_hal_gpio.c.obj
                0x0800309e                HAL_GPIO_Init
 .text.LL_ICACHE_Enable
                0x080031c6       0x20 CMakeFiles/STM32C562_Project7.dir/stm32c5xx_drivers/hal/stm32c5xx_hal_icache.c.obj
 .text.LL_ICACHE_EnableIT
                0x080031e6       0x22 CMakeFiles/STM32C562_Project7.dir/stm32c5xx_drivers/hal/stm32c5xx_hal_icache.c.obj
 .text.HAL_ICACHE_Init
                0x08003208       0x28 CMakeFiles/STM32C562_Project7.dir/stm32c5xx_drivers/hal/stm32c5xx_hal_icache.c.obj
                0x08003208                HAL_ICACHE_Init
 .text.HAL_ICACHE_Start
                0x08003230       0x32 CMakeFiles/STM32C562_Project7.dir/stm32c5xx_drivers/hal/stm32c5xx_hal_icache.c.obj
                0x08003230                HAL_ICACHE_Start
 *fill*         0x08003262        0x2 
 .text.LL_RCC_LSI_IsReady
                0x08003264       0x28 CMakeFiles/STM32C562_Project7.dir/stm32c5xx_drivers/hal/stm32c5xx_hal_rcc.c.obj
 .text.LL_RCC_LSE_IsReady
                0x0800328c       0x28 CMakeFiles/STM32C562_Project7.dir/stm32c5xx_drivers/hal/stm32c5xx_hal_rcc.c.obj
 .text.LL_RCC_HSIK_IsReady
                0x080032b4       0x24 CMakeFiles/STM32C562_Project7.dir/stm32c5xx_drivers/hal/stm32c5xx_hal_rcc.c.obj
 .text.LL_RCC_HSIK_GetDivider
                0x080032d8       0x1c CMakeFiles/STM32C562_Project7.dir/stm32c5xx_drivers/hal/stm32c5xx_hal_rcc.c.obj
 .text.LL_RCC_PSIS_Enable
                0x080032f4       0x20 CMakeFiles/STM32C562_Project7.dir/stm32c5xx_drivers/hal/stm32c5xx_hal_rcc.c.obj
 .text.LL_RCC_PSIS_IsReady
                0x08003314       0x28 CMakeFiles/STM32C562_Project7.dir/stm32c5xx_drivers/hal/stm32c5xx_hal_rcc.c.obj
 .text.LL_RCC_PSIDIV3_IsReady
                0x0800333c       0x28 CMakeFiles/STM32C562_Project7.dir/stm32c5xx_drivers/hal/stm32c5xx_hal_rcc.c.obj
 .text.LL_RCC_PSIK_IsReady
                0x08003364       0x28 CMakeFiles/STM32C562_Project7.dir/stm32c5xx_drivers/hal/stm32c5xx_hal_rcc.c.obj
 .text.LL_RCC_PSIK_GetDivider
                0x0800338c       0x1c CMakeFiles/STM32C562_Project7.dir/stm32c5xx_drivers/hal/stm32c5xx_hal_rcc.c.obj
 .text.LL_RCC_ConfigPSI
                0x080033a8       0x38 CMakeFiles/STM32C562_Project7.dir/stm32c5xx_drivers/hal/stm32c5xx_hal_rcc.c.obj
 .text.LL_RCC_GetConfigPSI
                0x080033e0       0x40 CMakeFiles/STM32C562_Project7.dir/stm32c5xx_drivers/hal/stm32c5xx_hal_rcc.c.obj
 .text.LL_RCC_HSE_Enable
                0x08003420       0x20 CMakeFiles/STM32C562_Project7.dir/stm32c5xx_drivers/hal/stm32c5xx_hal_rcc.c.obj
 .text.LL_RCC_HSE_IsReady
                0x08003440       0x28 CMakeFiles/STM32C562_Project7.dir/stm32c5xx_drivers/hal/stm32c5xx_hal_rcc.c.obj
 .text.LL_RCC_HSE_ConfigBypass
                0x08003468       0x2c CMakeFiles/STM32C562_Project7.dir/stm32c5xx_drivers/hal/stm32c5xx_hal_rcc.c.obj
 .text.LL_RCC_SetSysClkSource
                0x08003494       0x28 CMakeFiles/STM32C562_Project7.dir/stm32c5xx_drivers/hal/stm32c5xx_hal_rcc.c.obj
 .text.LL_RCC_GetSysClkSource
                0x080034bc       0x1c CMakeFiles/STM32C562_Project7.dir/stm32c5xx_drivers/hal/stm32c5xx_hal_rcc.c.obj
 .text.LL_RCC_GetAHBPrescaler
                0x080034d8       0x1c CMakeFiles/STM32C562_Project7.dir/stm32c5xx_drivers/hal/stm32c5xx_hal_rcc.c.obj
 .text.LL_RCC_GetSystickClockSource
                0x080034f4       0x1c CMakeFiles/STM32C562_Project7.dir/stm32c5xx_drivers/hal/stm32c5xx_hal_rcc.c.obj
 .text.LL_RCC_GetAPB1Prescaler
                0x08003510       0x1c CMakeFiles/STM32C562_Project7.dir/stm32c5xx_drivers/hal/stm32c5xx_hal_rcc.c.obj
 .text.LL_RCC_GetAPB2Prescaler
                0x0800352c       0x1c CMakeFiles/STM32C562_Project7.dir/stm32c5xx_drivers/hal/stm32c5xx_hal_rcc.c.obj
 .text.LL_RCC_GetAPB3Prescaler
                0x08003548       0x1c CMakeFiles/STM32C562_Project7.dir/stm32c5xx_drivers/hal/stm32c5xx_hal_rcc.c.obj
 .text.LL_RCC_ConfigBusClock
                0x08003564       0x2c CMakeFiles/STM32C562_Project7.dir/stm32c5xx_drivers/hal/stm32c5xx_hal_rcc.c.obj
 .text.LL_RCC_SetClockSource
                0x08003590       0x54 CMakeFiles/STM32C562_Project7.dir/stm32c5xx_drivers/hal/stm32c5xx_hal_rcc.c.obj
 .text.LL_RCC_SetUSARTClockSource
                0x080035e4       0x16 CMakeFiles/STM32C562_Project7.dir/stm32c5xx_drivers/hal/stm32c5xx_hal_rcc.c.obj
 *fill*         0x080035fa        0x2 
 .text.LL_RCC_SetADCDACClockSource
                0x080035fc       0x2c CMakeFiles/STM32C562_Project7.dir/stm32c5xx_drivers/hal/stm32c5xx_hal_rcc.c.obj
 .text.LL_RCC_SetADCDACPrescaler
                0x08003628       0x2c CMakeFiles/STM32C562_Project7.dir/stm32c5xx_drivers/hal/stm32c5xx_hal_rcc.c.obj
 .text.LL_RCC_GetClockSource
                0x08003654       0x48 CMakeFiles/STM32C562_Project7.dir/stm32c5xx_drivers/hal/stm32c5xx_hal_rcc.c.obj
 .text.LL_RCC_GetUSARTClockSource
                0x0800369c       0x18 CMakeFiles/STM32C562_Project7.dir/stm32c5xx_drivers/hal/stm32c5xx_hal_rcc.c.obj
 .text.LL_RCC_GetUARTClockSource
                0x080036b4       0x18 CMakeFiles/STM32C562_Project7.dir/stm32c5xx_drivers/hal/stm32c5xx_hal_rcc.c.obj
 .text.LL_RCC_GetLPUARTClockSource
                0x080036cc       0x24 CMakeFiles/STM32C562_Project7.dir/stm32c5xx_drivers/hal/stm32c5xx_hal_rcc.c.obj
 .text.HAL_RCC_HSE_Enable
                0x080036f0       0x3c CMakeFiles/STM32C562_Project7.dir/stm32c5xx_drivers/hal/stm32c5xx_hal_rcc.c.obj
                0x080036f0                HAL_RCC_HSE_Enable
 .text.HAL_RCC_PSIS_Enable
                0x0800372c       0x1c CMakeFiles/STM32C562_Project7.dir/stm32c5xx_drivers/hal/stm32c5xx_hal_rcc.c.obj
                0x0800372c                HAL_RCC_PSIS_Enable
 .text.HAL_RCC_PSI_SetConfig
                0x08003748       0x50 CMakeFiles/STM32C562_Project7.dir/stm32c5xx_drivers/hal/stm32c5xx_hal_rcc.c.obj
                0x08003748                HAL_RCC_PSI_SetConfig
 .text.HAL_RCC_PSI_GetConfig
                0x08003798       0x34 CMakeFiles/STM32C562_Project7.dir/stm32c5xx_drivers/hal/stm32c5xx_hal_rcc.c.obj
                0x08003798                HAL_RCC_PSI_GetConfig
 .text.HAL_RCC_SetSYSCLKSource
                0x080037cc       0x52 CMakeFiles/STM32C562_Project7.dir/stm32c5xx_drivers/hal/stm32c5xx_hal_rcc.c.obj
                0x080037cc                HAL_RCC_SetSYSCLKSource
 .text.HAL_RCC_GetSYSCLKSource
                0x0800381e       0x12 CMakeFiles/STM32C562_Project7.dir/stm32c5xx_drivers/hal/stm32c5xx_hal_rcc.c.obj
                0x0800381e                HAL_RCC_GetSYSCLKSource
 .text.HAL_RCC_SetBusClockConfig
                0x08003830       0x38 CMakeFiles/STM32C562_Project7.dir/stm32c5xx_drivers/hal/stm32c5xx_hal_rcc.c.obj
                0x08003830                HAL_RCC_SetBusClockConfig
 .text.HAL_RCC_GetPSIClockFreq
                0x08003868       0x9c CMakeFiles/STM32C562_Project7.dir/stm32c5xx_drivers/hal/stm32c5xx_hal_rcc.c.obj
                0x08003868                HAL_RCC_GetPSIClockFreq
 .text.HAL_RCC_GetSYSCLKFreq
                0x08003904       0x4c CMakeFiles/STM32C562_Project7.dir/stm32c5xx_drivers/hal/stm32c5xx_hal_rcc.c.obj
                0x08003904                HAL_RCC_GetSYSCLKFreq
 .text.HAL_RCC_GetHCLKFreq
                0x08003950       0x20 CMakeFiles/STM32C562_Project7.dir/stm32c5xx_drivers/hal/stm32c5xx_hal_rcc.c.obj
                0x08003950                HAL_RCC_GetHCLKFreq
 .text.HAL_RCC_GetPCLK1Freq
                0x08003970       0x24 CMakeFiles/STM32C562_Project7.dir/stm32c5xx_drivers/hal/stm32c5xx_hal_rcc.c.obj
                0x08003970                HAL_RCC_GetPCLK1Freq
 .text.HAL_RCC_GetPCLK2Freq
                0x08003994       0x24 CMakeFiles/STM32C562_Project7.dir/stm32c5xx_drivers/hal/stm32c5xx_hal_rcc.c.obj
                0x08003994                HAL_RCC_GetPCLK2Freq
 .text.HAL_RCC_GetPCLK3Freq
                0x080039b8       0x24 CMakeFiles/STM32C562_Project7.dir/stm32c5xx_drivers/hal/stm32c5xx_hal_rcc.c.obj
                0x080039b8                HAL_RCC_GetPCLK3Freq
 .text.HAL_RCC_USART1_SetKernelClkSource
                0x080039dc       0x1e CMakeFiles/STM32C562_Project7.dir/stm32c5xx_drivers/hal/stm32c5xx_hal_rcc.c.obj
                0x080039dc                HAL_RCC_USART1_SetKernelClkSource
 .text.HAL_RCC_ADCDAC_SetKernelClkSource
                0x080039fa       0x1e CMakeFiles/STM32C562_Project7.dir/stm32c5xx_drivers/hal/stm32c5xx_hal_rcc.c.obj
                0x080039fa                HAL_RCC_ADCDAC_SetKernelClkSource
 .text.HAL_RCC_ADCDAC_SetKernelClkPrescaler
                0x08003a18       0x1e CMakeFiles/STM32C562_Project7.dir/stm32c5xx_drivers/hal/stm32c5xx_hal_rcc.c.obj
                0x08003a18                HAL_RCC_ADCDAC_SetKernelClkPrescaler
 *fill*         0x08003a36        0x2 
 .text.HAL_RCC_UART_GetKernelClkFreq
                0x08003a38       0xa0 CMakeFiles/STM32C562_Project7.dir/stm32c5xx_drivers/hal/stm32c5xx_hal_rcc.c.obj
                0x08003a38                HAL_RCC_UART_GetKernelClkFreq
 .text.HAL_RCC_USART1_GetKernelClkFreq
                0x08003ad8       0xbc CMakeFiles/STM32C562_Project7.dir/stm32c5xx_drivers/hal/stm32c5xx_hal_rcc.c.obj
                0x08003ad8                HAL_RCC_USART1_GetKernelClkFreq
 .text.HAL_RCC_USART2_GetKernelClkFreq
                0x08003b94       0xc4 CMakeFiles/STM32C562_Project7.dir/stm32c5xx_drivers/hal/stm32c5xx_hal_rcc.c.obj
                0x08003b94                HAL_RCC_USART2_GetKernelClkFreq
 .text.HAL_RCC_USART3_GetKernelClkFreq
                0x08003c58       0xc4 CMakeFiles/STM32C562_Project7.dir/stm32c5xx_drivers/hal/stm32c5xx_hal_rcc.c.obj
                0x08003c58                HAL_RCC_USART3_GetKernelClkFreq
 .text.HAL_RCC_UART4_GetKernelClkFreq
                0x08003d1c       0xc4 CMakeFiles/STM32C562_Project7.dir/stm32c5xx_drivers/hal/stm32c5xx_hal_rcc.c.obj
                0x08003d1c                HAL_RCC_UART4_GetKernelClkFreq
 .text.HAL_RCC_UART5_GetKernelClkFreq
                0x08003de0       0xc4 CMakeFiles/STM32C562_Project7.dir/stm32c5xx_drivers/hal/stm32c5xx_hal_rcc.c.obj
                0x08003de0                HAL_RCC_UART5_GetKernelClkFreq
 .text.HAL_RCC_LPUART1_GetKernelClkFreq
                0x08003ea4       0xb0 CMakeFiles/STM32C562_Project7.dir/stm32c5xx_drivers/hal/stm32c5xx_hal_rcc.c.obj
                0x08003ea4                HAL_RCC_LPUART1_GetKernelClkFreq
 .text.HAL_RCC_GetSysTickExternalClkFreq
                0x08003f54       0x58 CMakeFiles/STM32C562_Project7.dir/stm32c5xx_drivers/hal/stm32c5xx_hal_rcc.c.obj
                0x08003f54                HAL_RCC_GetSysTickExternalClkFreq
 .text.RCC_WaitForTimeout
                0x08003fac       0x54 CMakeFiles/STM32C562_Project7.dir/stm32c5xx_drivers/hal/stm32c5xx_hal_rcc.c.obj
 .text.RCC_GetDividerValue
                0x08004000      0x132 CMakeFiles/STM32C562_Project7.dir/stm32c5xx_drivers/hal/stm32c5xx_hal_rcc.c.obj
 .text.LL_USART_Enable
                0x08004132       0x20 CMakeFiles/STM32C562_Project7.dir/stm32c5xx_drivers/hal/stm32c5xx_hal_uart.c.obj
 .text.LL_USART_Disable
                0x08004152       0x20 CMakeFiles/STM32C562_Project7.dir/stm32c5xx_drivers/hal/stm32c5xx_hal_uart.c.obj
 .text.LL_USART_IsEnabled
                0x08004172       0x26 CMakeFiles/STM32C562_Project7.dir/stm32c5xx_drivers/hal/stm32c5xx_hal_uart.c.obj
 .text.LL_USART_ConfigXfer
                0x08004198       0x3c CMakeFiles/STM32C562_Project7.dir/stm32c5xx_drivers/hal/stm32c5xx_hal_uart.c.obj
 .text.LL_USART_IsEnabledDirectionRx
                0x080041d4       0x26 CMakeFiles/STM32C562_Project7.dir/stm32c5xx_drivers/hal/stm32c5xx_hal_uart.c.obj
 .text.LL_USART_IsEnabledDirectionTx
                0x080041fa       0x26 CMakeFiles/STM32C562_Project7.dir/stm32c5xx_drivers/hal/stm32c5xx_hal_uart.c.obj
 .text.LL_USART_SetTransferDirection
                0x08004220       0x48 CMakeFiles/STM32C562_Project7.dir/stm32c5xx_drivers/hal/stm32c5xx_hal_uart.c.obj
 .text.LL_USART_SetPrescaler
                0x08004268       0x28 CMakeFiles/STM32C562_Project7.dir/stm32c5xx_drivers/hal/stm32c5xx_hal_uart.c.obj
 .text.LL_USART_SetHWFlowCtrl
                0x08004290       0x26 CMakeFiles/STM32C562_Project7.dir/stm32c5xx_drivers/hal/stm32c5xx_hal_uart.c.obj
 .text.LL_USART_EnableOneBitSample
                0x080042b6       0x20 CMakeFiles/STM32C562_Project7.dir/stm32c5xx_drivers/hal/stm32c5xx_hal_uart.c.obj
 .text.LL_USART_DisableOneBitSample
                0x080042d6       0x20 CMakeFiles/STM32C562_Project7.dir/stm32c5xx_drivers/hal/stm32c5xx_hal_uart.c.obj
 *fill*         0x080042f6        0x2 
 .text.LL_USART_SetBaudRate
                0x080042f8       0x9c CMakeFiles/STM32C562_Project7.dir/stm32c5xx_drivers/hal/stm32c5xx_hal_uart.c.obj
 .text.LL_USART_IsEnabledHalfDuplex
                0x08004394       0x26 CMakeFiles/STM32C562_Project7.dir/stm32c5xx_drivers/hal/stm32c5xx_hal_uart.c.obj
 .text.LL_USART_ConfigAsyncMode
                0x080043ba       0x2c CMakeFiles/STM32C562_Project7.dir/stm32c5xx_drivers/hal/stm32c5xx_hal_uart.c.obj
 .text.LL_USART_IsActiveFlag_RTO
                0x080043e6       0x28 CMakeFiles/STM32C562_Project7.dir/stm32c5xx_drivers/hal/stm32c5xx_hal_uart.c.obj
 .text.LL_USART_IsActiveFlag_TEACK
                0x0800440e       0x28 CMakeFiles/STM32C562_Project7.dir/stm32c5xx_drivers/hal/stm32c5xx_hal_uart.c.obj
 .text.LL_USART_IsActiveFlag_REACK
                0x08004436       0x28 CMakeFiles/STM32C562_Project7.dir/stm32c5xx_drivers/hal/stm32c5xx_hal_uart.c.obj
 .text.LL_USART_ClearFlag_RTO
                0x0800445e       0x1c CMakeFiles/STM32C562_Project7.dir/stm32c5xx_drivers/hal/stm32c5xx_hal_uart.c.obj
 .text.LL_USART_DisableIT_CR1
                0x0800447a       0x46 CMakeFiles/STM32C562_Project7.dir/stm32c5xx_drivers/hal/stm32c5xx_hal_uart.c.obj
 .text.LL_USART_DisableIT_CR3
                0x080044c0       0x4a CMakeFiles/STM32C562_Project7.dir/stm32c5xx_drivers/hal/stm32c5xx_hal_uart.c.obj
 .text.LL_USART_TransmitData8
                0x0800450a       0x1e CMakeFiles/STM32C562_Project7.dir/stm32c5xx_drivers/hal/stm32c5xx_hal_uart.c.obj
 .text.LL_USART_TransmitData9
                0x08004528       0x22 CMakeFiles/STM32C562_Project7.dir/stm32c5xx_drivers/hal/stm32c5xx_hal_uart.c.obj
 *fill*         0x0800454a        0x2 
 .text.LL_LPUART_DIV
                0x0800454c       0x8c CMakeFiles/STM32C562_Project7.dir/stm32c5xx_drivers/hal/stm32c5xx_hal_uart.c.obj
 .text.LL_LPUART_ConfigXfer
                0x080045d8       0x3c CMakeFiles/STM32C562_Project7.dir/stm32c5xx_drivers/hal/stm32c5xx_hal_uart.c.obj
 .text.LL_LPUART_SetBaudRate
                0x08004614       0x2c CMakeFiles/STM32C562_Project7.dir/stm32c5xx_drivers/hal/stm32c5xx_hal_uart.c.obj
 .text.HAL_UART_Init
                0x08004640       0x52 CMakeFiles/STM32C562_Project7.dir/stm32c5xx_drivers/hal/stm32c5xx_hal_uart.c.obj
                0x08004640                HAL_UART_Init
 *fill*         0x08004692        0x2 
 .text.HAL_UART_SetConfig
                0x08004694      0x12c CMakeFiles/STM32C562_Project7.dir/stm32c5xx_drivers/hal/stm32c5xx_hal_uart.c.obj
                0x08004694                HAL_UART_SetConfig
 .text.HAL_UART_Transmit
                0x080047c0      0x12c CMakeFiles/STM32C562_Project7.dir/stm32c5xx_drivers/hal/stm32c5xx_hal_uart.c.obj
                0x080047c0                HAL_UART_Transmit
 .text.UART_CheckEnabledState
                0x080048ec       0xb0 CMakeFiles/STM32C562_Project7.dir/stm32c5xx_drivers/hal/stm32c5xx_hal_uart.c.obj
 .text.UART_WaitOnFlagUntilTimeout
                0x0800499c       0xb6 CMakeFiles/STM32C562_Project7.dir/stm32c5xx_drivers/hal/stm32c5xx_hal_uart.c.obj
 .text._kill    0x08004a52       0x20 CMakeFiles/STM32C562_Project7.dir/utilities/syscalls/syscalls.c.obj
                0x08004a52                _kill
 .text._exit    0x08004a72       0x16 CMakeFiles/STM32C562_Project7.dir/utilities/syscalls/syscalls.c.obj
                0x08004a72                _exit
 .text._read    0x08004a88       0x3a CMakeFiles/STM32C562_Project7.dir/utilities/syscalls/syscalls.c.obj
                0x08004a88                _read
 .text._close   0x08004ac2       0x18 CMakeFiles/STM32C562_Project7.dir/utilities/syscalls/syscalls.c.obj
                0x08004ac2                _close
 .text._fstat   0x08004ada       0x20 CMakeFiles/STM32C562_Project7.dir/utilities/syscalls/syscalls.c.obj
                0x08004ada                _fstat
 .text._isatty  0x08004afa       0x16 CMakeFiles/STM32C562_Project7.dir/utilities/syscalls/syscalls.c.obj
                0x08004afa                _isatty
 .text._lseek   0x08004b10       0x1a CMakeFiles/STM32C562_Project7.dir/utilities/syscalls/syscalls.c.obj
                0x08004b10                _lseek
 *fill*         0x08004b2a        0x2 
 .text._sbrk    0x08004b2c       0x6c CMakeFiles/STM32C562_Project7.dir/utilities/syscalls/sysmem.c.obj
                0x08004b2c                _sbrk
 .text.printf   0x08004b98       0x24 C:/ST/STM32CubeIDE_2.1.1/STM32CubeIDE/plugins/com.st.stm32cube.ide.mcu.externaltools.gnu-tools-for-stm32.14.3.rel1.win32_1.0.100.202602081740/tools/bin/../lib/gcc/arm-none-eabi/14.3.1/../../../../arm-none-eabi/lib/thumb/v8-m.main+fp/hard\libc_nano.a(libc_a-printf.o)
                0x08004b98                iprintf
                0x08004b98                printf
 .text._puts_r  0x08004bbc       0xaa C:/ST/STM32CubeIDE_2.1.1/STM32CubeIDE/plugins/com.st.stm32cube.ide.mcu.externaltools.gnu-tools-for-stm32.14.3.rel1.win32_1.0.100.202602081740/tools/bin/../lib/gcc/arm-none-eabi/14.3.1/../../../../arm-none-eabi/lib/thumb/v8-m.main+fp/hard\libc_nano.a(libc_a-puts.o)
                0x08004bbc                _puts_r
 *fill*         0x08004c66        0x2 
 .text.puts     0x08004c68       0x10 C:/ST/STM32CubeIDE_2.1.1/STM32CubeIDE/plugins/com.st.stm32cube.ide.mcu.externaltools.gnu-tools-for-stm32.14.3.rel1.win32_1.0.100.202602081740/tools/bin/../lib/gcc/arm-none-eabi/14.3.1/../../../../arm-none-eabi/lib/thumb/v8-m.main+fp/hard\libc_nano.a(libc_a-puts.o)
                0x08004c68                puts
 .text.__swbuf_r
                0x08004c78       0x7c C:/ST/STM32CubeIDE_2.1.1/STM32CubeIDE/plugins/com.st.stm32cube.ide.mcu.externaltools.gnu-tools-for-stm32.14.3.rel1.win32_1.0.100.202602081740/tools/bin/../lib/gcc/arm-none-eabi/14.3.1/../../../../arm-none-eabi/lib/thumb/v8-m.main+fp/hard\libc_nano.a(libc_a-wbuf.o)
                0x08004c78                __swbuf_r
 .text.__swsetup_r
                0x08004cf4       0xa8 C:/ST/STM32CubeIDE_2.1.1/STM32CubeIDE/plugins/com.st.stm32cube.ide.mcu.externaltools.gnu-tools-for-stm32.14.3.rel1.win32_1.0.100.202602081740/tools/bin/../lib/gcc/arm-none-eabi/14.3.1/../../../../arm-none-eabi/lib/thumb/v8-m.main+fp/hard\libc_nano.a(libc_a-wsetup.o)
                0x08004cf4                __swsetup_r
 .text.__errno  0x08004d9c        0xc C:/ST/STM32CubeIDE_2.1.1/STM32CubeIDE/plugins/com.st.stm32cube.ide.mcu.externaltools.gnu-tools-for-stm32.14.3.rel1.win32_1.0.100.202602081740/tools/bin/../lib/gcc/arm-none-eabi/14.3.1/../../../../arm-none-eabi/lib/thumb/v8-m.main+fp/hard\libc_nano.a(libc_a-errno.o)
                0x08004d9c                __errno
 .text.__sfputc_r
                0x08004da8       0x2e C:/ST/STM32CubeIDE_2.1.1/STM32CubeIDE/plugins/com.st.stm32cube.ide.mcu.externaltools.gnu-tools-for-stm32.14.3.rel1.win32_1.0.100.202602081740/tools/bin/../lib/gcc/arm-none-eabi/14.3.1/../../../../arm-none-eabi/lib/thumb/v8-m.main+fp/hard\libc_nano.a(libc_a-nano-vfprintf.o)
 .text.__sfputs_r
                0x08004dd6       0x24 C:/ST/STM32CubeIDE_2.1.1/STM32CubeIDE/plugins/com.st.stm32cube.ide.mcu.externaltools.gnu-tools-for-stm32.14.3.rel1.win32_1.0.100.202602081740/tools/bin/../lib/gcc/arm-none-eabi/14.3.1/../../../../arm-none-eabi/lib/thumb/v8-m.main+fp/hard\libc_nano.a(libc_a-nano-vfprintf.o)
                0x08004dd6                __sfputs_r
 *fill*         0x08004dfa        0x2 
 .text._vfprintf_r
                0x08004dfc      0x228 C:/ST/STM32CubeIDE_2.1.1/STM32CubeIDE/plugins/com.st.stm32cube.ide.mcu.externaltools.gnu-tools-for-stm32.14.3.rel1.win32_1.0.100.202602081740/tools/bin/../lib/gcc/arm-none-eabi/14.3.1/../../../../arm-none-eabi/lib/thumb/v8-m.main+fp/hard\libc_nano.a(libc_a-nano-vfprintf.o)
                0x08004dfc                _vfprintf_r
                0x08004dfc                _vfiprintf_r
 .text._printf_common
                0x08005024       0xe4 C:/ST/STM32CubeIDE_2.1.1/STM32CubeIDE/plugins/com.st.stm32cube.ide.mcu.externaltools.gnu-tools-for-stm32.14.3.rel1.win32_1.0.100.202602081740/tools/bin/../lib/gcc/arm-none-eabi/14.3.1/../../../../arm-none-eabi/lib/thumb/v8-m.main+fp/hard\libc_nano.a(libc_a-nano-vfprintf_i.o)
                0x08005024                _printf_common
 .text._printf_i
                0x08005108      0x24c C:/ST/STM32CubeIDE_2.1.1/STM32CubeIDE/plugins/com.st.stm32cube.ide.mcu.externaltools.gnu-tools-for-stm32.14.3.rel1.win32_1.0.100.202602081740/tools/bin/../lib/gcc/arm-none-eabi/14.3.1/../../../../arm-none-eabi/lib/thumb/v8-m.main+fp/hard\libc_nano.a(libc_a-nano-vfprintf_i.o)
                0x08005108                _printf_i
 .text.__swhatbuf_r
                0x08005354       0x48 C:/ST/STM32CubeIDE_2.1.1/STM32CubeIDE/plugins/com.st.stm32cube.ide.mcu.externaltools.gnu-tools-for-stm32.14.3.rel1.win32_1.0.100.202602081740/tools/bin/../lib/gcc/arm-none-eabi/14.3.1/../../../../arm-none-eabi/lib/thumb/v8-m.main+fp/hard\libc_nano.a(libc_a-makebuf.o)
                0x08005354                __swhatbuf_r
 .text.__smakebuf_r
                0x0800539c       0x72 C:/ST/STM32CubeIDE_2.1.1/STM32CubeIDE/plugins/com.st.stm32cube.ide.mcu.externaltools.gnu-tools-for-stm32.14.3.rel1.win32_1.0.100.202602081740/tools/bin/../lib/gcc/arm-none-eabi/14.3.1/../../../../arm-none-eabi/lib/thumb/v8-m.main+fp/hard\libc_nano.a(libc_a-makebuf.o)
                0x0800539c                __smakebuf_r
 *fill*         0x0800540e        0x2 
 .text._fstat_r
                0x08005410       0x24 C:/ST/STM32CubeIDE_2.1.1/STM32CubeIDE/plugins/com.st.stm32cube.ide.mcu.externaltools.gnu-tools-for-stm32.14.3.rel1.win32_1.0.100.202602081740/tools/bin/../lib/gcc/arm-none-eabi/14.3.1/../../../../arm-none-eabi/lib/thumb/v8-m.main+fp/hard\libc_nano.a(libc_a-fstatr.o)
                0x08005410                _fstat_r
 .text._isatty_r
                0x08005434       0x20 C:/ST/STM32CubeIDE_2.1.1/STM32CubeIDE/plugins/com.st.stm32cube.ide.mcu.externaltools.gnu-tools-for-stm32.14.3.rel1.win32_1.0.100.202602081740/tools/bin/../lib/gcc/arm-none-eabi/14.3.1/../../../../arm-none-eabi/lib/thumb/v8-m.main+fp/hard\libc_nano.a(libc_a-isattyr.o)
                0x08005434                _isatty_r
 .text.memchr   0x08005454       0x1c C:/ST/STM32CubeIDE_2.1.1/STM32CubeIDE/plugins/com.st.stm32cube.ide.mcu.externaltools.gnu-tools-for-stm32.14.3.rel1.win32_1.0.100.202602081740/tools/bin/../lib/gcc/arm-none-eabi/14.3.1/../../../../arm-none-eabi/lib/thumb/v8-m.main+fp/hard\libc_nano.a(libc_a-memchr-stub.o)
                0x08005454                memchr
 *(.glue_7)
 .glue_7        0x08005470        0x0 linker stubs
 *(.glue_7t)
 .glue_7t       0x08005470        0x0 linker stubs
 *(.eh_frame)
 .eh_frame      0x08005470        0x0 C:/ST/STM32CubeIDE_2.1.1/STM32CubeIDE/plugins/com.st.stm32cube.ide.mcu.externaltools.gnu-tools-for-stm32.14.3.rel1.win32_1.0.100.202602081740/tools/bin/../lib/gcc/arm-none-eabi/14.3.1/thumb/v8-m.main+fp/hard/crtbegin.o
 *(.init)
 .init          0x08005470        0x4 C:/ST/STM32CubeIDE_2.1.1/STM32CubeIDE/plugins/com.st.stm32cube.ide.mcu.externaltools.gnu-tools-for-stm32.14.3.rel1.win32_1.0.100.202602081740/tools/bin/../lib/gcc/arm-none-eabi/14.3.1/thumb/v8-m.main+fp/hard/crti.o
                0x08005470                _init
 .init          0x08005474        0x8 C:/ST/STM32CubeIDE_2.1.1/STM32CubeIDE/plugins/com.st.stm32cube.ide.mcu.externaltools.gnu-tools-for-stm32.14.3.rel1.win32_1.0.100.202602081740/tools/bin/../lib/gcc/arm-none-eabi/14.3.1/thumb/v8-m.main+fp/hard/crtn.o
 *(.fini)
 .fini          0x0800547c        0x4 C:/ST/STM32CubeIDE_2.1.1/STM32CubeIDE/plugins/com.st.stm32cube.ide.mcu.externaltools.gnu-tools-for-stm32.14.3.rel1.win32_1.0.100.202602081740/tools/bin/../lib/gcc/arm-none-eabi/14.3.1/thumb/v8-m.main+fp/hard/crti.o
                0x0800547c                _fini
 .fini          0x08005480        0x8 C:/ST/STM32CubeIDE_2.1.1/STM32CubeIDE/plugins/com.st.stm32cube.ide.mcu.externaltools.gnu-tools-for-stm32.14.3.rel1.win32_1.0.100.202602081740/tools/bin/../lib/gcc/arm-none-eabi/14.3.1/thumb/v8-m.main+fp/hard/crtn.o
                0x08005488                        . = ALIGN (0x8)
                0x08005488                        _etext = .

.vfp11_veneer   0x08005488        0x0
 .vfp11_veneer  0x08005488        0x0 linker stubs

.v4_bx          0x08005488        0x0
 .v4_bx         0x08005488        0x0 linker stubs

.iplt           0x08005488        0x0
 .iplt          0x08005488        0x0 C:/ST/STM32CubeIDE_2.1.1/STM32CubeIDE/plugins/com.st.stm32cube.ide.mcu.externaltools.gnu-tools-for-stm32.14.3.rel1.win32_1.0.100.202602081740/tools/bin/../lib/gcc/arm-none-eabi/14.3.1/thumb/v8-m.main+fp/hard/crtbegin.o

.rodata         0x08005488      0x1a0
                0x08005488                        . = ALIGN (0x8)
 *(.rodata)
 .rodata        0x08005488       0xad CMakeFiles/STM32C562_Project7.dir/main.c.obj
 *(.rodata*)
 *fill*         0x08005535        0x3 
 .rodata.AHBPrescTable
                0x08005538       0x10 CMakeFiles/STM32C562_Project7.dir/user_modifiable/Device/STM32C562CET6/system_stm32c5xx.c.obj
                0x08005538                AHBPrescTable
 .rodata.APBPrescTable
                0x08005548        0x8 CMakeFiles/STM32C562_Project7.dir/user_modifiable/Device/STM32C562CET6/system_stm32c5xx.c.obj
                0x08005548                APBPrescTable
 .rodata.LL_ADC_CHANNEL_LUT
                0x08005550       0x40 CMakeFiles/STM32C562_Project7.dir/stm32c5xx_drivers/hal/stm32c5xx_hal_adc.c.obj
 .rodata.USART_PRESCALER_TAB
                0x08005590       0x40 CMakeFiles/STM32C562_Project7.dir/stm32c5xx_drivers/hal/stm32c5xx_hal_uart.c.obj
 .rodata.LL_LPUART_PRESCALER_TAB
                0x080055d0       0x20 CMakeFiles/STM32C562_Project7.dir/stm32c5xx_drivers/hal/stm32c5xx_hal_uart.c.obj
 .rodata._vfprintf_r.str1.1
                0x080055f0       0x33 C:/ST/STM32CubeIDE_2.1.1/STM32CubeIDE/plugins/com.st.stm32cube.ide.mcu.externaltools.gnu-tools-for-stm32.14.3.rel1.win32_1.0.100.202602081740/tools/bin/../lib/gcc/arm-none-eabi/14.3.1/../../../../arm-none-eabi/lib/thumb/v8-m.main+fp/hard\libc_nano.a(libc_a-nano-vfprintf.o)
                                 0x11 (size before relaxing)
 .rodata._printf_i.str1.1
                0x08005623       0x22 C:/ST/STM32CubeIDE_2.1.1/STM32CubeIDE/plugins/com.st.stm32cube.ide.mcu.externaltools.gnu-tools-for-stm32.14.3.rel1.win32_1.0.100.202602081740/tools/bin/../lib/gcc/arm-none-eabi/14.3.1/../../../../arm-none-eabi/lib/thumb/v8-m.main+fp/hard\libc_nano.a(libc_a-nano-vfprintf_i.o)
                0x08005648                        . = ALIGN (0x8)
 *fill*         0x08005623        0x5 

.ARM.extab      0x08005628        0x0
                0x08005628                        . = ALIGN (0x8)
 *(.ARM.extab* .gnu.linkonce.armextab.*)
                0x08005628                        . = ALIGN (0x8)

.ARM            0x08005628        0x8
                0x08005628                        . = ALIGN (0x8)
                0x08005628                        __exidx_start = .
 *(.ARM.exidx*)
 .ARM.exidx     0x08005628        0x8 C:/ST/STM32CubeIDE_2.1.1/STM32CubeIDE/plugins/com.st.stm32cube.ide.mcu.externaltools.gnu-tools-for-stm32.14.3.rel1.win32_1.0.100.202602081740/tools/bin/../lib/gcc/arm-none-eabi/14.3.1/../../../../arm-none-eabi/lib/thumb/v8-m.main+fp/hard/crt0.o
                                 0x10 (size before relaxing)
 .ARM.exidx     0x08005630        0x0 C:/ST/STM32CubeIDE_2.1.1/STM32CubeIDE/plugins/com.st.stm32cube.ide.mcu.externaltools.gnu-tools-for-stm32.14.3.rel1.win32_1.0.100.202602081740/tools/bin/../lib/gcc/arm-none-eabi/14.3.1/thumb/v8-m.main+fp/hard\libgcc.a(_udivmoddi4.o)
                                  0x8 (size before relaxing)
                0x08005630                        __exidx_end = .
                0x08005630                        . = ALIGN (0x8)

.preinit_array  0x08005630        0x0
                0x08005630                        . = ALIGN (0x8)
                0x08005630                        PROVIDE (__preinit_array_start = .)
 *(.preinit_array*)
                0x08005630                        PROVIDE (__preinit_array_end = .)
                0x08005630                        . = ALIGN (0x8)

.init_array     0x08005630        0x8
                0x08005630                        . = ALIGN (0x8)
                0x08005630                        PROVIDE (__init_array_start = .)
 *(SORT_BY_NAME(.init_array.*))
 *(.init_array*)
 .init_array    0x08005630        0x4 C:/ST/STM32CubeIDE_2.1.1/STM32CubeIDE/plugins/com.st.stm32cube.ide.mcu.externaltools.gnu-tools-for-stm32.14.3.rel1.win32_1.0.100.202602081740/tools/bin/../lib/gcc/arm-none-eabi/14.3.1/thumb/v8-m.main+fp/hard/crtbegin.o
                0x08005634                        PROVIDE (__init_array_end = .)
                0x08005638                        . = ALIGN (0x8)
 *fill*         0x08005634        0x4 

.fini_array     0x08005638        0x8
                0x08005638                        . = ALIGN (0x8)
                [!provide]                        PROVIDE (__fini_array_start = .)
 *(SORT_BY_NAME(.fini_array.*))
 *(.fini_array*)
 .fini_array    0x08005638        0x4 C:/ST/STM32CubeIDE_2.1.1/STM32CubeIDE/plugins/com.st.stm32cube.ide.mcu.externaltools.gnu-tools-for-stm32.14.3.rel1.win32_1.0.100.202602081740/tools/bin/../lib/gcc/arm-none-eabi/14.3.1/thumb/v8-m.main+fp/hard/crtbegin.o
                [!provide]                        PROVIDE (__fini_array_end = .)
                0x08005640                        . = ALIGN (0x8)
 *fill*         0x0800563c        0x4 

.copy.table     0x08005640        0xc
                0x08005640                        . = ALIGN (0x8)
                0x08005640                        __copy_table_start__ = .
                0x08005640        0x4 LONG 0x8005658 LOADADDR (.data)
                0x08005644        0x4 LONG 0x20000000 ADDR (.data)
                0x08005648        0x4 LONG 0x1a (SIZEOF (.data) / 0x4)
                0x0800564c                        __copy_table_end__ = .

.zero.table     0x0800564c        0xc
                0x08005650                        . = ALIGN (0x8)
 *fill*         0x0800564c        0x4 
                0x08005650                        __zero_table_start__ = .
                0x08005650        0x4 LONG 0x20000068 ADDR (.bss)
                0x08005654        0x4 LONG 0x78 (SIZEOF (.bss) / 0x4)
                0x08005658                        __zero_table_end__ = .

.rel.dyn        0x08005658        0x0
 .rel.iplt      0x08005658        0x0 C:/ST/STM32CubeIDE_2.1.1/STM32CubeIDE/plugins/com.st.stm32cube.ide.mcu.externaltools.gnu-tools-for-stm32.14.3.rel1.win32_1.0.100.202602081740/tools/bin/../lib/gcc/arm-none-eabi/14.3.1/thumb/v8-m.main+fp/hard/crtbegin.o

.data           0x20000000       0x68 load address 0x08005658
                0x20000000                        . = ALIGN (0x8)
                0x08005658                        _sidata = LOADADDR (.data)
                0x20000000                        __data_start__ = .
                0x20000000                        _sdata = .
 *(.data)
 *(.data*)
 .data.__sglue  0x20000000        0xc C:/ST/STM32CubeIDE_2.1.1/STM32CubeIDE/plugins/com.st.stm32cube.ide.mcu.externaltools.gnu-tools-for-stm32.14.3.rel1.win32_1.0.100.202602081740/tools/bin/../lib/gcc/arm-none-eabi/14.3.1/../../../../arm-none-eabi/lib/thumb/v8-m.main+fp/hard\libc_nano.a(libc_a-findfp.o)
                0x20000000                __sglue
 .data._impure_ptr
                0x2000000c        0x4 C:/ST/STM32CubeIDE_2.1.1/STM32CubeIDE/plugins/com.st.stm32cube.ide.mcu.externaltools.gnu-tools-for-stm32.14.3.rel1.win32_1.0.100.202602081740/tools/bin/../lib/gcc/arm-none-eabi/14.3.1/../../../../arm-none-eabi/lib/thumb/v8-m.main+fp/hard\libc_nano.a(libc_a-impure.o)
                0x2000000c                _impure_ptr
 .data._impure_data
                0x20000010       0x4c C:/ST/STM32CubeIDE_2.1.1/STM32CubeIDE/plugins/com.st.stm32cube.ide.mcu.externaltools.gnu-tools-for-stm32.14.3.rel1.win32_1.0.100.202602081740/tools/bin/../lib/gcc/arm-none-eabi/14.3.1/../../../../arm-none-eabi/lib/thumb/v8-m.main+fp/hard\libc_nano.a(libc_a-impure.o)
                0x20000010                _impure_data
 .data.SystemCoreClock
                0x2000005c        0x4 CMakeFiles/STM32C562_Project7.dir/user_modifiable/Device/STM32C562CET6/system_stm32c5xx.c.obj
                0x2000005c                SystemCoreClock
 .data.uwTickPrio
                0x20000060        0x4 CMakeFiles/STM32C562_Project7.dir/stm32c5xx_drivers/hal/stm32c5xx_hal.c.obj
                0x20000060                uwTickPrio
 .data.uwTickFreq
                0x20000064        0x1 CMakeFiles/STM32C562_Project7.dir/stm32c5xx_drivers/hal/stm32c5xx_hal.c.obj
                0x20000064                uwTickFreq
                0x20000068                        . = ALIGN (0x8)
 *fill*         0x20000065        0x3 
                0x20000068                        _edata = .

.igot.plt       0x20000068        0x0 load address 0x080056c0
 .igot.plt      0x20000068        0x0 C:/ST/STM32CubeIDE_2.1.1/STM32CubeIDE/plugins/com.st.stm32cube.ide.mcu.externaltools.gnu-tools-for-stm32.14.3.rel1.win32_1.0.100.202602081740/tools/bin/../lib/gcc/arm-none-eabi/14.3.1/thumb/v8-m.main+fp/hard/crtbegin.o

.bss            0x20000068      0x1e0 load address 0x080056c0
                0x20000068                        . = ALIGN (0x8)
                0x20000068                        _sbss = .
                0x20000068                        __bss_start__ = _sbss
 *(.bss)
 .bss           0x20000068       0x1c C:/ST/STM32CubeIDE_2.1.1/STM32CubeIDE/plugins/com.st.stm32cube.ide.mcu.externaltools.gnu-tools-for-stm32.14.3.rel1.win32_1.0.100.202602081740/tools/bin/../lib/gcc/arm-none-eabi/14.3.1/thumb/v8-m.main+fp/hard/crtbegin.o
 *(.bss*)
 .bss.__sf      0x20000084      0x138 C:/ST/STM32CubeIDE_2.1.1/STM32CubeIDE/plugins/com.st.stm32cube.ide.mcu.externaltools.gnu-tools-for-stm32.14.3.rel1.win32_1.0.100.202602081740/tools/bin/../lib/gcc/arm-none-eabi/14.3.1/../../../../arm-none-eabi/lib/thumb/v8-m.main+fp/hard\libc_nano.a(libc_a-findfp.o)
                0x20000084                __sf
 .bss.__stdio_exit_handler
                0x200001bc        0x4 C:/ST/STM32CubeIDE_2.1.1/STM32CubeIDE/plugins/com.st.stm32cube.ide.mcu.externaltools.gnu-tools-for-stm32.14.3.rel1.win32_1.0.100.202602081740/tools/bin/../lib/gcc/arm-none-eabi/14.3.1/../../../../arm-none-eabi/lib/thumb/v8-m.main+fp/hard\libc_nano.a(libc_a-findfp.o)
                0x200001bc                __stdio_exit_handler
 .bss.errno     0x200001c0        0x4 C:/ST/STM32CubeIDE_2.1.1/STM32CubeIDE/plugins/com.st.stm32cube.ide.mcu.externaltools.gnu-tools-for-stm32.14.3.rel1.win32_1.0.100.202602081740/tools/bin/../lib/gcc/arm-none-eabi/14.3.1/../../../../arm-none-eabi/lib/thumb/v8-m.main+fp/hard\libc_nano.a(libc_a-reent.o)
                0x200001c0                errno
 .bss.__lock___malloc_recursive_mutex
                0x200001c4        0x1 C:/ST/STM32CubeIDE_2.1.1/STM32CubeIDE/plugins/com.st.stm32cube.ide.mcu.externaltools.gnu-tools-for-stm32.14.3.rel1.win32_1.0.100.202602081740/tools/bin/../lib/gcc/arm-none-eabi/14.3.1/../../../../arm-none-eabi/lib/thumb/v8-m.main+fp/hard\libc_nano.a(libc_a-lock.o)
                0x200001c4                __lock___malloc_recursive_mutex
 .bss.__lock___sfp_recursive_mutex
                0x200001c5        0x1 C:/ST/STM32CubeIDE_2.1.1/STM32CubeIDE/plugins/com.st.stm32cube.ide.mcu.externaltools.gnu-tools-for-stm32.14.3.rel1.win32_1.0.100.202602081740/tools/bin/../lib/gcc/arm-none-eabi/14.3.1/../../../../arm-none-eabi/lib/thumb/v8-m.main+fp/hard\libc_nano.a(libc_a-lock.o)
                0x200001c5                __lock___sfp_recursive_mutex
 *fill*         0x200001c6        0x2 
 .bss.__malloc_sbrk_start
                0x200001c8        0x4 C:/ST/STM32CubeIDE_2.1.1/STM32CubeIDE/plugins/com.st.stm32cube.ide.mcu.externaltools.gnu-tools-for-stm32.14.3.rel1.win32_1.0.100.202602081740/tools/bin/../lib/gcc/arm-none-eabi/14.3.1/../../../../arm-none-eabi/lib/thumb/v8-m.main+fp/hard\libc_nano.a(libc_a-mallocr.o)
                0x200001c8                __malloc_sbrk_start
 .bss.__malloc_free_list
                0x200001cc        0x4 C:/ST/STM32CubeIDE_2.1.1/STM32CubeIDE/plugins/com.st.stm32cube.ide.mcu.externaltools.gnu-tools-for-stm32.14.3.rel1.win32_1.0.100.202602081740/tools/bin/../lib/gcc/arm-none-eabi/14.3.1/../../../../arm-none-eabi/lib/thumb/v8-m.main+fp/hard\libc_nano.a(libc_a-mallocr.o)
                0x200001cc                __malloc_free_list
 .bss.hADC1     0x200001d0       0x1c CMakeFiles/STM32C562_Project7.dir/generated/hal/mx_adc1.c.obj
 .bss.hDAC1     0x200001ec       0x10 CMakeFiles/STM32C562_Project7.dir/generated/hal/mx_dac1.c.obj
 .bss.hICACHE   0x200001fc        0x8 CMakeFiles/STM32C562_Project7.dir/generated/hal/mx_icache.c.obj
 .bss.hUSART1   0x20000204       0x3c CMakeFiles/STM32C562_Project7.dir/generated/hal/mx_usart1.c.obj
 .bss.uwTick    0x20000240        0x4 CMakeFiles/STM32C562_Project7.dir/stm32c5xx_drivers/hal/stm32c5xx_hal.c.obj
                0x20000240                uwTick
 .bss.__sbrk_heap_end
                0x20000244        0x4 CMakeFiles/STM32C562_Project7.dir/utilities/syscalls/sysmem.c.obj
 *(COMMON)
                0x20000248                        . = ALIGN (0x8)
                0x20000248                        _ebss = .
                0x20000248                        __bss_end__ = _ebss

.heap           0x20000248      0x200 load address 0x080056c0
                0x20000248                        . = ALIGN (0x8)
                0x20000248                        __end__ = .
                [!provide]                        PROVIDE (end = .)
                0x20000248                        _heap_start = .
                0x20000448                        . = (. + HEAP_SIZE)
 *fill*         0x20000248      0x200 
                0x20000448                        . = ALIGN (0x8)
                0x20000448                        _heap_end = .
                0x20000448                        __HeapLimit = .

.stack          0x20000448      0x400 load address 0x080056c0
                0x20000448                        . = ALIGN (0x8)
                0x20000448                        __StackLimit = .
                0x20000848                        . = (. + STACK_SIZE)
 *fill*         0x20000448      0x400 
                0x20000848                        . = ALIGN (0x8)
                0x20000848                        __StackTop = .
                0x20000848                        _estack = .
                0x20000848                        __stack = .

/DISCARD/
 libc.a(*)
 libm.a(*)
 libgcc.a(*)

.ARM.attributes
                0x00000000       0x36
 *(.ARM.attributes)
 .ARM.attributes
                0x00000000       0x26 C:/ST/STM32CubeIDE_2.1.1/STM32CubeIDE/plugins/com.st.stm32cube.ide.mcu.externaltools.gnu-tools-for-stm32.14.3.rel1.win32_1.0.100.202602081740/tools/bin/../lib/gcc/arm-none-eabi/14.3.1/thumb/v8-m.main+fp/hard/crti.o
 .ARM.attributes
                0x00000026       0x38 C:/ST/STM32CubeIDE_2.1.1/STM32CubeIDE/plugins/com.st.stm32cube.ide.mcu.externaltools.gnu-tools-for-stm32.14.3.rel1.win32_1.0.100.202602081740/tools/bin/../lib/gcc/arm-none-eabi/14.3.1/thumb/v8-m.main+fp/hard/crtbegin.o
 .ARM.attributes
                0x0000005e       0x24 C:/ST/STM32CubeIDE_2.1.1/STM32CubeIDE/plugins/com.st.stm32cube.ide.mcu.externaltools.gnu-tools-for-stm32.14.3.rel1.win32_1.0.100.202602081740/tools/bin/../lib/gcc/arm-none-eabi/14.3.1/../../../../arm-none-eabi/lib/thumb/v8-m.main+fp/hard/crt0.o
 .ARM.attributes
                0x00000082       0x38 C:/ST/STM32CubeIDE_2.1.1/STM32CubeIDE/plugins/com.st.stm32cube.ide.mcu.externaltools.gnu-tools-for-stm32.14.3.rel1.win32_1.0.100.202602081740/tools/bin/../lib/gcc/arm-none-eabi/14.3.1/../../../../arm-none-eabi/lib/thumb/v8-m.main+fp/hard\libc_nano.a(libc_a-exit.o)
 .ARM.attributes
                0x000000ba       0x38 C:/ST/STM32CubeIDE_2.1.1/STM32CubeIDE/plugins/com.st.stm32cube.ide.mcu.externaltools.gnu-tools-for-stm32.14.3.rel1.win32_1.0.100.202602081740/tools/bin/../lib/gcc/arm-none-eabi/14.3.1/../../../../arm-none-eabi/lib/thumb/v8-m.main+fp/hard\libc_nano.a(libc_a-findfp.o)
 .ARM.attributes
                0x000000f2       0x38 C:/ST/STM32CubeIDE_2.1.1/STM32CubeIDE/plugins/com.st.stm32cube.ide.mcu.externaltools.gnu-tools-for-stm32.14.3.rel1.win32_1.0.100.202602081740/tools/bin/../lib/gcc/arm-none-eabi/14.3.1/../../../../arm-none-eabi/lib/thumb/v8-m.main+fp/hard\libc_nano.a(libc_a-fwalk.o)
 .ARM.attributes
                0x0000012a       0x38 C:/ST/STM32CubeIDE_2.1.1/STM32CubeIDE/plugins/com.st.stm32cube.ide.mcu.externaltools.gnu-tools-for-stm32.14.3.rel1.win32_1.0.100.202602081740/tools/bin/../lib/gcc/arm-none-eabi/14.3.1/../../../../arm-none-eabi/lib/thumb/v8-m.main+fp/hard\libc_nano.a(libc_a-stdio.o)
 .ARM.attributes
                0x00000162       0x38 C:/ST/STM32CubeIDE_2.1.1/STM32CubeIDE/plugins/com.st.stm32cube.ide.mcu.externaltools.gnu-tools-for-stm32.14.3.rel1.win32_1.0.100.202602081740/tools/bin/../lib/gcc/arm-none-eabi/14.3.1/../../../../arm-none-eabi/lib/thumb/v8-m.main+fp/hard\libc_nano.a(libc_a-memset.o)
 .ARM.attributes
                0x0000019a       0x38 C:/ST/STM32CubeIDE_2.1.1/STM32CubeIDE/plugins/com.st.stm32cube.ide.mcu.externaltools.gnu-tools-for-stm32.14.3.rel1.win32_1.0.100.202602081740/tools/bin/../lib/gcc/arm-none-eabi/14.3.1/../../../../arm-none-eabi/lib/thumb/v8-m.main+fp/hard\libc_nano.a(libc_a-closer.o)
 .ARM.attributes
                0x000001d2       0x38 C:/ST/STM32CubeIDE_2.1.1/STM32CubeIDE/plugins/com.st.stm32cube.ide.mcu.externaltools.gnu-tools-for-stm32.14.3.rel1.win32_1.0.100.202602081740/tools/bin/../lib/gcc/arm-none-eabi/14.3.1/../../../../arm-none-eabi/lib/thumb/v8-m.main+fp/hard\libc_nano.a(libc_a-reent.o)
 .ARM.attributes
                0x0000020a       0x38 C:/ST/STM32CubeIDE_2.1.1/STM32CubeIDE/plugins/com.st.stm32cube.ide.mcu.externaltools.gnu-tools-for-stm32.14.3.rel1.win32_1.0.100.202602081740/tools/bin/../lib/gcc/arm-none-eabi/14.3.1/../../../../arm-none-eabi/lib/thumb/v8-m.main+fp/hard\libc_nano.a(libc_a-impure.o)
 .ARM.attributes
                0x00000242       0x38 C:/ST/STM32CubeIDE_2.1.1/STM32CubeIDE/plugins/com.st.stm32cube.ide.mcu.externaltools.gnu-tools-for-stm32.14.3.rel1.win32_1.0.100.202602081740/tools/bin/../lib/gcc/arm-none-eabi/14.3.1/../../../../arm-none-eabi/lib/thumb/v8-m.main+fp/hard\libc_nano.a(libc_a-lseekr.o)
 .ARM.attributes
                0x0000027a       0x38 C:/ST/STM32CubeIDE_2.1.1/STM32CubeIDE/plugins/com.st.stm32cube.ide.mcu.externaltools.gnu-tools-for-stm32.14.3.rel1.win32_1.0.100.202602081740/tools/bin/../lib/gcc/arm-none-eabi/14.3.1/../../../../arm-none-eabi/lib/thumb/v8-m.main+fp/hard\libc_nano.a(libc_a-readr.o)
 .ARM.attributes
                0x000002b2       0x38 C:/ST/STM32CubeIDE_2.1.1/STM32CubeIDE/plugins/com.st.stm32cube.ide.mcu.externaltools.gnu-tools-for-stm32.14.3.rel1.win32_1.0.100.202602081740/tools/bin/../lib/gcc/arm-none-eabi/14.3.1/../../../../arm-none-eabi/lib/thumb/v8-m.main+fp/hard\libc_nano.a(libc_a-writer.o)
 .ARM.attributes
                0x000002ea       0x38 C:/ST/STM32CubeIDE_2.1.1/STM32CubeIDE/plugins/com.st.stm32cube.ide.mcu.externaltools.gnu-tools-for-stm32.14.3.rel1.win32_1.0.100.202602081740/tools/bin/../lib/gcc/arm-none-eabi/14.3.1/../../../../arm-none-eabi/lib/thumb/v8-m.main+fp/hard\libc_nano.a(libc_a-init.o)
 .ARM.attributes
                0x00000322       0x38 C:/ST/STM32CubeIDE_2.1.1/STM32CubeIDE/plugins/com.st.stm32cube.ide.mcu.externaltools.gnu-tools-for-stm32.14.3.rel1.win32_1.0.100.202602081740/tools/bin/../lib/gcc/arm-none-eabi/14.3.1/../../../../arm-none-eabi/lib/thumb/v8-m.main+fp/hard\libc_nano.a(libc_a-lock.o)
 .ARM.attributes
                0x0000035a       0x38 C:/ST/STM32CubeIDE_2.1.1/STM32CubeIDE/plugins/com.st.stm32cube.ide.mcu.externaltools.gnu-tools-for-stm32.14.3.rel1.win32_1.0.100.202602081740/tools/bin/../lib/gcc/arm-none-eabi/14.3.1/../../../../arm-none-eabi/lib/thumb/v8-m.main+fp/hard\libc_nano.a(libc_a-freer.o)
 .ARM.attributes
                0x00000392       0x38 C:/ST/STM32CubeIDE_2.1.1/STM32CubeIDE/plugins/com.st.stm32cube.ide.mcu.externaltools.gnu-tools-for-stm32.14.3.rel1.win32_1.0.100.202602081740/tools/bin/../lib/gcc/arm-none-eabi/14.3.1/../../../../arm-none-eabi/lib/thumb/v8-m.main+fp/hard\libc_nano.a(libc_a-mallocr.o)
 .ARM.attributes
                0x000003ca       0x38 C:/ST/STM32CubeIDE_2.1.1/STM32CubeIDE/plugins/com.st.stm32cube.ide.mcu.externaltools.gnu-tools-for-stm32.14.3.rel1.win32_1.0.100.202602081740/tools/bin/../lib/gcc/arm-none-eabi/14.3.1/../../../../arm-none-eabi/lib/thumb/v8-m.main+fp/hard\libc_nano.a(libc_a-mlock.o)
 .ARM.attributes
                0x00000402       0x38 C:/ST/STM32CubeIDE_2.1.1/STM32CubeIDE/plugins/com.st.stm32cube.ide.mcu.externaltools.gnu-tools-for-stm32.14.3.rel1.win32_1.0.100.202602081740/tools/bin/../lib/gcc/arm-none-eabi/14.3.1/../../../../arm-none-eabi/lib/thumb/v8-m.main+fp/hard\libc_nano.a(libc_a-fflush.o)
 .ARM.attributes
                0x0000043a       0x38 C:/ST/STM32CubeIDE_2.1.1/STM32CubeIDE/plugins/com.st.stm32cube.ide.mcu.externaltools.gnu-tools-for-stm32.14.3.rel1.win32_1.0.100.202602081740/tools/bin/../lib/gcc/arm-none-eabi/14.3.1/../../../../arm-none-eabi/lib/thumb/v8-m.main+fp/hard\libc_nano.a(libc_a-sbrkr.o)
 .ARM.attributes
                0x00000472       0x3a CMakeFiles/STM32C562_Project7.dir/main.c.obj
 .ARM.attributes
                0x000004ac       0x3a CMakeFiles/STM32C562_Project7.dir/generated/hal/mx_adc1.c.obj
 .ARM.attributes