Archive member included to satisfy reference by file (symbol)

C:/ST/STM32CubeIDE_2.1.1/STM32CubeIDE/plugins/com.st.stm32cube.ide.mcu.externaltools.gnu-tools-for-stm32.14.3.rel1.win32_1.0.100.202602081740/tools/bin/../lib/gcc/arm-none-eabi/14.3.1/../../../../arm-none-eabi/lib/thumb/v8-m.main+fp/hard\libc_nano.a(libc_a-exit.o)
                              C:/ST/STM32CubeIDE_2.1.1/STM32CubeIDE/plugins/com.st.stm32cube.ide.mcu.externaltools.gnu-tools-for-stm32.14.3.rel1.win32_1.0.100.202602081740/tools/bin/../lib/gcc/arm-none-eabi/14.3.1/../../../../arm-none-eabi/lib/thumb/v8-m.main+fp/hard/crt0.o (exit)
C:/ST/STM32CubeIDE_2.1.1/STM32CubeIDE/plugins/com.st.stm32cube.ide.mcu.externaltools.gnu-tools-for-stm32.14.3.rel1.win32_1.0.100.202602081740/tools/bin/../lib/gcc/arm-none-eabi/14.3.1/../../../../arm-none-eabi/lib/thumb/v8-m.main+fp/hard\libc_nano.a(libc_a-findfp.o)
                              C:/ST/STM32CubeIDE_2.1.1/STM32CubeIDE/plugins/com.st.stm32cube.ide.mcu.externaltools.gnu-tools-for-stm32.14.3.rel1.win32_1.0.100.202602081740/tools/bin/../lib/gcc/arm-none-eabi/14.3.1/../../../../arm-none-eabi/lib/thumb/v8-m.main+fp/hard\libc_nano.a(libc_a-exit.o) (__stdio_exit_handler)
C:/ST/STM32CubeIDE_2.1.1/STM32CubeIDE/plugins/com.st.stm32cube.ide.mcu.externaltools.gnu-tools-for-stm32.14.3.rel1.win32_1.0.100.202602081740/tools/bin/../lib/gcc/arm-none-eabi/14.3.1/../../../../arm-none-eabi/lib/thumb/v8-m.main+fp/hard\libc_nano.a(libc_a-fwalk.o)
                              C:/ST/STM32CubeIDE_2.1.1/STM32CubeIDE/plugins/com.st.stm32cube.ide.mcu.externaltools.gnu-tools-for-stm32.14.3.rel1.win32_1.0.100.202602081740/tools/bin/../lib/gcc/arm-none-eabi/14.3.1/../../../../arm-none-eabi/lib/thumb/v8-m.main+fp/hard\libc_nano.a(libc_a-findfp.o) (_fwalk_sglue)
C:/ST/STM32CubeIDE_2.1.1/STM32CubeIDE/plugins/com.st.stm32cube.ide.mcu.externaltools.gnu-tools-for-stm32.14.3.rel1.win32_1.0.100.202602081740/tools/bin/../lib/gcc/arm-none-eabi/14.3.1/../../../../arm-none-eabi/lib/thumb/v8-m.main+fp/hard\libc_nano.a(libc_a-stdio.o)
                              C:/ST/STM32CubeIDE_2.1.1/STM32CubeIDE/plugins/com.st.stm32cube.ide.mcu.externaltools.gnu-tools-for-stm32.14.3.rel1.win32_1.0.100.202602081740/tools/bin/../lib/gcc/arm-none-eabi/14.3.1/../../../../arm-none-eabi/lib/thumb/v8-m.main+fp/hard\libc_nano.a(libc_a-findfp.o) (__sread)
C:/ST/STM32CubeIDE_2.1.1/STM32CubeIDE/plugins/com.st.stm32cube.ide.mcu.externaltools.gnu-tools-for-stm32.14.3.rel1.win32_1.0.100.202602081740/tools/bin/../lib/gcc/arm-none-eabi/14.3.1/../../../../arm-none-eabi/lib/thumb/v8-m.main+fp/hard\libc_nano.a(libc_a-memset.o)
                              C:/ST/STM32CubeIDE_2.1.1/STM32CubeIDE/plugins/com.st.stm32cube.ide.mcu.externaltools.gnu-tools-for-stm32.14.3.rel1.win32_1.0.100.202602081740/tools/bin/../lib/gcc/arm-none-eabi/14.3.1/../../../../arm-none-eabi/lib/thumb/v8-m.main+fp/hard/crt0.o (memset)
C:/ST/STM32CubeIDE_2.1.1/STM32CubeIDE/plugins/com.st.stm32cube.ide.mcu.externaltools.gnu-tools-for-stm32.14.3.rel1.win32_1.0.100.202602081740/tools/bin/../lib/gcc/arm-none-eabi/14.3.1/../../../../arm-none-eabi/lib/thumb/v8-m.main+fp/hard\libc_nano.a(libc_a-closer.o)
                              C:/ST/STM32CubeIDE_2.1.1/STM32CubeIDE/plugins/com.st.stm32cube.ide.mcu.externaltools.gnu-tools-for-stm32.14.3.rel1.win32_1.0.100.202602081740/tools/bin/../lib/gcc/arm-none-eabi/14.3.1/../../../../arm-none-eabi/lib/thumb/v8-m.main+fp/hard\libc_nano.a(libc_a-stdio.o) (_close_r)
C:/ST/STM32CubeIDE_2.1.1/STM32CubeIDE/plugins/com.st.stm32cube.ide.mcu.externaltools.gnu-tools-for-stm32.14.3.rel1.win32_1.0.100.202602081740/tools/bin/../lib/gcc/arm-none-eabi/14.3.1/../../../../arm-none-eabi/lib/thumb/v8-m.main+fp/hard\libc_nano.a(libc_a-reent.o)
                              C:/ST/STM32CubeIDE_2.1.1/STM32CubeIDE/plugins/com.st.stm32cube.ide.mcu.externaltools.gnu-tools-for-stm32.14.3.rel1.win32_1.0.100.202602081740/tools/bin/../lib/gcc/arm-none-eabi/14.3.1/../../../../arm-none-eabi/lib/thumb/v8-m.main+fp/hard\libc_nano.a(libc_a-closer.o) (errno)
C:/ST/STM32CubeIDE_2.1.1/STM32CubeIDE/plugins/com.st.stm32cube.ide.mcu.externaltools.gnu-tools-for-stm32.14.3.rel1.win32_1.0.100.202602081740/tools/bin/../lib/gcc/arm-none-eabi/14.3.1/../../../../arm-none-eabi/lib/thumb/v8-m.main+fp/hard\libc_nano.a(libc_a-impure.o)
                              C:/ST/STM32CubeIDE_2.1.1/STM32CubeIDE/plugins/com.st.stm32cube.ide.mcu.externaltools.gnu-tools-for-stm32.14.3.rel1.win32_1.0.100.202602081740/tools/bin/../lib/gcc/arm-none-eabi/14.3.1/../../../../arm-none-eabi/lib/thumb/v8-m.main+fp/hard\libc_nano.a(libc_a-reent.o) (_impure_ptr)
C:/ST/STM32CubeIDE_2.1.1/STM32CubeIDE/plugins/com.st.stm32cube.ide.mcu.externaltools.gnu-tools-for-stm32.14.3.rel1.win32_1.0.100.202602081740/tools/bin/../lib/gcc/arm-none-eabi/14.3.1/../../../../arm-none-eabi/lib/thumb/v8-m.main+fp/hard\libc_nano.a(libc_a-lseekr.o)
[...]
Memory Configuration

Name             Origin             Length             Attributes
ROM              0x08000000         0x00080000         xr
RAM              0x20000000         0x00020000         xrw
*default*        0x00000000         0xffffffff

Linker script and memory map

LOAD C:/ST/STM32CubeIDE_2.1.1/STM32CubeIDE/plugins/com.st.stm32cube.ide.mcu.externaltools.gnu-tools-for-stm32.14.3.rel1.win32_1.0.100.202602081740/tools/bin/../lib/gcc/arm-none-eabi/14.3.1/thumb/v8-m.main+fp/hard/crti.o
LOAD C:/ST/STM32CubeIDE_2.1.1/STM32CubeIDE/plugins/com.st.stm32cube.ide.mcu.externaltools.gnu-tools-for-stm32.14.3.rel1.win32_1.0.100.202602081740/tools/bin/../lib/gcc/arm-none-eabi/14.3.1/thumb/v8-m.main+fp/hard/crtbegin.o
LOAD C:/ST/STM32CubeIDE_2.1.1/STM32CubeIDE/plugins/com.st.stm32cube.ide.mcu.externaltools.gnu-tools-for-stm32.14.3.rel1.win32_1.0.100.202602081740/tools/bin/../lib/gcc/arm-none-eabi/14.3.1/../../../../arm-none-eabi/lib/thumb/v8-m.main+fp/hard/crt0.o
START GROUP
LOAD C:/ST/STM32CubeIDE_2.1.1/STM32CubeIDE/plugins/com.st.stm32cube.ide.mcu.externaltools.gnu-tools-for-stm32.14.3.rel1.win32_1.0.100.202602081740/tools/bin/../lib/gcc/arm-none-eabi/14.3.1/../../../../arm-none-eabi/lib/thumb/v8-m.main+fp/hard\libc_nano.a
LOAD C:/ST/STM32CubeIDE_2.1.1/STM32CubeIDE/plugins/com.st.stm32cube.ide.mcu.externaltools.gnu-tools-for-stm32.14.3.rel1.win32_1.0.100.202602081740/tools/bin/../lib/gcc/arm-none-eabi/14.3.1/../../../../arm-none-eabi/lib/thumb/v8-m.main+fp/hard\libm.a
END GROUP
LOAD CMakeFiles/STM32C562_Project5.dir/main.c.obj
LOAD CMakeFiles/STM32C562_Project5.dir/generated/hal/mx_cortex_debug.c.obj
LOAD CMakeFiles/STM32C562_Project5.dir/generated/hal/mx_cortex_mpu.c.obj
LOAD CMakeFiles/STM32C562_Project5.dir/generated/hal/mx_cortex_nvic.c.obj
LOAD CMakeFiles/STM32C562_Project5.dir/generated/hal/mx_gpio_default.c.obj
LOAD CMakeFiles/STM32C562_Project5.dir/generated/hal/mx_icache.c.obj
LOAD CMakeFiles/STM32C562_Project5.dir/generated/hal/mx_rcc.c.obj
LOAD CMakeFiles/STM32C562_Project5.dir/generated/hal/mx_system.c.obj
LOAD CMakeFiles/STM32C562_Project5.dir/generated/hal/mx_tim1.c.obj
LOAD CMakeFiles/STM32C562_Project5.dir/generated/hal/mx_tim15.c.obj
LOAD CMakeFiles/STM32C562_Project5.dir/generated/hal/mx_usart1.c.obj
LOAD CMakeFiles/STM32C562_Project5.dir/user_modifiable/Device/STM32C562CET6/system_stm32c5xx.c.obj
LOAD CMakeFiles/STM32C562_Project5.dir/user_modifiable/Device/STM32C562CET6/startup_stm32c562xx.c.obj
LOAD CMakeFiles/STM32C562_Project5.dir/stm32c5xx_drivers/hal/stm32c5xx_hal.c.obj
LOAD CMakeFiles/STM32C562_Project5.dir/stm32c5xx_drivers/hal/stm32c5xx_hal_cortex.c.obj
LOAD CMakeFiles/STM32C562_Project5.dir/stm32c5xx_drivers/hal/stm32c5xx_hal_dma.c.obj
LOAD CMakeFiles/STM32C562_Project5.dir/stm32c5xx_drivers/hal/stm32c5xx_hal_flash_itf.c.obj
LOAD CMakeFiles/STM32C562_Project5.dir/stm32c5xx_drivers/hal/stm32c5xx_hal_gpio.c.obj
LOAD CMakeFiles/STM32C562_Project5.dir/stm32c5xx_drivers/hal/stm32c5xx_hal_icache.c.obj
LOAD CMakeFiles/STM32C562_Project5.dir/stm32c5xx_drivers/hal/stm32c5xx_hal_pwr.c.obj
LOAD CMakeFiles/STM32C562_Project5.dir/stm32c5xx_drivers/hal/stm32c5xx_hal_q.c.obj
LOAD CMakeFiles/STM32C562_Project5.dir/stm32c5xx_drivers/hal/stm32c5xx_hal_rcc.c.obj
LOAD CMakeFiles/STM32C562_Project5.dir/stm32c5xx_drivers/hal/stm32c5xx_hal_tim.c.obj
LOAD CMakeFiles/STM32C562_Project5.dir/stm32c5xx_drivers/hal/stm32c5xx_hal_uart.c.obj
LOAD CMakeFiles/STM32C562_Project5.dir/utilities/syscalls/syscalls.c.obj
LOAD CMakeFiles/STM32C562_Project5.dir/utilities/syscalls/sysmem.c.obj
START GROUP
LOAD C:/ST/STM32CubeIDE_2.1.1/STM32CubeIDE/plugins/com.st.stm32cube.ide.mcu.externaltools.gnu-tools-for-stm32.14.3.rel1.win32_1.0.100.202602081740/tools/bin/../lib/gcc/arm-none-eabi/14.3.1/thumb/v8-m.main+fp/hard\libgcc.a
LOAD C:/ST/STM32CubeIDE_2.1.1/STM32CubeIDE/plugins/com.st.stm32cube.ide.mcu.externaltools.gnu-tools-for-stm32.14.3.rel1.win32_1.0.100.202602081740/tools/bin/../lib/gcc/arm-none-eabi/14.3.1/../../../../arm-none-eabi/lib/thumb/v8-m.main+fp/hard\libc_nano.a
END GROUP
START GROUP
LOAD C:/ST/STM32CubeIDE_2.1.1/STM32CubeIDE/plugins/com.st.stm32cube.ide.mcu.externaltools.gnu-tools-for-stm32.14.3.rel1.win32_1.0.100.202602081740/tools/bin/../lib/gcc/arm-none-eabi/14.3.1/thumb/v8-m.main+fp/hard\libgcc.a
LOAD C:/ST/STM32CubeIDE_2.1.1/STM32CubeIDE/plugins/com.st.stm32cube.ide.mcu.externaltools.gnu-tools-for-stm32.14.3.rel1.win32_1.0.100.202602081740/tools/bin/../lib/gcc/arm-none-eabi/14.3.1/../../../../arm-none-eabi/lib/thumb/v8-m.main+fp/hard\libc_nano.a
LOAD C:/ST/STM32CubeIDE_2.1.1/STM32CubeIDE/plugins/com.st.stm32cube.ide.mcu.externaltools.gnu-tools-for-stm32.14.3.rel1.win32_1.0.100.202602081740/tools/bin/../lib/gcc/arm-none-eabi/14.3.1/../../../../arm-none-eabi/lib/thumb/v8-m.main+fp/hard\libnosys.a
END GROUP
START GROUP
LOAD C:/ST/STM32CubeIDE_2.1.1/STM32CubeIDE/plugins/com.st.stm32cube.ide.mcu.externaltools.gnu-tools-for-stm32.14.3.rel1.win32_1.0.100.202602081740/tools/bin/../lib/gcc/arm-none-eabi/14.3.1/thumb/v8-m.main+fp/hard\libgcc.a
LOAD C:/ST/STM32CubeIDE_2.1.1/STM32CubeIDE/plugins/com.st.stm32cube.ide.mcu.externaltools.gnu-tools-for-stm32.14.3.rel1.win32_1.0.100.202602081740/tools/bin/../lib/gcc/arm-none-eabi/14.3.1/../../../../arm-none-eabi/lib/thumb/v8-m.main+fp/hard\libc_nano.a
LOAD C:/ST/STM32CubeIDE_2.1.1/STM32CubeIDE/plugins/com.st.stm32cube.ide.mcu.externaltools.gnu-tools-for-stm32.14.3.rel1.win32_1.0.100.202602081740/tools/bin/../lib/gcc/arm-none-eabi/14.3.1/../../../../arm-none-eabi/lib/thumb/v8-m.main+fp/hard\libnosys.a
END GROUP
LOAD C:/ST/STM32CubeIDE_2.1.1/STM32CubeIDE/plugins/com.st.stm32cube.ide.mcu.externaltools.gnu-tools-for-stm32.14.3.rel1.win32_1.0.100.202602081740/tools/bin/../lib/gcc/arm-none-eabi/14.3.1/thumb/v8-m.main+fp/hard/crtend.o
LOAD C:/ST/STM32CubeIDE_2.1.1/STM32CubeIDE/plugins/com.st.stm32cube.ide.mcu.externaltools.gnu-tools-for-stm32.14.3.rel1.win32_1.0.100.202602081740/tools/bin/../lib/gcc/arm-none-eabi/14.3.1/thumb/v8-m.main+fp/hard/crtn.o
                0x00000200                        HEAP_SIZE = 0x200
                0x00000400                        STACK_SIZE = 0x400

.vectors        0x08000000      0x188
                0x08000000                        . = ALIGN (0x8)
 *(.vectors)
 .vectors       0x08000000      0x188 CMakeFiles/STM32C562_Project5.dir/user_modifiable/Device/STM32C562CET6/startup_stm32c562xx.c.obj
                0x08000000                __Vectors
                0x08000188                        . = ALIGN (0x8)

.text           0x08000188     0x6148
                0x08000188                        . = ALIGN (0x8)
 *(.text)
 .text          0x08000188       0x40 C:/ST/STM32CubeIDE_2.1.1/STM32CubeIDE/plugins/com.st.stm32cube.ide.mcu.externaltools.gnu-tools-for-stm32.14.3.rel1.win32_1.0.100.202602081740/tools/bin/../lib/gcc/arm-none-eabi/14.3.1/thumb/v8-m.main+fp/hard/crtbegin.o
 .text          0x080001c8       0x7c C:/ST/STM32CubeIDE_2.1.1/STM32CubeIDE/plugins/com.st.stm32cube.ide.mcu.externaltools.gnu-tools-for-stm32.14.3.rel1.win32_1.0.100.202602081740/tools/bin/../lib/gcc/arm-none-eabi/14.3.1/../../../../arm-none-eabi/lib/thumb/v8-m.main+fp/hard/crt0.o
                0x080001c8                _stack_init
                0x080001d0                _start
                0x080001d0                _mainCRTStartup
 .text          0x08000244       0x30 C:/ST/STM32CubeIDE_2.1.1/STM32CubeIDE/plugins/com.st.stm32cube.ide.mcu.externaltools.gnu-tools-for-stm32.14.3.rel1.win32_1.0.100.202602081740/tools/bin/../lib/gcc/arm-none-eabi/14.3.1/thumb/v8-m.main+fp/hard\libgcc.a(_aeabi_uldivmod.o)
                0x08000244                __aeabi_uldivmod
 .text          0x08000274      0x34c C:/ST/STM32CubeIDE_2.1.1/STM32CubeIDE/plugins/com.st.stm32cube.ide.mcu.externaltools.gnu-tools-for-stm32.14.3.rel1.win32_1.0.100.202602081740/tools/bin/../lib/gcc/arm-none-eabi/14.3.1/thumb/v8-m.main+fp/hard\libgcc.a(_udivmoddi4.o)
                0x08000274                __udivmoddi4
 .text          0x080005c0        0x4 C:/ST/STM32CubeIDE_2.1.1/STM32CubeIDE/plugins/com.st.stm32cube.ide.mcu.externaltools.gnu-tools-for-stm32.14.3.rel1.win32_1.0.100.202602081740/tools/bin/../lib/gcc/arm-none-eabi/14.3.1/thumb/v8-m.main+fp/hard\libgcc.a(_dvmd_tls.o)
                0x080005c0                __aeabi_idiv0
                0x080005c0                __aeabi_ldiv0
 *(.text*)
 .text.exit     0x080005c4       0x24 C:/ST/STM32CubeIDE_2.1.1/STM32CubeIDE/plugins/com.st.stm32cube.ide.mcu.externaltools.gnu-tools-for-stm32.14.3.rel1.win32_1.0.100.202602081740/tools/bin/../lib/gcc/arm-none-eabi/14.3.1/../../../../arm-none-eabi/lib/thumb/v8-m.main+fp/hard\libc_nano.a(libc_a-exit.o)
                0x080005c4                exit
 .text.std      0x080005e8       0x6c C:/ST/STM32CubeIDE_2.1.1/STM32CubeIDE/plugins/com.st.stm32cube.ide.mcu.externaltools.gnu-tools-for-stm32.14.3.rel1.win32_1.0.100.202602081740/tools/bin/../lib/gcc/arm-none-eabi/14.3.1/../../../../arm-none-eabi/lib/thumb/v8-m.main+fp/hard\libc_nano.a(libc_a-findfp.o)
 .text.stdio_exit_handler
                0x08000654       0x18 C:/ST/STM32CubeIDE_2.1.1/STM32CubeIDE/plugins/com.st.stm32cube.ide.mcu.externaltools.gnu-tools-for-stm32.14.3.rel1.win32_1.0.100.202602081740/tools/bin/../lib/gcc/arm-none-eabi/14.3.1/../../../../arm-none-eabi/lib/thumb/v8-m.main+fp/hard\libc_nano.a(libc_a-findfp.o)
 .text.cleanup_stdio
                0x0800066c       0x40 C:/ST/STM32CubeIDE_2.1.1/STM32CubeIDE/plugins/com.st.stm32cube.ide.mcu.externaltools.gnu-tools-for-stm32.14.3.rel1.win32_1.0.100.202602081740/tools/bin/../lib/gcc/arm-none-eabi/14.3.1/../../../../arm-none-eabi/lib/thumb/v8-m.main+fp/hard\libc_nano.a(libc_a-findfp.o)
 .text.global_stdio_init.part.0
                0x080006ac       0x40 C:/ST/STM32CubeIDE_2.1.1/STM32CubeIDE/plugins/com.st.stm32cube.ide.mcu.externaltools.gnu-tools-for-stm32.14.3.rel1.win32_1.0.100.202602081740/tools/bin/../lib/gcc/arm-none-eabi/14.3.1/../../../../arm-none-eabi/lib/thumb/v8-m.main+fp/hard\libc_nano.a(libc_a-findfp.o)
 .text.__sfp_lock_acquire
                0x080006ec        0xc C:/ST/STM32CubeIDE_2.1.1/STM32CubeIDE/plugins/com.st.stm32cube.ide.mcu.externaltools.gnu-tools-for-stm32.14.3.rel1.win32_1.0.100.202602081740/tools/bin/../lib/gcc/arm-none-eabi/14.3.1/../../../../arm-none-eabi/lib/thumb/v8-m.main+fp/hard\libc_nano.a(libc_a-findfp.o)
                0x080006ec                __sfp_lock_acquire
 .text.__sfp_lock_release
                0x080006f8        0xc C:/ST/STM32CubeIDE_2.1.1/STM32CubeIDE/plugins/com.st.stm32cube.ide.mcu.externaltools.gnu-tools-for-stm32.14.3.rel1.win32_1.0.100.202602081740/tools/bin/../lib/gcc/arm-none-eabi/14.3.1/../../../../arm-none-eabi/lib/thumb/v8-m.main+fp/hard\libc_nano.a(libc_a-findfp.o)
                0x080006f8                __sfp_lock_release
 .text.__sinit  0x08000704       0x30 C:/ST/STM32CubeIDE_2.1.1/STM32CubeIDE/plugins/com.st.stm32cube.ide.mcu.externaltools.gnu-tools-for-stm32.14.3.rel1.win32_1.0.100.202602081740/tools/bin/../lib/gcc/arm-none-eabi/14.3.1/../../../../arm-none-eabi/lib/thumb/v8-m.main+fp/hard\libc_nano.a(libc_a-findfp.o)
                0x08000704                __sinit
 .text._fwalk_sglue
                0x08000734       0x3c C:/ST/STM32CubeIDE_2.1.1/STM32CubeIDE/plugins/com.st.stm32cube.ide.mcu.externaltools.gnu-tools-for-stm32.14.3.rel1.win32_1.0.100.202602081740/tools/bin/../lib/gcc/arm-none-eabi/14.3.1/../../../../arm-none-eabi/lib/thumb/v8-m.main+fp/hard\libc_nano.a(libc_a-fwalk.o)
                0x08000734                _fwalk_sglue
 .text.__sread  0x08000770       0x22 C:/ST/STM32CubeIDE_2.1.1/STM32CubeIDE/plugins/com.st.stm32cube.ide.mcu.externaltools.gnu-tools-for-stm32.14.3.rel1.win32_1.0.100.202602081740/tools/bin/../lib/gcc/arm-none-eabi/14.3.1/../../../../arm-none-eabi/lib/thumb/v8-m.main+fp/hard\libc_nano.a(libc_a-stdio.o)
                0x08000770                __sread
 .text.__swrite
                0x08000792       0x38 C:/ST/STM32CubeIDE_2.1.1/STM32CubeIDE/plugins/com.st.stm32cube.ide.mcu.externaltools.gnu-tools-for-stm32.14.3.rel1.win32_1.0.100.202602081740/tools/bin/../lib/gcc/arm-none-eabi/14.3.1/../../../../arm-none-eabi/lib/thumb/v8-m.main+fp/hard\libc_nano.a(libc_a-stdio.o)
                0x08000792                __swrite
 .text.__sseek  0x080007ca       0x26 C:/ST/STM32CubeIDE_2.1.1/STM32CubeIDE/plugins/com.st.stm32cube.ide.mcu.externaltools.gnu-tools-for-stm32.14.3.rel1.win32_1.0.100.202602081740/tools/bin/../lib/gcc/arm-none-eabi/14.3.1/../../../../arm-none-eabi/lib/thumb/v8-m.main+fp/hard\libc_nano.a(libc_a-stdio.o)
                0x080007ca                __sseek
 .text.__sclose
                0x080007f0        0x8 C:/ST/STM32CubeIDE_2.1.1/STM32CubeIDE/plugins/com.st.stm32cube.ide.mcu.externaltools.gnu-tools-for-stm32.14.3.rel1.win32_1.0.100.202602081740/tools/bin/../lib/gcc/arm-none-eabi/14.3.1/../../../../arm-none-eabi/lib/thumb/v8-m.main+fp/hard\libc_nano.a(libc_a-stdio.o)
                0x080007f0                __sclose
 .text.memset   0x080007f8       0x10 C:/ST/STM32CubeIDE_2.1.1/STM32CubeIDE/plugins/com.st.stm32cube.ide.mcu.externaltools.gnu-tools-for-stm32.14.3.rel1.win32_1.0.100.202602081740/tools/bin/../lib/gcc/arm-none-eabi/14.3.1/../../../../arm-none-eabi/lib/thumb/v8-m.main+fp/hard\libc_nano.a(libc_a-memset.o)
                0x080007f8                memset
 .text._close_r
                0x08000808       0x20 C:/ST/STM32CubeIDE_2.1.1/STM32CubeIDE/plugins/com.st.stm32cube.ide.mcu.externaltools.gnu-tools-for-stm32.14.3.rel1.win32_1.0.100.202602081740/tools/bin/../lib/gcc/arm-none-eabi/14.3.1/../../../../arm-none-eabi/lib/thumb/v8-m.main+fp/hard\libc_nano.a(libc_a-closer.o)
                0x08000808                _close_r
 .text._lseek_r
                0x08000828       0x24 C:/ST/STM32CubeIDE_2.1.1/STM32CubeIDE/plugins/com.st.stm32cube.ide.mcu.externaltools.gnu-tools-for-stm32.14.3.rel1.win32_1.0.100.202602081740/tools/bin/../lib/gcc/arm-none-eabi/14.3.1/../../../../arm-none-eabi/lib/thumb/v8-m.main+fp/hard\libc_nano.a(libc_a-lseekr.o)
                0x08000828                _lseek_r
 .text._read_r  0x0800084c       0x24 C:/ST/STM32CubeIDE_2.1.1/STM32CubeIDE/plugins/com.st.stm32cube.ide.mcu.externaltools.gnu-tools-for-stm32.14.3.rel1.win32_1.0.100.202602081740/tools/bin/../lib/gcc/arm-none-eabi/14.3.1/../../../../arm-none-eabi/lib/thumb/v8-m.main+fp/hard\libc_nano.a(libc_a-readr.o)
                0x0800084c                _read_r
 .text._write_r
                0x08000870       0x24 C:/ST/STM32CubeIDE_2.1.1/STM32CubeIDE/plugins/com.st.stm32cube.ide.mcu.externaltools.gnu-tools-for-stm32.14.3.rel1.win32_1.0.100.202602081740/tools/bin/../lib/gcc/arm-none-eabi/14.3.1/../../../../arm-none-eabi/lib/thumb/v8-m.main+fp/hard\libc_nano.a(libc_a-writer.o)
                0x08000870                _write_r
 .text.__libc_init_array
                0x08000894       0x48 C:/ST/STM32CubeIDE_2.1.1/STM32CubeIDE/plugins/com.st.stm32cube.ide.mcu.externaltools.gnu-tools-for-stm32.14.3.rel1.win32_1.0.100.202602081740/tools/bin/../lib/gcc/arm-none-eabi/14.3.1/../../../../arm-none-eabi/lib/thumb/v8-m.main+fp/hard\libc_nano.a(libc_a-init.o)
                0x08000894                __libc_init_array
 .text.__retarget_lock_init_recursive
                0x080008dc        0x2 C:/ST/STM32CubeIDE_2.1.1/STM32CubeIDE/plugins/com.st.stm32cube.ide.mcu.externaltools.gnu-tools-for-stm32.14.3.rel1.win32_1.0.100.202602081740/tools/bin/../lib/gcc/arm-none-eabi/14.3.1/../../../../arm-none-eabi/lib/thumb/v8-m.main+fp/hard\libc_nano.a(libc_a-lock.o)
                0x080008dc                __retarget_lock_init_recursive
 .text.__retarget_lock_acquire_recursive
                0x080008de        0x2 C:/ST/STM32CubeIDE_2.1.1/STM32CubeIDE/plugins/com.st.stm32cube.ide.mcu.externaltools.gnu-tools-for-stm32.14.3.rel1.win32_1.0.100.202602081740/tools/bin/../lib/gcc/arm-none-eabi/14.3.1/../../../../arm-none-eabi/lib/thumb/v8-m.main+fp/hard\libc_nano.a(libc_a-lock.o)
                0x080008de                __retarget_lock_acquire_recursive
 .text.__retarget_lock_release_recursive
                0x080008e0        0x2 C:/ST/STM32CubeIDE_2.1.1/STM32CubeIDE/plugins/com.st.stm32cube.ide.mcu.externaltools.gnu-tools-for-stm32.14.3.rel1.win32_1.0.100.202602081740/tools/bin/../lib/gcc/arm-none-eabi/14.3.1/../../../../arm-none-eabi/lib/thumb/v8-m.main+fp/hard\libc_nano.a(libc_a-lock.o)
                0x080008e0                __retarget_lock_release_recursive
 *fill*         0x080008e2        0x2 
 .text._free_r  0x080008e4       0x94 C:/ST/STM32CubeIDE_2.1.1/STM32CubeIDE/plugins/com.st.stm32cube.ide.mcu.externaltools.gnu-tools-for-stm32.14.3.rel1.win32_1.0.100.202602081740/tools/bin/../lib/gcc/arm-none-eabi/14.3.1/../../../../arm-none-eabi/lib/thumb/v8-m.main+fp/hard\libc_nano.a(libc_a-freer.o)
                0x080008e4                _free_r
 .text.sbrk_aligned
                0x08000978       0x44 C:/ST/STM32CubeIDE_2.1.1/STM32CubeIDE/plugins/com.st.stm32cube.ide.mcu.externaltools.gnu-tools-for-stm32.14.3.rel1.win32_1.0.100.202602081740/tools/bin/../lib/gcc/arm-none-eabi/14.3.1/../../../../arm-none-eabi/lib/thumb/v8-m.main+fp/hard\libc_nano.a(libc_a-mallocr.o)
 .text._malloc_r
                0x080009bc      0x100 C:/ST/STM32CubeIDE_2.1.1/STM32CubeIDE/plugins/com.st.stm32cube.ide.mcu.externaltools.gnu-tools-for-stm32.14.3.rel1.win32_1.0.100.202602081740/tools/bin/../lib/gcc/arm-none-eabi/14.3.1/../../../../arm-none-eabi/lib/thumb/v8-m.main+fp/hard\libc_nano.a(libc_a-mallocr.o)
                0x080009bc                _malloc_r
 .text.__malloc_lock
                0x08000abc        0xc C:/ST/STM32CubeIDE_2.1.1/STM32CubeIDE/plugins/com.st.stm32cube.ide.mcu.externaltools.gnu-tools-for-stm32.14.3.rel1.win32_1.0.100.202602081740/tools/bin/../lib/gcc/arm-none-eabi/14.3.1/../../../../arm-none-eabi/lib/thumb/v8-m.main+fp/hard\libc_nano.a(libc_a-mlock.o)
                0x08000abc                __malloc_lock
 .text.__malloc_unlock
                0x08000ac8        0xc C:/ST/STM32CubeIDE_2.1.1/STM32CubeIDE/plugins/com.st.stm32cube.ide.mcu.externaltools.gnu-tools-for-stm32.14.3.rel1.win32_1.0.100.202602081740/tools/bin/../lib/gcc/arm-none-eabi/14.3.1/../../../../arm-none-eabi/lib/thumb/v8-m.main+fp/hard\libc_nano.a(libc_a-mlock.o)
                0x08000ac8                __malloc_unlock
 .text.__sflush_r
                0x08000ad4      0x100 C:/ST/STM32CubeIDE_2.1.1/STM32CubeIDE/plugins/com.st.stm32cube.ide.mcu.externaltools.gnu-tools-for-stm32.14.3.rel1.win32_1.0.100.202602081740/tools/bin/../lib/gcc/arm-none-eabi/14.3.1/../../../../arm-none-eabi/lib/thumb/v8-m.main+fp/hard\libc_nano.a(libc_a-fflush.o)
                0x08000ad4                __sflush_r
 .text._fflush_r
                0x08000bd4       0x50 C:/ST/STM32CubeIDE_2.1.1/STM32CubeIDE/plugins/com.st.stm32cube.ide.mcu.externaltools.gnu-tools-for-stm32.14.3.rel1.win32_1.0.100.202602081740/tools/bin/../lib/gcc/arm-none-eabi/14.3.1/../../../../arm-none-eabi/lib/thumb/v8-m.main+fp/hard\libc_nano.a(libc_a-fflush.o)
                0x08000bd4                _fflush_r
 .text._sbrk_r  0x08000c24       0x20 C:/ST/STM32CubeIDE_2.1.1/STM32CubeIDE/plugins/com.st.stm32cube.ide.mcu.externaltools.gnu-tools-for-stm32.14.3.rel1.win32_1.0.100.202602081740/tools/bin/../lib/gcc/arm-none-eabi/14.3.1/../../../../arm-none-eabi/lib/thumb/v8-m.main+fp/hard\libc_nano.a(libc_a-sbrkr.o)
                0x08000c24                _sbrk_r
 .text.hal_tim_oc_channel_to_compare_unit
                0x08000c44       0x38 CMakeFiles/STM32C562_Project5.dir/main.c.obj
 .text.TIM1_SetPSC_ARR
                0x08000c7c       0x6a CMakeFiles/STM32C562_Project5.dir/main.c.obj
 *fill*         0x08000ce6        0x2 
 .text.TIM1_SetFrequency
                0x08000ce8       0x54 CMakeFiles/STM32C562_Project5.dir/main.c.obj
 .text.TIM1_SetChannelDuty
                0x08000d3c       0x70 CMakeFiles/STM32C562_Project5.dir/main.c.obj
 .text.TIM1_PWM_Start_CH1_CH3
                0x08000dac       0x64 CMakeFiles/STM32C562_Project5.dir/main.c.obj
 .text._write   0x08000e10       0x30 CMakeFiles/STM32C562_Project5.dir/main.c.obj
                0x08000e10                _write
 .text.TIM15_GetDiff
                0x08000e40       0x30 CMakeFiles/STM32C562_Project5.dir/main.c.obj
 .text.TIM15_IC_SetPSC_ARR
                0x08000e70       0x6a CMakeFiles/STM32C562_Project5.dir/main.c.obj
 .text.TIM15_IC_Start
                0x08000eda       0x4e CMakeFiles/STM32C562_Project5.dir/main.c.obj
 .text.HAL_TIM_InputCaptureCallback
                0x08000f28      0x164 CMakeFiles/STM32C562_Project5.dir/main.c.obj
                0x08000f28                HAL_TIM_InputCaptureCallback
 .text.main     0x0800108c      0x170 CMakeFiles/STM32C562_Project5.dir/main.c.obj
                0x0800108c                main
 .text.LL_AHB2_GRP1_EnableClock
                0x080011fc       0x60 CMakeFiles/STM32C562_Project5.dir/generated/hal/mx_cortex_debug.c.obj
 .text.HAL_RCC_GPIOA_EnableClock
                0x0800125c        0xe CMakeFiles/STM32C562_Project5.dir/generated/hal/mx_cortex_debug.c.obj
 *fill*         0x0800126a        0x2 
 .text.mx_cortex_debug_init
                0x0800126c       0x60 CMakeFiles/STM32C562_Project5.dir/generated/hal/mx_cortex_debug.c.obj
                0x0800126c                mx_cortex_debug_init
 .text.mx_cortex_mpu_init
                0x080012cc       0x5c CMakeFiles/STM32C562_Project5.dir/generated/hal/mx_cortex_mpu.c.obj
                0x080012cc                mx_cortex_mpu_init
 .text.mx_cortex_nvic_init
                0x08001328       0x12 CMakeFiles/STM32C562_Project5.dir/generated/hal/mx_cortex_nvic.c.obj
                0x08001328                mx_cortex_nvic_init
 .text.mx_gpio_default_init
                0x0800133a       0x12 CMakeFiles/STM32C562_Project5.dir/generated/hal/mx_gpio_default.c.obj
                0x0800133a                mx_gpio_default_init
 .text.mx_icache_init
                0x0800134c       0x28 CMakeFiles/STM32C562_Project5.dir/generated/hal/mx_icache.c.obj
                0x0800134c                mx_icache_init
 .text.mx_icache_gethandle
                0x08001374       0x14 CMakeFiles/STM32C562_Project5.dir/generated/hal/mx_icache.c.obj
                0x08001374                mx_icache_gethandle
 .text.mx_rcc_init
                0x08001388       0xc0 CMakeFiles/STM32C562_Project5.dir/generated/hal/mx_rcc.c.obj
                0x08001388                mx_rcc_init
 .text.mx_rcc_peripherals_clock_config
                0x08001448       0x12 CMakeFiles/STM32C562_Project5.dir/generated/hal/mx_rcc.c.obj
                0x08001448                mx_rcc_peripherals_clock_config
 .text.mx_system_init
                0x0800145a      0x10a CMakeFiles/STM32C562_Project5.dir/generated/hal/mx_system.c.obj
                0x0800145a                mx_system_init
 .text.SysTick_Handler
                0x08001564       0x10 CMakeFiles/STM32C562_Project5.dir/generated/hal/mx_system.c.obj
                0x08001564                SysTick_Handler
 .text.pre_system_init_hook
                0x08001574       0x12 CMakeFiles/STM32C562_Project5.dir/generated/hal/mx_system.c.obj
                0x08001574                pre_system_init_hook
 .text.post_system_init_hook
                0x08001586       0x12 CMakeFiles/STM32C562_Project5.dir/generated/hal/mx_system.c.obj
                0x08001586                post_system_init_hook
 .text.LL_AHB2_GRP1_EnableClock
                0x08001598       0x60 CMakeFiles/STM32C562_Project5.dir/generated/hal/mx_tim1.c.obj
 .text.LL_APB2_GRP1_EnableClock
                0x080015f8       0x60 CMakeFiles/STM32C562_Project5.dir/generated/hal/mx_tim1.c.obj
 .text.HAL_RCC_GPIOA_EnableClock
                0x08001658        0xe CMakeFiles/STM32C562_Project5.dir/generated/hal/mx_tim1.c.obj
 .text.HAL_RCC_TIM1_EnableClock
                0x08001666       0x10 CMakeFiles/STM32C562_Project5.dir/generated/hal/mx_tim1.c.obj
 *fill*         0x08001676        0x2 
 .text.mx_tim1_init
                0x08001678      0x190 CMakeFiles/STM32C562_Project5.dir/generated/hal/mx_tim1.c.obj
                0x08001678                mx_tim1_init
 .text.mx_tim1_gethandle
                0x08001808       0x14 CMakeFiles/STM32C562_Project5.dir/generated/hal/mx_tim1.c.obj
                0x08001808                mx_tim1_gethandle
 .text.LL_AHB2_GRP1_EnableClock
                0x0800181c       0x60 CMakeFiles/STM32C562_Project5.dir/generated/hal/mx_tim15.c.obj
 .text.LL_APB2_GRP1_EnableClock
                0x0800187c       0x60 CMakeFiles/STM32C562_Project5.dir/generated/hal/mx_tim15.c.obj
 .text.HAL_RCC_GPIOA_EnableClock
                0x080018dc        0xe CMakeFiles/STM32C562_Project5.dir/generated/hal/mx_tim15.c.obj
 .text.HAL_RCC_TIM15_EnableClock
                0x080018ea       0x10 CMakeFiles/STM32C562_Project5.dir/generated/hal/mx_tim15.c.obj
 *fill*         0x080018fa        0x2 
 .text.mx_tim15_init
                0x080018fc      0x130 CMakeFiles/STM32C562_Project5.dir/generated/hal/mx_tim15.c.obj
                0x080018fc                mx_tim15_init
 .text.mx_tim15_gethandle
                0x08001a2c       0x14 CMakeFiles/STM32C562_Project5.dir/generated/hal/mx_tim15.c.obj
                0x08001a2c                mx_tim15_gethandle
 .text.TIM15_IRQHandler
                0x08001a40       0x14 CMakeFiles/STM32C562_Project5.dir/generated/hal/mx_tim15.c.obj
                0x08001a40                TIM15_IRQHandler
 .text.LL_AHB2_GRP1_EnableClock
                0x08001a54       0x60 CMakeFiles/STM32C562_Project5.dir/generated/hal/mx_usart1.c.obj
 .text.LL_APB2_GRP1_EnableClock
                0x08001ab4       0x60 CMakeFiles/STM32C562_Project5.dir/generated/hal/mx_usart1.c.obj
 .text.HAL_RCC_GPIOA_EnableClock
                0x08001b14        0xe CMakeFiles/STM32C562_Project5.dir/generated/hal/mx_usart1.c.obj
 .text.HAL_RCC_USART1_EnableClock
                0x08001b22       0x10 CMakeFiles/STM32C562_Project5.dir/generated/hal/mx_usart1.c.obj
 *fill*         0x08001b32        0x2 
 .text.mx_usart1_uart_init
                0x08001b34       0xac CMakeFiles/STM32C562_Project5.dir/generated/hal/mx_usart1.c.obj
                0x08001b34                mx_usart1_uart_init
 .text.mx_usart1_uart_gethandle
                0x08001be0       0x14 CMakeFiles/STM32C562_Project5.dir/generated/hal/mx_usart1.c.obj
                0x08001be0                mx_usart1_uart_gethandle
 .text.SCB_SetVTOR
                0x08001bf4       0x20 CMakeFiles/STM32C562_Project5.dir/user_modifiable/Device/STM32C562CET6/system_stm32c5xx.c.obj
 .text.SCB_EnableFPU
                0x08001c14       0x24 CMakeFiles/STM32C562_Project5.dir/user_modifiable/Device/STM32C562CET6/system_stm32c5xx.c.obj
 .text.SystemInit
                0x08001c38       0x18 CMakeFiles/STM32C562_Project5.dir/user_modifiable/Device/STM32C562CET6/system_stm32c5xx.c.obj
                0x08001c38                SystemInit
 .text.Reset_Handler
                0x08001c50       0xc4 CMakeFiles/STM32C562_Project5.dir/user_modifiable/Device/STM32C562CET6/startup_stm32c562xx.c.obj
                0x08001c50                Reset_Handler
 .text.HardFault_Handler
                0x08001d14        0x8 CMakeFiles/STM32C562_Project5.dir/user_modifiable/Device/STM32C562CET6/startup_stm32c562xx.c.obj
                0x08001d14                HardFault_Handler
 .text.Default_IRQHandler
                0x08001d1c        0x8 CMakeFiles/STM32C562_Project5.dir/user_modifiable/Device/STM32C562CET6/startup_stm32c562xx.c.obj
                0x08001d1c                EXTI2_IRQHandler
                0x08001d1c                TIM8_CC_IRQHandler
                0x08001d1c                EXTI5_IRQHandler
                0x08001d1c                DebugMon_Handler
                0x08001d1c                TIM8_TRGI_COM_DIR_IDX_IRQHandler
                0x08001d1c                EXTI13_IRQHandler
                0x08001d1c                LPDMA2_CH1_IRQHandler
                0x08001d1c                I2C1_ERR_IRQHandler
                0x08001d1c                TIM1_CC_IRQHandler
                0x08001d1c                LPDMA1_CH6_IRQHandler
                0x08001d1c                TAMP_IRQHandler
                0x08001d1c                TIM6_IRQHandler
                0x08001d1c                EXTI12_IRQHandler
                0x08001d1c                CORDIC_IRQHandler
                0x08001d1c                PendSV_Handler
                0x08001d1c                USB_DRD_FS_IRQHandler
                0x08001d1c                NMI_Handler
                0x08001d1c                EXTI3_IRQHandler
                0x08001d1c                EXTI8_IRQHandler
                0x08001d1c                PWR_PVD_IRQHandler
                0x08001d1c                EXTI0_IRQHandler
                0x08001d1c                I2C2_EV_IRQHandler
                0x08001d1c                FPU_IRQHandler
                0x08001d1c                FDCAN1_IT1_IRQHandler
                0x08001d1c                RAMCFG_IRQHandler
                0x08001d1c                UsageFault_Handler
                0x08001d1c                TIM1_UPD_IRQHandler
                0x08001d1c                SPI1_IRQHandler
                0x08001d1c                ADC1_IRQHandler
                0x08001d1c                EXTI15_IRQHandler
                0x08001d1c                TIM17_IRQHandler
                0x08001d1c                USART3_IRQHandler
                0x08001d1c                RTC_IRQHandler
                0x08001d1c                EXTI9_IRQHandler
                0x08001d1c                UART5_IRQHandler
                0x08001d1c                LPDMA2_CH3_IRQHandler
                0x08001d1c                LPDMA1_CH1_IRQHandler
                0x08001d1c                I2C1_EV_IRQHandler
                0x08001d1c                TIM16_IRQHandler
                0x08001d1c                UART4_IRQHandler
                0x08001d1c                RCC_IRQHandler
                0x08001d1c                LPDMA1_CH5_IRQHandler
                0x08001d1c                LPDMA2_CH2_IRQHandler
                0x08001d1c                TIM12_IRQHandler
                0x08001d1c                TIM7_IRQHandler
                0x08001d1c                TIM5_IRQHandler
                0x08001d1c                I3C1_EV_IRQHandler
                0x08001d1c                TIM8_BRK_TERR_IERR_IRQHandler
                0x08001d1c                TIM8_UPD_IRQHandler
                0x08001d1c                ADC2_IRQHandler
                0x08001d1c                SPI2_IRQHandler
                0x08001d1c                MemManage_Handler
                0x08001d1c                LPDMA1_CH3_IRQHandler
                0x08001d1c                EXTI14_IRQHandler
                0x08001d1c                EXTI11_IRQHandler
                0x08001d1c                SVC_Handler
                0x08001d1c                CRS_IRQHandler
                0x08001d1c                EXTI4_IRQHandler
                0x08001d1c                TIM1_BRK_TERR_IERR_IRQHandler
                0x08001d1c                RNG_IRQHandler
                0x08001d1c                TIM1_TRGI_COM_DIR_IDX_IRQHandler
                0x08001d1c                LPDMA2_CH0_IRQHandler
                0x08001d1c                I3C1_ERR_IRQHandler
                0x08001d1c                WWDG_IRQHandler
                0x08001d1c                Default_IRQHandler
                0x08001d1c                IWDG_IRQHandler
                0x08001d1c                LPUART1_IRQHandler
                0x08001d1c                FDCAN1_IT0_IRQHandler
                0x08001d1c                TIM2_IRQHandler
                0x08001d1c                LPDMA1_CH2_IRQHandler
                0x08001d1c                EXTI7_IRQHandler
                0x08001d1c                EXTI1_IRQHandler
                0x08001d1c                AES_IRQHandler
                0x08001d1c                DAC1_IRQHandler
                0x08001d1c                USART2_IRQHandler
                0x08001d1c                LPDMA1_CH4_IRQHandler
                0x08001d1c                FLASH_IRQHandler
                0x08001d1c                I2C2_ERR_IRQHandler
                0x08001d1c                BusFault_Handler
                0x08001d1c                USART1_IRQHandler
                0x08001d1c                EXTI10_IRQHandler
                0x08001d1c                SPI3_IRQHandler
                0x08001d1c                LPDMA1_CH0_IRQHandler
                0x08001d1c                EXTI6_IRQHandler
                0x08001d1c                COMP1_IRQHandler
                0x08001d1c                LPTIM1_IRQHandler
                0x08001d1c                ICACHE_IRQHandler
                0x08001d1c                LPDMA1_CH7_IRQHandler
                0x08001d1c                HASH_IRQHandler
 .text.Default_IRQHandler_Hook
                0x08001d24        0x8 CMakeFiles/STM32C562_Project5.dir/user_modifiable/Device/STM32C562CET6/startup_stm32c562xx.c.obj
                0x08001d24                Default_IRQHandler_Hook
 .text.LL_RCC_GetAHBPrescaler
                0x08001d2c       0x1c CMakeFiles/STM32C562_Project5.dir/stm32c5xx_drivers/hal/stm32c5xx_hal.c.obj
 .text.LL_FLASH_EnablePrefetch
                0x08001d48       0x20 CMakeFiles/STM32C562_Project5.dir/stm32c5xx_drivers/hal/stm32c5xx_hal.c.obj
 .text.HAL_Init
                0x08001d68       0x44 CMakeFiles/STM32C562_Project5.dir/stm32c5xx_drivers/hal/stm32c5xx_hal.c.obj
                0x08001d68                HAL_Init
 .text.HAL_InitTick
                0x08001dac       0x68 CMakeFiles/STM32C562_Project5.dir/stm32c5xx_drivers/hal/stm32c5xx_hal.c.obj
                0x08001dac                HAL_InitTick
 .text.HAL_UpdateCoreClock
                0x08001e14       0x30 CMakeFiles/STM32C562_Project5.dir/stm32c5xx_drivers/hal/stm32c5xx_hal.c.obj
                0x08001e14                HAL_UpdateCoreClock
 .text.HAL_IncTick
                0x08001e44       0x28 CMakeFiles/STM32C562_Project5.dir/stm32c5xx_drivers/hal/stm32c5xx_hal.c.obj
                0x08001e44                HAL_IncTick
 .text.HAL_GetTick
                0x08001e6c       0x18 CMakeFiles/STM32C562_Project5.dir/stm32c5xx_drivers/hal/stm32c5xx_hal.c.obj
                0x08001e6c                HAL_GetTick
 .text.HAL_Delay
                0x08001e84       0x4c CMakeFiles/STM32C562_Project5.dir/stm32c5xx_drivers/hal/stm32c5xx_hal.c.obj
                0x08001e84                HAL_Delay
 .text.__NVIC_SetPriorityGrouping
                0x08001ed0       0x48 CMakeFiles/STM32C562_Project5.dir/stm32c5xx_drivers/hal/stm32c5xx_hal_cortex.c.obj
 .text.__NVIC_GetPriorityGrouping
                0x08001f18       0x1c CMakeFiles/STM32C562_Project5.dir/stm32c5xx_drivers/hal/stm32c5xx_hal_cortex.c.obj
 .text.__NVIC_EnableIRQ
                0x08001f34       0x3c CMakeFiles/STM32C562_Project5.dir/stm32c5xx_drivers/hal/stm32c5xx_hal_cortex.c.obj
 .text.__NVIC_SetPriority
                0x08001f70       0x54 CMakeFiles/STM32C562_Project5.dir/stm32c5xx_drivers/hal/stm32c5xx_hal_cortex.c.obj
 .text.NVIC_EncodePriority
                0x08001fc4       0x66 CMakeFiles/STM32C562_Project5.dir/stm32c5xx_drivers/hal/stm32c5xx_hal_cortex.c.obj
 *fill*         0x0800202a        0x2 
 .text.ARM_MPU_Enable
                0x0800202c       0x44 CMakeFiles/STM32C562_Project5.dir/stm32c5xx_drivers/hal/stm32c5xx_hal_cortex.c.obj
 .text.ARM_MPU_Disable
                0x08002070       0x40 CMakeFiles/STM32C562_Project5.dir/stm32c5xx_drivers/hal/stm32c5xx_hal_cortex.c.obj
 .text.ARM_MPU_SetMemAttrEx
                0x080020b0       0x6a CMakeFiles/STM32C562_Project5.dir/stm32c5xx_drivers/hal/stm32c5xx_hal_cortex.c.obj
 *fill*         0x0800211a        0x2 
 .text.ARM_MPU_SetMemAttr
                0x0800211c       0x28 CMakeFiles/STM32C562_Project5.dir/stm32c5xx_drivers/hal/stm32c5xx_hal_cortex.c.obj
 .text.ARM_MPU_SetRegionEx
                0x08002144       0x2c CMakeFiles/STM32C562_Project5.dir/stm32c5xx_drivers/hal/stm32c5xx_hal_cortex.c.obj
 .text.ARM_MPU_SetRegion
                0x08002170       0x24 CMakeFiles/STM32C562_Project5.dir/stm32c5xx_drivers/hal/stm32c5xx_hal_cortex.c.obj
 .text.SysTick_SetClkSource
                0x08002194       0x38 CMakeFiles/STM32C562_Project5.dir/stm32c5xx_drivers/hal/stm32c5xx_hal_cortex.c.obj
 .text.SysTick_GetClkSource
                0x080021cc       0x1c CMakeFiles/STM32C562_Project5.dir/stm32c5xx_drivers/hal/stm32c5xx_hal_cortex.c.obj
 .text.SysTick_EnableIT
                0x080021e8       0x20 CMakeFiles/STM32C562_Project5.dir/stm32c5xx_drivers/hal/stm32c5xx_hal_cortex.c.obj
 .text.SysTick_Enable
                0x08002208       0x20 CMakeFiles/STM32C562_Project5.dir/stm32c5xx_drivers/hal/stm32c5xx_hal_cortex.c.obj
 .text.SysTick_SetReload
                0x08002228       0x30 CMakeFiles/STM32C562_Project5.dir/stm32c5xx_drivers/hal/stm32c5xx_hal_cortex.c.obj
 .text.SysTick_SetCounter
                0x08002258       0x20 CMakeFiles/STM32C562_Project5.dir/stm32c5xx_drivers/hal/stm32c5xx_hal_cortex.c.obj
 .text.HAL_CORTEX_NVIC_SetPriorityGrouping
                0x08002278       0x1a CMakeFiles/STM32C562_Project5.dir/stm32c5xx_drivers/hal/stm32c5xx_hal_cortex.c.obj
                0x08002278                HAL_CORTEX_NVIC_SetPriorityGrouping
 .text.HAL_CORTEX_NVIC_SetPriority
                0x08002292       0x36 CMakeFiles/STM32C562_Project5.dir/stm32c5xx_drivers/hal/stm32c5xx_hal_cortex.c.obj
                0x08002292                HAL_CORTEX_NVIC_SetPriority
 .text.HAL_CORTEX_NVIC_EnableIRQ
                0x080022c8       0x1c CMakeFiles/STM32C562_Project5.dir/stm32c5xx_drivers/hal/stm32c5xx_hal_cortex.c.obj
                0x080022c8                HAL_CORTEX_NVIC_EnableIRQ
 .text.HAL_CORTEX_SYSTICK_SetFreq
                0x080022e4       0x5a CMakeFiles/STM32C562_Project5.dir/stm32c5xx_drivers/hal/stm32c5xx_hal_cortex.c.obj
                0x080022e4                HAL_CORTEX_SYSTICK_SetFreq
 .text.HAL_CORTEX_SYSTICK_SetClkSource
                0x0800233e       0x1a CMakeFiles/STM32C562_Project5.dir/stm32c5xx_drivers/hal/stm32c5xx_hal_cortex.c.obj
                0x0800233e                HAL_CORTEX_SYSTICK_SetClkSource
 .text.HAL_CORTEX_SYSTICK_IRQHandler
                0x08002358        0xc CMakeFiles/STM32C562_Project5.dir/stm32c5xx_drivers/hal/stm32c5xx_hal_cortex.c.obj
                0x08002358                HAL_CORTEX_SYSTICK_IRQHandler
 .text.HAL_CORTEX_SYSTICK_Callback
                0x08002364        0xe CMakeFiles/STM32C562_Project5.dir/stm32c5xx_drivers/hal/stm32c5xx_hal_cortex.c.obj
                0x08002364                HAL_CORTEX_SYSTICK_Callback
 .text.HAL_CORTEX_MPU_Enable
                0x08002372       0x26 CMakeFiles/STM32C562_Project5.dir/stm32c5xx_drivers/hal/stm32c5xx_hal_cortex.c.obj
                0x08002372                HAL_CORTEX_MPU_Enable
 .text.HAL_CORTEX_MPU_Disable
                0x08002398        0xc CMakeFiles/STM32C562_Project5.dir/stm32c5xx_drivers/hal/stm32c5xx_hal_cortex.c.obj
                0x08002398                HAL_CORTEX_MPU_Disable
 .text.HAL_CORTEX_MPU_SetCacheMemAttr
                0x080023a4       0x2a CMakeFiles/STM32C562_Project5.dir/stm32c5xx_drivers/hal/stm32c5xx_hal_cortex.c.obj
                0x080023a4                HAL_CORTEX_MPU_SetCacheMemAttr
 .text.HAL_CORTEX_MPU_SetConfigRegion
                0x080023ce       0x48 CMakeFiles/STM32C562_Project5.dir/stm32c5xx_drivers/hal/stm32c5xx_hal_cortex.c.obj
                0x080023ce                HAL_CORTEX_MPU_SetConfigRegion
 *fill*         0x08002416        0x2 
 .text.HAL_CORTEX_MPU_EnableRegion
                0x08002418       0x2c CMakeFiles/STM32C562_Project5.dir/stm32c5xx_drivers/hal/stm32c5xx_hal_cortex.c.obj
                0x08002418                HAL_CORTEX_MPU_EnableRegion
 .text.LL_FLASH_SetLatency
                0x08002444       0x26 CMakeFiles/STM32C562_Project5.dir/stm32c5xx_drivers/hal/stm32c5xx_hal_flash_itf.c.obj
 .text.LL_FLASH_SetProgrammingDelay
                0x0800246a       0x26 CMakeFiles/STM32C562_Project5.dir/stm32c5xx_drivers/hal/stm32c5xx_hal_flash_itf.c.obj
 .text.HAL_FLASH_ITF_SetLatency
                0x08002490       0x24 CMakeFiles/STM32C562_Project5.dir/stm32c5xx_drivers/hal/stm32c5xx_hal_flash_itf.c.obj
                0x08002490                HAL_FLASH_ITF_SetLatency
 .text.HAL_FLASH_ITF_SetProgrammingDelay
                0x080024b4       0x24 CMakeFiles/STM32C562_Project5.dir/stm32c5xx_drivers/hal/stm32c5xx_hal_flash_itf.c.obj
                0x080024b4                HAL_FLASH_ITF_SetProgrammingDelay
 .text.LL_GPIO_SetPinMode
                0x080024d8       0x9c CMakeFiles/STM32C562_Project5.dir/stm32c5xx_drivers/hal/stm32c5xx_hal_gpio.c.obj
 .text.LL_GPIO_SetPinOutputType
                0x08002574       0x56 CMakeFiles/STM32C562_Project5.dir/stm32c5xx_drivers/hal/stm32c5xx_hal_gpio.c.obj
 .text.LL_GPIO_SetPinSpeed
                0x080025ca       0xa0 CMakeFiles/STM32C562_Project5.dir/stm32c5xx_drivers/hal/stm32c5xx_hal_gpio.c.obj
 .text.LL_GPIO_SetPinPull
                0x0800266a       0xa0 CMakeFiles/STM32C562_Project5.dir/stm32c5xx_drivers/hal/stm32c5xx_hal_gpio.c.obj
 .text.LL_GPIO_SetAFPin_0_7
                0x0800270a       0xa0 CMakeFiles/STM32C562_Project5.dir/stm32c5xx_drivers/hal/stm32c5xx_hal_gpio.c.obj
 .text.LL_GPIO_SetAFPin_8_15
                0x080027aa       0xa4 CMakeFiles/STM32C562_Project5.dir/stm32c5xx_drivers/hal/stm32c5xx_hal_gpio.c.obj
 .text.LL_GPIO_WriteOutputPin
                0x0800284e       0x2a CMakeFiles/STM32C562_Project5.dir/stm32c5xx_drivers/hal/stm32c5xx_hal_gpio.c.obj
 .text.HAL_GPIO_Init
                0x08002878      0x128 CMakeFiles/STM32C562_Project5.dir/stm32c5xx_drivers/hal/stm32c5xx_hal_gpio.c.obj
                0x08002878                HAL_GPIO_Init
 .text.LL_ICACHE_Enable
                0x080029a0       0x20 CMakeFiles/STM32C562_Project5.dir/stm32c5xx_drivers/hal/stm32c5xx_hal_icache.c.obj
 .text.LL_ICACHE_EnableIT
                0x080029c0       0x22 CMakeFiles/STM32C562_Project5.dir/stm32c5xx_drivers/hal/stm32c5xx_hal_icache.c.obj
 .text.HAL_ICACHE_Init
                0x080029e2       0x28 CMakeFiles/STM32C562_Project5.dir/stm32c5xx_drivers/hal/stm32c5xx_hal_icache.c.obj
                0x080029e2                HAL_ICACHE_Init
 .text.HAL_ICACHE_Start
                0x08002a0a       0x32 CMakeFiles/STM32C562_Project5.dir/stm32c5xx_drivers/hal/stm32c5xx_hal_icache.c.obj
                0x08002a0a                HAL_ICACHE_Start
 .text.LL_RCC_LSI_IsReady
                0x08002a3c       0x28 CMakeFiles/STM32C562_Project5.dir/stm32c5xx_drivers/hal/stm32c5xx_hal_rcc.c.obj
 .text.LL_RCC_LSE_IsReady
                0x08002a64       0x28 CMakeFiles/STM32C562_Project5.dir/stm32c5xx_drivers/hal/stm32c5xx_hal_rcc.c.obj
 .text.LL_RCC_HSIK_IsReady
                0x08002a8c       0x24 CMakeFiles/STM32C562_Project5.dir/stm32c5xx_drivers/hal/stm32c5xx_hal_rcc.c.obj
 .text.LL_RCC_HSIK_GetDivider
                0x08002ab0       0x1c CMakeFiles/STM32C562_Project5.dir/stm32c5xx_drivers/hal/stm32c5xx_hal_rcc.c.obj
 .text.LL_RCC_PSIS_Enable
                0x08002acc       0x20 CMakeFiles/STM32C562_Project5.dir/stm32c5xx_drivers/hal/stm32c5xx_hal_rcc.c.obj
 .text.LL_RCC_PSIS_IsReady
                0x08002aec       0x28 CMakeFiles/STM32C562_Project5.dir/stm32c5xx_drivers/hal/stm32c5xx_hal_rcc.c.obj
 .text.LL_RCC_PSIDIV3_IsReady
                0x08002b14       0x28 CMakeFiles/STM32C562_Project5.dir/stm32c5xx_drivers/hal/stm32c5xx_hal_rcc.c.obj
 .text.LL_RCC_PSIK_IsReady
                0x08002b3c       0x28 CMakeFiles/STM32C562_Project5.dir/stm32c5xx_drivers/hal/stm32c5xx_hal_rcc.c.obj
 .text.LL_RCC_PSIK_GetDivider
                0x08002b64       0x1c CMakeFiles/STM32C562_Project5.dir/stm32c5xx_drivers/hal/stm32c5xx_hal_rcc.c.obj
 .text.LL_RCC_ConfigPSI
                0x08002b80       0x38 CMakeFiles/STM32C562_Project5.dir/stm32c5xx_drivers/hal/stm32c5xx_hal_rcc.c.obj
 .text.LL_RCC_GetConfigPSI
                0x08002bb8       0x40 CMakeFiles/STM32C562_Project5.dir/stm32c5xx_drivers/hal/stm32c5xx_hal_rcc.c.obj
 .text.LL_RCC_HSE_Enable
                0x08002bf8       0x20 CMakeFiles/STM32C562_Project5.dir/stm32c5xx_drivers/hal/stm32c5xx_hal_rcc.c.obj
 .text.LL_RCC_HSE_IsReady
                0x08002c18       0x28 CMakeFiles/STM32C562_Project5.dir/stm32c5xx_drivers/hal/stm32c5xx_hal_rcc.c.obj
 .text.LL_RCC_HSE_ConfigBypass
                0x08002c40       0x2c CMakeFiles/STM32C562_Project5.dir/stm32c5xx_drivers/hal/stm32c5xx_hal_rcc.c.obj
 .text.LL_RCC_SetSysClkSource
                0x08002c6c       0x28 CMakeFiles/STM32C562_Project5.dir/stm32c5xx_drivers/hal/stm32c5xx_hal_rcc.c.obj
 .text.LL_RCC_GetSysClkSource
                0x08002c94       0x1c CMakeFiles/STM32C562_Project5.dir/stm32c5xx_drivers/hal/stm32c5xx_hal_rcc.c.obj
 .text.LL_RCC_GetAHBPrescaler
                0x08002cb0       0x1c CMakeFiles/STM32C562_Project5.dir/stm32c5xx_drivers/hal/stm32c5xx_hal_rcc.c.obj
 .text.LL_RCC_GetSystickClockSource
                0x08002ccc       0x1c CMakeFiles/STM32C562_Project5.dir/stm32c5xx_drivers/hal/stm32c5xx_hal_rcc.c.obj
 .text.LL_RCC_GetAPB1Prescaler
                0x08002ce8       0x1c CMakeFiles/STM32C562_Project5.dir/stm32c5xx_drivers/hal/stm32c5xx_hal_rcc.c.obj
 .text.LL_RCC_GetAPB2Prescaler
                0x08002d04       0x1c CMakeFiles/STM32C562_Project5.dir/stm32c5xx_drivers/hal/stm32c5xx_hal_rcc.c.obj
 .text.LL_RCC_GetAPB3Prescaler
                0x08002d20       0x1c CMakeFiles/STM32C562_Project5.dir/stm32c5xx_drivers/hal/stm32c5xx_hal_rcc.c.obj
 .text.LL_RCC_ConfigBusClock
                0x08002d3c       0x2c CMakeFiles/STM32C562_Project5.dir/stm32c5xx_drivers/hal/stm32c5xx_hal_rcc.c.obj
 .text.LL_RCC_SetClockSource
                0x08002d68       0x54 CMakeFiles/STM32C562_Project5.dir/stm32c5xx_drivers/hal/stm32c5xx_hal_rcc.c.obj
 .text.LL_RCC_SetUSARTClockSource
                0x08002dbc       0x16 CMakeFiles/STM32C562_Project5.dir/stm32c5xx_drivers/hal/stm32c5xx_hal_rcc.c.obj
 *fill*         0x08002dd2        0x2 
 .text.LL_RCC_GetClockSource
                0x08002dd4       0x48 CMakeFiles/STM32C562_Project5.dir/stm32c5xx_drivers/hal/stm32c5xx_hal_rcc.c.obj
 .text.LL_RCC_GetUSARTClockSource
                0x08002e1c       0x18 CMakeFiles/STM32C562_Project5.dir/stm32c5xx_drivers/hal/stm32c5xx_hal_rcc.c.obj
 .text.LL_RCC_GetUARTClockSource
                0x08002e34       0x18 CMakeFiles/STM32C562_Project5.dir/stm32c5xx_drivers/hal/stm32c5xx_hal_rcc.c.obj
 .text.LL_RCC_GetLPUARTClockSource
                0x08002e4c       0x24 CMakeFiles/STM32C562_Project5.dir/stm32c5xx_drivers/hal/stm32c5xx_hal_rcc.c.obj
 .text.HAL_RCC_HSE_Enable
                0x08002e70       0x3c CMakeFiles/STM32C562_Project5.dir/stm32c5xx_drivers/hal/stm32c5xx_hal_rcc.c.obj
                0x08002e70                HAL_RCC_HSE_Enable
 .text.HAL_RCC_PSIS_Enable
                0x08002eac       0x1c CMakeFiles/STM32C562_Project5.dir/stm32c5xx_drivers/hal/stm32c5xx_hal_rcc.c.obj
                0x08002eac                HAL_RCC_PSIS_Enable
 .text.HAL_RCC_PSI_SetConfig
                0x08002ec8       0x50 CMakeFiles/STM32C562_Project5.dir/stm32c5xx_drivers/hal/stm32c5xx_hal_rcc.c.obj
                0x08002ec8                HAL_RCC_PSI_SetConfig
 .text.HAL_RCC_PSI_GetConfig
                0x08002f18       0x34 CMakeFiles/STM32C562_Project5.dir/stm32c5xx_drivers/hal/stm32c5xx_hal_rcc.c.obj
                0x08002f18                HAL_RCC_PSI_GetConfig
 .text.HAL_RCC_SetSYSCLKSource
                0x08002f4c       0x52 CMakeFiles/STM32C562_Project5.dir/stm32c5xx_drivers/hal/stm32c5xx_hal_rcc.c.obj
                0x08002f4c                HAL_RCC_SetSYSCLKSource
 .text.HAL_RCC_GetSYSCLKSource
                0x08002f9e       0x12 CMakeFiles/STM32C562_Project5.dir/stm32c5xx_drivers/hal/stm32c5xx_hal_rcc.c.obj
                0x08002f9e                HAL_RCC_GetSYSCLKSource
 .text.HAL_RCC_SetBusClockConfig
                0x08002fb0       0x38 CMakeFiles/STM32C562_Project5.dir/stm32c5xx_drivers/hal/stm32c5xx_hal_rcc.c.obj
                0x08002fb0                HAL_RCC_SetBusClockConfig
 .text.HAL_RCC_GetPSIClockFreq
                0x08002fe8       0x9c CMakeFiles/STM32C562_Project5.dir/stm32c5xx_drivers/hal/stm32c5xx_hal_rcc.c.obj
                0x08002fe8                HAL_RCC_GetPSIClockFreq
 .text.HAL_RCC_GetSYSCLKFreq
                0x08003084       0x4c CMakeFiles/STM32C562_Project5.dir/stm32c5xx_drivers/hal/stm32c5xx_hal_rcc.c.obj
                0x08003084                HAL_RCC_GetSYSCLKFreq
 .text.HAL_RCC_GetHCLKFreq
                0x080030d0       0x20 CMakeFiles/STM32C562_Project5.dir/stm32c5xx_drivers/hal/stm32c5xx_hal_rcc.c.obj
                0x080030d0                HAL_RCC_GetHCLKFreq
 .text.HAL_RCC_GetPCLK1Freq
                0x080030f0       0x24 CMakeFiles/STM32C562_Project5.dir/stm32c5xx_drivers/hal/stm32c5xx_hal_rcc.c.obj
                0x080030f0                HAL_RCC_GetPCLK1Freq
 .text.HAL_RCC_GetPCLK2Freq
                0x08003114       0x24 CMakeFiles/STM32C562_Project5.dir/stm32c5xx_drivers/hal/stm32c5xx_hal_rcc.c.obj
                0x08003114                HAL_RCC_GetPCLK2Freq
 .text.HAL_RCC_GetPCLK3Freq
                0x08003138       0x24 CMakeFiles/STM32C562_Project5.dir/stm32c5xx_drivers/hal/stm32c5xx_hal_rcc.c.obj
                0x08003138                HAL_RCC_GetPCLK3Freq
 .text.HAL_RCC_USART1_SetKernelClkSource
                0x0800315c       0x1e CMakeFiles/STM32C562_Project5.dir/stm32c5xx_drivers/hal/stm32c5xx_hal_rcc.c.obj
                0x0800315c                HAL_RCC_USART1_SetKernelClkSource
 *fill*         0x0800317a        0x2 
 .text.HAL_RCC_UART_GetKernelClkFreq
                0x0800317c       0xa0 CMakeFiles/STM32C562_Project5.dir/stm32c5xx_drivers/hal/stm32c5xx_hal_rcc.c.obj
                0x0800317c                HAL_RCC_UART_GetKernelClkFreq
 .text.HAL_RCC_USART1_GetKernelClkFreq
                0x0800321c       0xbc CMakeFiles/STM32C562_Project5.dir/stm32c5xx_drivers/hal/stm32c5xx_hal_rcc.c.obj
                0x0800321c                HAL_RCC_USART1_GetKernelClkFreq
 .text.HAL_RCC_USART2_GetKernelClkFreq
                0x080032d8       0xc4 CMakeFiles/STM32C562_Project5.dir/stm32c5xx_drivers/hal/stm32c5xx_hal_rcc.c.obj
                0x080032d8                HAL_RCC_USART2_GetKernelClkFreq
 .text.HAL_RCC_USART3_GetKernelClkFreq
                0x0800339c       0xc4 CMakeFiles/STM32C562_Project5.dir/stm32c5xx_drivers/hal/stm32c5xx_hal_rcc.c.obj
                0x0800339c                HAL_RCC_USART3_GetKernelClkFreq
 .text.HAL_RCC_UART4_GetKernelClkFreq
                0x08003460       0xc4 CMakeFiles/STM32C562_Project5.dir/stm32c5xx_drivers/hal/stm32c5xx_hal_rcc.c.obj
                0x08003460                HAL_RCC_UART4_GetKernelClkFreq
 .text.HAL_RCC_UART5_GetKernelClkFreq
                0x08003524       0xc4 CMakeFiles/STM32C562_Project5.dir/stm32c5xx_drivers/hal/stm32c5xx_hal_rcc.c.obj
                0x08003524                HAL_RCC_UART5_GetKernelClkFreq
 .text.HAL_RCC_LPUART1_GetKernelClkFreq
                0x080035e8       0xb0 CMakeFiles/STM32C562_Project5.dir/stm32c5xx_drivers/hal/stm32c5xx_hal_rcc.c.obj
                0x080035e8                HAL_RCC_LPUART1_GetKernelClkFreq
 .text.HAL_RCC_GetSysTickExternalClkFreq
                0x08003698       0x58 CMakeFiles/STM32C562_Project5.dir/stm32c5xx_drivers/hal/stm32c5xx_hal_rcc.c.obj
                0x08003698                HAL_RCC_GetSysTickExternalClkFreq
 .text.RCC_WaitForTimeout
                0x080036f0       0x54 CMakeFiles/STM32C562_Project5.dir/stm32c5xx_drivers/hal/stm32c5xx_hal_rcc.c.obj
 .text.RCC_GetDividerValue
                0x08003744      0x132 CMakeFiles/STM32C562_Project5.dir/stm32c5xx_drivers/hal/stm32c5xx_hal_rcc.c.obj
 .text.LL_TIM_EnableCounter
                0x08003876       0x20 CMakeFiles/STM32C562_Project5.dir/stm32c5xx_drivers/hal/stm32c5xx_hal_tim.c.obj
 .text.LL_TIM_EnableUpdateEvent
                0x08003896       0x20 CMakeFiles/STM32C562_Project5.dir/stm32c5xx_drivers/hal/stm32c5xx_hal_tim.c.obj
 .text.LL_TIM_SetUpdateSource
                0x080038b6       0x26 CMakeFiles/STM32C562_Project5.dir/stm32c5xx_drivers/hal/stm32c5xx_hal_tim.c.obj
 .text.LL_TIM_GetUpdateSource
                0x080038dc       0x1c CMakeFiles/STM32C562_Project5.dir/stm32c5xx_drivers/hal/stm32c5xx_hal_tim.c.obj
 .text.LL_TIM_SetCounterMode
                0x080038f8       0x26 CMakeFiles/STM32C562_Project5.dir/stm32c5xx_drivers/hal/stm32c5xx_hal_tim.c.obj
 .text.LL_TIM_SetClockDivision
                0x0800391e       0x26 CMakeFiles/STM32C562_Project5.dir/stm32c5xx_drivers/hal/stm32c5xx_hal_tim.c.obj
 .text.LL_TIM_SetClockDivision2
                0x08003944       0x26 CMakeFiles/STM32C562_Project5.dir/stm32c5xx_drivers/hal/stm32c5xx_hal_tim.c.obj
 .text.LL_TIM_SetCounter
                0x0800396a       0x1c CMakeFiles/STM32C562_Project5.dir/stm32c5xx_drivers/hal/stm32c5xx_hal_tim.c.obj
 .text.LL_TIM_SetPrescaler
                0x08003986       0x1c CMakeFiles/STM32C562_Project5.dir/stm32c5xx_drivers/hal/stm32c5xx_hal_tim.c.obj
 .text.LL_TIM_SetAutoReload
                0x080039a2       0x1c CMakeFiles/STM32C562_Project5.dir/stm32c5xx_drivers/hal/stm32c5xx_hal_tim.c.obj
 .text.LL_TIM_SetRepetitionCounter
                0x080039be       0x1c CMakeFiles/STM32C562_Project5.dir/stm32c5xx_drivers/hal/stm32c5xx_hal_tim.c.obj
 .text.LL_TIM_CC_EnableChannel
                0x080039da       0x22 CMakeFiles/STM32C562_Project5.dir/stm32c5xx_drivers/hal/stm32c5xx_hal_tim.c.obj
 .text.LL_TIM_OC_SetMode
                0x080039fc       0xd4 CMakeFiles/STM32C562_Project5.dir/stm32c5xx_drivers/hal/stm32c5xx_hal_tim.c.obj
 .text.LL_TIM_OC_SetPolarity
                0x08003ad0       0xbc CMakeFiles/STM32C562_Project5.dir/stm32c5xx_drivers/hal/stm32c5xx_hal_tim.c.obj
 .text.LL_TIM_OC_SetIdleState
                0x08003b8c       0xbc CMakeFiles/STM32C562_Project5.dir/stm32c5xx_drivers/hal/stm32c5xx_hal_tim.c.obj
 .text.LL_TIM_OC_SetOverrideState
                0x08003c48       0xae CMakeFiles/STM32C562_Project5.dir/stm32c5xx_drivers/hal/stm32c5xx_hal_tim.c.obj
 .text.LL_TIM_OC_SetBreakMode
                0x08003cf6       0xae CMakeFiles/STM32C562_Project5.dir/stm32c5xx_drivers/hal/stm32c5xx_hal_tim.c.obj
 .text.LL_TIM_OC_SetCompareValue
                0x08003da4       0x54 CMakeFiles/STM32C562_Project5.dir/stm32c5xx_drivers/hal/stm32c5xx_hal_tim.c.obj
 .text.LL_TIM_IC_SetSource
                0x08003df8       0x26 CMakeFiles/STM32C562_Project5.dir/stm32c5xx_drivers/hal/stm32c5xx_hal_tim.c.obj
 *fill*         0x08003e1e        0x2 
 .text.LL_TIM_IC_SetActiveInput
                0x08003e20       0xd0 CMakeFiles/STM32C562_Project5.dir/stm32c5xx_drivers/hal/stm32c5xx_hal_tim.c.obj
 .text.LL_TIM_IC_GetActiveInput
                0x08003ef0       0xc4 CMakeFiles/STM32C562_Project5.dir/stm32c5xx_drivers/hal/stm32c5xx_hal_tim.c.obj
 .text.LL_TIM_IC_SetPrescaler
                0x08003fb4       0xd0 CMakeFiles/STM32C562_Project5.dir/stm32c5xx_drivers/hal/stm32c5xx_hal_tim.c.obj
 .text.LL_TIM_IC_SetFilter
                0x08004084       0xd0 CMakeFiles/STM32C562_Project5.dir/stm32c5xx_drivers/hal/stm32c5xx_hal_tim.c.obj
 .text.LL_TIM_IC_SetPolarity
                0x08004154       0xbc CMakeFiles/STM32C562_Project5.dir/stm32c5xx_drivers/hal/stm32c5xx_hal_tim.c.obj
 .text.LL_TIM_IC_GetCapturedValue
                0x08004210       0xac CMakeFiles/STM32C562_Project5.dir/stm32c5xx_drivers/hal/stm32c5xx_hal_tim.c.obj
 .text.LL_TIM_SetClockSource
                0x080042bc       0x2a CMakeFiles/STM32C562_Project5.dir/stm32c5xx_drivers/hal/stm32c5xx_hal_tim.c.obj
 *fill*         0x080042e6        0x2 
 .text.LL_TIM_GetSlaveMode
                0x080042e8       0x20 CMakeFiles/STM32C562_Project5.dir/stm32c5xx_drivers/hal/stm32c5xx_hal_tim.c.obj
 .text.LL_TIM_SetTriggerInput
                0x08004308       0x2a CMakeFiles/STM32C562_Project5.dir/stm32c5xx_drivers/hal/stm32c5xx_hal_tim.c.obj
 .text.LL_TIM_EnableAllOutputs
                0x08004332       0x20 CMakeFiles/STM32C562_Project5.dir/stm32c5xx_drivers/hal/stm32c5xx_hal_tim.c.obj
 .text.LL_TIM_ClearFlag_UPDATE
                0x08004352       0x1c CMakeFiles/STM32C562_Project5.dir/stm32c5xx_drivers/hal/stm32c5xx_hal_tim.c.obj
 .text.LL_TIM_ClearFlag_CC1
                0x0800436e       0x1c CMakeFiles/STM32C562_Project5.dir/stm32c5xx_drivers/hal/stm32c5xx_hal_tim.c.obj
 .text.LL_TIM_ClearFlag_CC2
                0x0800438a       0x1c CMakeFiles/STM32C562_Project5.dir/stm32c5xx_drivers/hal/stm32c5xx_hal_tim.c.obj
 .text.LL_TIM_ClearFlag_CC3
                0x080043a6       0x1c CMakeFiles/STM32C562_Project5.dir/stm32c5xx_drivers/hal/stm32c5xx_hal_tim.c.obj
 .text.LL_TIM_ClearFlag_CC4
                0x080043c2       0x1c CMakeFiles/STM32C562_Project5.dir/stm32c5xx_drivers/hal/stm32c5xx_hal_tim.c.obj
 .text.LL_TIM_ClearFlag_COM
                0x080043de       0x1c CMakeFiles/STM32C562_Project5.dir/stm32c5xx_drivers/hal/stm32c5xx_hal_tim.c.obj
 .text.LL_TIM_ClearFlag_TRIG
                0x080043fa       0x1c CMakeFiles/STM32C562_Project5.dir/stm32c5xx_drivers/hal/stm32c5xx_hal_tim.c.obj
 .text.LL_TIM_ClearFlag_BRK
                0x08004416       0x1c CMakeFiles/STM32C562_Project5.dir/stm32c5xx_drivers/hal/stm32c5xx_hal_tim.c.obj
 .text.LL_TIM_ClearFlag_BRK2
                0x08004432       0x1c CMakeFiles/STM32C562_Project5.dir/stm32c5xx_drivers/hal/stm32c5xx_hal_tim.c.obj
 .text.LL_TIM_ClearFlag_SYSBRK
                0x0800444e       0x1c CMakeFiles/STM32C562_Project5.dir/stm32c5xx_drivers/hal/stm32c5xx_hal_tim.c.obj
 .text.LL_TIM_ClearFlag_BG
                0x0800446a       0x1c CMakeFiles/STM32C562_Project5.dir/stm32c5xx_drivers/hal/stm32c5xx_hal_tim.c.obj
 .text.LL_TIM_ClearFlag_B2G
                0x08004486       0x1c CMakeFiles/STM32C562_Project5.dir/stm32c5xx_drivers/hal/stm32c5xx_hal_tim.c.obj
 .text.LL_TIM_ClearFlag_TERR
                0x080044a2       0x1c CMakeFiles/STM32C562_Project5.dir/stm32c5xx_drivers/hal/stm32c5xx_hal_tim.c.obj
 .text.LL_TIM_ClearFlag_IERR
                0x080044be       0x1c CMakeFiles/STM32C562_Project5.dir/stm32c5xx_drivers/hal/stm32c5xx_hal_tim.c.obj
 .text.LL_TIM_ClearFlag_DIR
                0x080044da       0x1c CMakeFiles/STM32C562_Project5.dir/stm32c5xx_drivers/hal/stm32c5xx_hal_tim.c.obj
 .text.LL_TIM_ClearFlag_IDX
                0x080044f6       0x1c CMakeFiles/STM32C562_Project5.dir/stm32c5xx_drivers/hal/stm32c5xx_hal_tim.c.obj
 .text.LL_TIM_EnableIT
                0x08004512       0x22 CMakeFiles/STM32C562_Project5.dir/stm32c5xx_drivers/hal/stm32c5xx_hal_tim.c.obj
 .text.LL_TIM_GenerateEvent_UPDATE
                0x08004534       0x20 CMakeFiles/STM32C562_Project5.dir/stm32c5xx_drivers/hal/stm32c5xx_hal_tim.c.obj
 .text.TIM_SetClockSource
                0x08004554       0xb4 CMakeFiles/STM32C562_Project5.dir/stm32c5xx_drivers/hal/stm32c5xx_hal_tim.c.obj
 .text.TIM_SetRemap
                0x08004608       0x3e CMakeFiles/STM32C562_Project5.dir/stm32c5xx_drivers/hal/stm32c5xx_hal_tim.c.obj
 .text.HAL_TIM_Init
                0x08004646       0x48 CMakeFiles/STM32C562_Project5.dir/stm32c5xx_drivers/hal/stm32c5xx_hal_tim.c.obj
                0x08004646                HAL_TIM_Init
 *fill*         0x0800468e        0x2 
 .text.HAL_TIM_SetConfig
                0x08004690      0x124 CMakeFiles/STM32C562_Project5.dir/stm32c5xx_drivers/hal/stm32c5xx_hal_tim.c.obj
                0x08004690                HAL_TIM_SetConfig
 .text.HAL_TIM_SetPeriod
                0x080047b4       0x24 CMakeFiles/STM32C562_Project5.dir/stm32c5xx_drivers/hal/stm32c5xx_hal_tim.c.obj
                0x080047b4                HAL_TIM_SetPeriod
 .text.HAL_TIM_SetPrescaler
                0x080047d8       0x24 CMakeFiles/STM32C562_Project5.dir/stm32c5xx_drivers/hal/stm32c5xx_hal_tim.c.obj
                0x080047d8                HAL_TIM_SetPrescaler
 .text.HAL_TIM_SetDTSPrescaler
                0x080047fc       0x28 CMakeFiles/STM32C562_Project5.dir/stm32c5xx_drivers/hal/stm32c5xx_hal_tim.c.obj
                0x080047fc                HAL_TIM_SetDTSPrescaler
 .text.HAL_TIM_SetDTS2Prescaler
                0x08004824       0x24 CMakeFiles/STM32C562_Project5.dir/stm32c5xx_drivers/hal/stm32c5xx_hal_tim.c.obj
                0x08004824                HAL_TIM_SetDTS2Prescaler
 .text.HAL_TIM_SetCounter
                0x08004848       0x24 CMakeFiles/STM32C562_Project5.dir/stm32c5xx_drivers/hal/stm32c5xx_hal_tim.c.obj
                0x08004848                HAL_TIM_SetCounter
 .text.HAL_TIM_EnableUpdateGeneration
                0x0800486c       0x1e CMakeFiles/STM32C562_Project5.dir/stm32c5xx_drivers/hal/stm32c5xx_hal_tim.c.obj
                0x0800486c                HAL_TIM_EnableUpdateGeneration
 .text.HAL_TIM_SetUpdateSource
                0x0800488a       0x28 CMakeFiles/STM32C562_Project5.dir/stm32c5xx_drivers/hal/stm32c5xx_hal_tim.c.obj
                0x0800488a                HAL_TIM_SetUpdateSource
 *fill*         0x080048b2        0x2 
 .text.HAL_TIM_Start
                0x080048b4       0x84 CMakeFiles/STM32C562_Project5.dir/stm32c5xx_drivers/hal/stm32c5xx_hal_tim.c.obj
                0x080048b4                HAL_TIM_Start
 .text.HAL_TIM_OC_SetConfigCompareUnit
                0x08004938       0x48 CMakeFiles/STM32C562_Project5.dir/stm32c5xx_drivers/hal/stm32c5xx_hal_tim.c.obj
                0x08004938                HAL_TIM_OC_SetConfigCompareUnit
 .text.HAL_TIM_OC_SetCompareUnitPulse
                0x08004980       0x2c CMakeFiles/STM32C562_Project5.dir/stm32c5xx_drivers/hal/stm32c5xx_hal_tim.c.obj
                0x08004980                HAL_TIM_OC_SetCompareUnitPulse
 .text.HAL_TIM_OC_SetConfigChannel
                0x080049ac       0xd0 CMakeFiles/STM32C562_Project5.dir/stm32c5xx_drivers/hal/stm32c5xx_hal_tim.c.obj
                0x080049ac                HAL_TIM_OC_SetConfigChannel
 .text.HAL_TIM_OC_StartChannel
                0x08004a7c       0x84 CMakeFiles/STM32C562_Project5.dir/stm32c5xx_drivers/hal/stm32c5xx_hal_tim.c.obj
                0x08004a7c                HAL_TIM_OC_StartChannel
 .text.HAL_TIM_IC_SetConfigChannel
                0x08004b00       0x6c CMakeFiles/STM32C562_Project5.dir/stm32c5xx_drivers/hal/stm32c5xx_hal_tim.c.obj
                0x08004b00                HAL_TIM_IC_SetConfigChannel
 .text.HAL_TIM_IC_SetConfigCaptureUnit
                0x08004b6c       0x62 CMakeFiles/STM32C562_Project5.dir/stm32c5xx_drivers/hal/stm32c5xx_hal_tim.c.obj
                0x08004b6c                HAL_TIM_IC_SetConfigCaptureUnit
 *fill*         0x08004bce        0x2 
 .text.HAL_TIM_IC_ReadChannelCapturedValue
                0x08004bd0       0x30 CMakeFiles/STM32C562_Project5.dir/stm32c5xx_drivers/hal/stm32c5xx_hal_tim.c.obj
                0x08004bd0                HAL_TIM_IC_ReadChannelCapturedValue
 .text.HAL_TIM_IC_StartChannel_IT
                0x08004c00       0x50 CMakeFiles/STM32C562_Project5.dir/stm32c5xx_drivers/hal/stm32c5xx_hal_tim.c.obj
                0x08004c00                HAL_TIM_IC_StartChannel_IT
 .text.HAL_TIM_IRQHandler
                0x08004c50      0x22c CMakeFiles/STM32C562_Project5.dir/stm32c5xx_drivers/hal/stm32c5xx_hal_tim.c.obj
                0x08004c50                HAL_TIM_IRQHandler
 .text.HAL_TIM_UpdateCallback
                0x08004e7c       0x14 CMakeFiles/STM32C562_Project5.dir/stm32c5xx_drivers/hal/stm32c5xx_hal_tim.c.obj
                0x08004e7c                HAL_TIM_UpdateCallback
 .text.HAL_TIM_TriggerCallback
                0x08004e90       0x14 CMakeFiles/STM32C562_Project5.dir/stm32c5xx_drivers/hal/stm32c5xx_hal_tim.c.obj
                0x08004e90                HAL_TIM_TriggerCallback
 .text.HAL_TIM_CompareMatchCallback
                0x08004ea4       0x18 CMakeFiles/STM32C562_Project5.dir/stm32c5xx_drivers/hal/stm32c5xx_hal_tim.c.obj
                0x08004ea4                HAL_TIM_CompareMatchCallback
 .text.HAL_TIM_CommutationCallback
                0x08004ebc       0x14 CMakeFiles/STM32C562_Project5.dir/stm32c5xx_drivers/hal/stm32c5xx_hal_tim.c.obj
                0x08004ebc                HAL_TIM_CommutationCallback
 .text.HAL_TIM_BreakCallback
                0x08004ed0       0x14 CMakeFiles/STM32C562_Project5.dir/stm32c5xx_drivers/hal/stm32c5xx_hal_tim.c.obj
                0x08004ed0                HAL_TIM_BreakCallback
 .text.HAL_TIM_Break2Callback
                0x08004ee4       0x14 CMakeFiles/STM32C562_Project5.dir/stm32c5xx_drivers/hal/stm32c5xx_hal_tim.c.obj
                0x08004ee4                HAL_TIM_Break2Callback
 .text.HAL_TIM_SystemBreakCallback
                0x08004ef8       0x14 CMakeFiles/STM32C562_Project5.dir/stm32c5xx_drivers/hal/stm32c5xx_hal_tim.c.obj
                0x08004ef8                HAL_TIM_SystemBreakCallback
 .text.HAL_TIM_SoftwareBreakCallback
                0x08004f0c       0x18 CMakeFiles/STM32C562_Project5.dir/stm32c5xx_drivers/hal/stm32c5xx_hal_tim.c.obj
                0x08004f0c                HAL_TIM_SoftwareBreakCallback
 .text.HAL_TIM_EncoderIndexCallback
                0x08004f24       0x14 CMakeFiles/STM32C562_Project5.dir/stm32c5xx_drivers/hal/stm32c5xx_hal_tim.c.obj
                0x08004f24                HAL_TIM_EncoderIndexCallback
 .text.HAL_TIM_DirectionChangeCallback
                0x08004f38       0x14 CMakeFiles/STM32C562_Project5.dir/stm32c5xx_drivers/hal/stm32c5xx_hal_tim.c.obj
                0x08004f38                HAL_TIM_DirectionChangeCallback
 .text.HAL_TIM_IndexErrorCallback
                0x08004f4c       0x14 CMakeFiles/STM32C562_Project5.dir/stm32c5xx_drivers/hal/stm32c5xx_hal_tim.c.obj
                0x08004f4c                HAL_TIM_IndexErrorCallback
 .text.HAL_TIM_TransitionErrorCallback
                0x08004f60       0x14 CMakeFiles/STM32C562_Project5.dir/stm32c5xx_drivers/hal/stm32c5xx_hal_tim.c.obj
                0x08004f60                HAL_TIM_TransitionErrorCallback
 .text.LL_USART_Enable
                0x08004f74       0x20 CMakeFiles/STM32C562_Project5.dir/stm32c5xx_drivers/hal/stm32c5xx_hal_uart.c.obj
 .text.LL_USART_Disable
                0x08004f94       0x20 CMakeFiles/STM32C562_Project5.dir/stm32c5xx_drivers/hal/stm32c5xx_hal_uart.c.obj
 .text.LL_USART_IsEnabled
                0x08004fb4       0x26 CMakeFiles/STM32C562_Project5.dir/stm32c5xx_drivers/hal/stm32c5xx_hal_uart.c.obj
 *fill*         0x08004fda        0x2 
 .text.LL_USART_ConfigXfer
                0x08004fdc       0x3c CMakeFiles/STM32C562_Project5.dir/stm32c5xx_drivers/hal/stm32c5xx_hal_uart.c.obj
 .text.LL_USART_IsEnabledDirectionRx
                0x08005018       0x26 CMakeFiles/STM32C562_Project5.dir/stm32c5xx_drivers/hal/stm32c5xx_hal_uart.c.obj
 .text.LL_USART_IsEnabledDirectionTx
                0x0800503e       0x26 CMakeFiles/STM32C562_Project5.dir/stm32c5xx_drivers/hal/stm32c5xx_hal_uart.c.obj
 .text.LL_USART_SetTransferDirection
                0x08005064       0x48 CMakeFiles/STM32C562_Project5.dir/stm32c5xx_drivers/hal/stm32c5xx_hal_uart.c.obj
 .text.LL_USART_SetPrescaler
                0x080050ac       0x28 CMakeFiles/STM32C562_Project5.dir/stm32c5xx_drivers/hal/stm32c5xx_hal_uart.c.obj
 .text.LL_USART_SetHWFlowCtrl
                0x080050d4       0x26 CMakeFiles/STM32C562_Project5.dir/stm32c5xx_drivers/hal/stm32c5xx_hal_uart.c.obj
 .text.LL_USART_EnableOneBitSample
                0x080050fa       0x20 CMakeFiles/STM32C562_Project5.dir/stm32c5xx_drivers/hal/stm32c5xx_hal_uart.c.obj
 .text.LL_USART_DisableOneBitSample
                0x0800511a       0x20 CMakeFiles/STM32C562_Project5.dir/stm32c5xx_drivers/hal/stm32c5xx_hal_uart.c.obj
 *fill*         0x0800513a        0x2 
 .text.LL_USART_SetBaudRate
                0x0800513c       0x9c CMakeFiles/STM32C562_Project5.dir/stm32c5xx_drivers/hal/stm32c5xx_hal_uart.c.obj
 .text.LL_USART_IsEnabledHalfDuplex
                0x080051d8       0x26 CMakeFiles/STM32C562_Project5.dir/stm32c5xx_drivers/hal/stm32c5xx_hal_uart.c.obj
 .text.LL_USART_ConfigAsyncMode
                0x080051fe       0x2c CMakeFiles/STM32C562_Project5.dir/stm32c5xx_drivers/hal/stm32c5xx_hal_uart.c.obj
 .text.LL_USART_IsActiveFlag_RTO
                0x0800522a       0x28 CMakeFiles/STM32C562_Project5.dir/stm32c5xx_drivers/hal/stm32c5xx_hal_uart.c.obj
 .text.LL_USART_IsActiveFlag_TEACK
                0x08005252       0x28 CMakeFiles/STM32C562_Project5.dir/stm32c5xx_drivers/hal/stm32c5xx_hal_uart.c.obj
 .text.LL_USART_IsActiveFlag_REACK
                0x0800527a       0x28 CMakeFiles/STM32C562_Project5.dir/stm32c5xx_drivers/hal/stm32c5xx_hal_uart.c.obj
 .text.LL_USART_ClearFlag_RTO
                0x080052a2       0x1c CMakeFiles/STM32C562_Project5.dir/stm32c5xx_drivers/hal/stm32c5xx_hal_uart.c.obj
 .text.LL_USART_DisableIT_CR1
                0x080052be       0x46 CMakeFiles/STM32C562_Project5.dir/stm32c5xx_drivers/hal/stm32c5xx_hal_uart.c.obj
 .text.LL_USART_DisableIT_CR3
                0x08005304       0x4a CMakeFiles/STM32C562_Project5.dir/stm32c5xx_drivers/hal/stm32c5xx_hal_uart.c.obj
 .text.LL_USART_TransmitData8
                0x0800534e       0x1e CMakeFiles/STM32C562_Project5.dir/stm32c5xx_drivers/hal/stm32c5xx_hal_uart.c.obj
 .text.LL_USART_TransmitData9
                0x0800536c       0x22 CMakeFiles/STM32C562_Project5.dir/stm32c5xx_drivers/hal/stm32c5xx_hal_uart.c.obj
 *fill*         0x0800538e        0x2 
 .text.LL_LPUART_DIV
                0x08005390       0x8c CMakeFiles/STM32C562_Project5.dir/stm32c5xx_drivers/hal/stm32c5xx_hal_uart.c.obj
 .text.LL_LPUART_ConfigXfer
                0x0800541c       0x3c CMakeFiles/STM32C562_Project5.dir/stm32c5xx_drivers/hal/stm32c5xx_hal_uart.c.obj
 .text.LL_LPUART_SetBaudRate
                0x08005458       0x2c CMakeFiles/STM32C562_Project5.dir/stm32c5xx_drivers/hal/stm32c5xx_hal_uart.c.obj
 .text.HAL_UART_Init
                0x08005484       0x52 CMakeFiles/STM32C562_Project5.dir/stm32c5xx_drivers/hal/stm32c5xx_hal_uart.c.obj
                0x08005484                HAL_UART_Init
 *fill*         0x080054d6        0x2 
 .text.HAL_UART_SetConfig
                0x080054d8      0x12c CMakeFiles/STM32C562_Project5.dir/stm32c5xx_drivers/hal/stm32c5xx_hal_uart.c.obj
                0x080054d8                HAL_UART_SetConfig
 .text.HAL_UART_Transmit
                0x08005604      0x12c CMakeFiles/STM32C562_Project5.dir/stm32c5xx_drivers/hal/stm32c5xx_hal_uart.c.obj
                0x08005604                HAL_UART_Transmit
 .text.UART_CheckEnabledState
                0x08005730       0xb0 CMakeFiles/STM32C562_Project5.dir/stm32c5xx_drivers/hal/stm32c5xx_hal_uart.c.obj
 .text.UART_WaitOnFlagUntilTimeout
                0x080057e0       0xb6 CMakeFiles/STM32C562_Project5.dir/stm32c5xx_drivers/hal/stm32c5xx_hal_uart.c.obj
 .text._kill    0x08005896       0x20 CMakeFiles/STM32C562_Project5.dir/utilities/syscalls/syscalls.c.obj
                0x08005896                _kill
 .text._exit    0x080058b6       0x16 CMakeFiles/STM32C562_Project5.dir/utilities/syscalls/syscalls.c.obj
                0x080058b6                _exit
 .text._read    0x080058cc       0x3a CMakeFiles/STM32C562_Project5.dir/utilities/syscalls/syscalls.c.obj
                0x080058cc                _read
 .text._close   0x08005906       0x18 CMakeFiles/STM32C562_Project5.dir/utilities/syscalls/syscalls.c.obj
                0x08005906                _close
 .text._fstat   0x0800591e       0x20 CMakeFiles/STM32C562_Project5.dir/utilities/syscalls/syscalls.c.obj
                0x0800591e                _fstat
 .text._isatty  0x0800593e       0x16 CMakeFiles/STM32C562_Project5.dir/utilities/syscalls/syscalls.c.obj
                0x0800593e                _isatty
 .text._lseek   0x08005954       0x1a CMakeFiles/STM32C562_Project5.dir/utilities/syscalls/syscalls.c.obj
                0x08005954                _lseek
 *fill*         0x0800596e        0x2 
 .text._sbrk    0x08005970       0x6c CMakeFiles/STM32C562_Project5.dir/utilities/syscalls/sysmem.c.obj
                0x08005970                _sbrk
 .text.printf   0x080059dc       0x24 C:/ST/STM32CubeIDE_2.1.1/STM32CubeIDE/plugins/com.st.stm32cube.ide.mcu.externaltools.gnu-tools-for-stm32.14.3.rel1.win32_1.0.100.202602081740/tools/bin/../lib/gcc/arm-none-eabi/14.3.1/../../../../arm-none-eabi/lib/thumb/v8-m.main+fp/hard\libc_nano.a(libc_a-printf.o)
                0x080059dc                iprintf
                0x080059dc                printf
 .text._puts_r  0x08005a00       0xaa C:/ST/STM32CubeIDE_2.1.1/STM32CubeIDE/plugins/com.st.stm32cube.ide.mcu.externaltools.gnu-tools-for-stm32.14.3.rel1.win32_1.0.100.202602081740/tools/bin/../lib/gcc/arm-none-eabi/14.3.1/../../../../arm-none-eabi/lib/thumb/v8-m.main+fp/hard\libc_nano.a(libc_a-puts.o)
                0x08005a00                _puts_r
 *fill*         0x08005aaa        0x2 
 .text.puts     0x08005aac       0x10 C:/ST/STM32CubeIDE_2.1.1/STM32CubeIDE/plugins/com.st.stm32cube.ide.mcu.externaltools.gnu-tools-for-stm32.14.3.rel1.win32_1.0.100.202602081740/tools/bin/../lib/gcc/arm-none-eabi/14.3.1/../../../../arm-none-eabi/lib/thumb/v8-m.main+fp/hard\libc_nano.a(libc_a-puts.o)
                0x08005aac                puts
 .text.__swbuf_r
                0x08005abc       0x7c C:/ST/STM32CubeIDE_2.1.1/STM32CubeIDE/plugins/com.st.stm32cube.ide.mcu.externaltools.gnu-tools-for-stm32.14.3.rel1.win32_1.0.100.202602081740/tools/bin/../lib/gcc/arm-none-eabi/14.3.1/../../../../arm-none-eabi/lib/thumb/v8-m.main+fp/hard\libc_nano.a(libc_a-wbuf.o)
                0x08005abc                __swbuf_r
 .text.__swsetup_r
                0x08005b38       0xa8 C:/ST/STM32CubeIDE_2.1.1/STM32CubeIDE/plugins/com.st.stm32cube.ide.mcu.externaltools.gnu-tools-for-stm32.14.3.rel1.win32_1.0.100.202602081740/tools/bin/../lib/gcc/arm-none-eabi/14.3.1/../../../../arm-none-eabi/lib/thumb/v8-m.main+fp/hard\libc_nano.a(libc_a-wsetup.o)
                0x08005b38                __swsetup_r
 .text.__errno  0x08005be0        0xc C:/ST/STM32CubeIDE_2.1.1/STM32CubeIDE/plugins/com.st.stm32cube.ide.mcu.externaltools.gnu-tools-for-stm32.14.3.rel1.win32_1.0.100.202602081740/tools/bin/../lib/gcc/arm-none-eabi/14.3.1/../../../../arm-none-eabi/lib/thumb/v8-m.main+fp/hard\libc_nano.a(libc_a-errno.o)
                0x08005be0                __errno
 .text.__sfputc_r
                0x08005bec       0x2e C:/ST/STM32CubeIDE_2.1.1/STM32CubeIDE/plugins/com.st.stm32cube.ide.mcu.externaltools.gnu-tools-for-stm32.14.3.rel1.win32_1.0.100.202602081740/tools/bin/../lib/gcc/arm-none-eabi/14.3.1/../../../../arm-none-eabi/lib/thumb/v8-m.main+fp/hard\libc_nano.a(libc_a-nano-vfprintf.o)
 .text.__sfputs_r
                0x08005c1a       0x24 C:/ST/STM32CubeIDE_2.1.1/STM32CubeIDE/plugins/com.st.stm32cube.ide.mcu.externaltools.gnu-tools-for-stm32.14.3.rel1.win32_1.0.100.202602081740/tools/bin/../lib/gcc/arm-none-eabi/14.3.1/../../../../arm-none-eabi/lib/thumb/v8-m.main+fp/hard\libc_nano.a(libc_a-nano-vfprintf.o)
                0x08005c1a                __sfputs_r
 *fill*         0x08005c3e        0x2 
 .text._vfprintf_r
                0x08005c40      0x228 C:/ST/STM32CubeIDE_2.1.1/STM32CubeIDE/plugins/com.st.stm32cube.ide.mcu.externaltools.gnu-tools-for-stm32.14.3.rel1.win32_1.0.100.202602081740/tools/bin/../lib/gcc/arm-none-eabi/14.3.1/../../../../arm-none-eabi/lib/thumb/v8-m.main+fp/hard\libc_nano.a(libc_a-nano-vfprintf.o)
                0x08005c40                _vfprintf_r
                0x08005c40                _vfiprintf_r
 .text._printf_common
                0x08005e68       0xe4 C:/ST/STM32CubeIDE_2.1.1/STM32CubeIDE/plugins/com.st.stm32cube.ide.mcu.externaltools.gnu-tools-for-stm32.14.3.rel1.win32_1.0.100.202602081740/tools/bin/../lib/gcc/arm-none-eabi/14.3.1/../../../../arm-none-eabi/lib/thumb/v8-m.main+fp/hard\libc_nano.a(libc_a-nano-vfprintf_i.o)
                0x08005e68                _printf_common
 .text._printf_i
                0x08005f4c      0x24c C:/ST/STM32CubeIDE_2.1.1/STM32CubeIDE/plugins/com.st.stm32cube.ide.mcu.externaltools.gnu-tools-for-stm32.14.3.rel1.win32_1.0.100.202602081740/tools/bin/../lib/gcc/arm-none-eabi/14.3.1/../../../../arm-none-eabi/lib/thumb/v8-m.main+fp/hard\libc_nano.a(libc_a-nano-vfprintf_i.o)
                0x08005f4c                _printf_i
 .text.__swhatbuf_r
                0x08006198       0x48 C:/ST/STM32CubeIDE_2.1.1/STM32CubeIDE/plugins/com.st.stm32cube.ide.mcu.externaltools.gnu-tools-for-stm32.14.3.rel1.win32_1.0.100.202602081740/tools/bin/../lib/gcc/arm-none-eabi/14.3.1/../../../../arm-none-eabi/lib/thumb/v8-m.main+fp/hard\libc_nano.a(libc_a-makebuf.o)
                0x08006198                __swhatbuf_r
 .text.__smakebuf_r
                0x080061e0       0x72 C:/ST/STM32CubeIDE_2.1.1/STM32CubeIDE/plugins/com.st.stm32cube.ide.mcu.externaltools.gnu-tools-for-stm32.14.3.rel1.win32_1.0.100.202602081740/tools/bin/../lib/gcc/arm-none-eabi/14.3.1/../../../../arm-none-eabi/lib/thumb/v8-m.main+fp/hard\libc_nano.a(libc_a-makebuf.o)
                0x080061e0                __smakebuf_r
 *fill*         0x08006252        0x2 
 .text._fstat_r
                0x08006254       0x24 C:/ST/STM32CubeIDE_2.1.1/STM32CubeIDE/plugins/com.st.stm32cube.ide.mcu.externaltools.gnu-tools-for-stm32.14.3.rel1.win32_1.0.100.202602081740/tools/bin/../lib/gcc/arm-none-eabi/14.3.1/../../../../arm-none-eabi/lib/thumb/v8-m.main+fp/hard\libc_nano.a(libc_a-fstatr.o)
                0x08006254                _fstat_r
 .text._isatty_r
                0x08006278       0x20 C:/ST/STM32CubeIDE_2.1.1/STM32CubeIDE/plugins/com.st.stm32cube.ide.mcu.externaltools.gnu-tools-for-stm32.14.3.rel1.win32_1.0.100.202602081740/tools/bin/../lib/gcc/arm-none-eabi/14.3.1/../../../../arm-none-eabi/lib/thumb/v8-m.main+fp/hard\libc_nano.a(libc_a-isattyr.o)
                0x08006278                _isatty_r
 .text.memchr   0x08006298       0x1c C:/ST/STM32CubeIDE_2.1.1/STM32CubeIDE/plugins/com.st.stm32cube.ide.mcu.externaltools.gnu-tools-for-stm32.14.3.rel1.win32_1.0.100.202602081740/tools/bin/../lib/gcc/arm-none-eabi/14.3.1/../../../../arm-none-eabi/lib/thumb/v8-m.main+fp/hard\libc_nano.a(libc_a-memchr-stub.o)
                0x08006298                memchr
 *(.glue_7)
 .glue_7        0x080062b4        0x0 linker stubs
 *(.glue_7t)
 .glue_7t       0x080062b4        0x0 linker stubs
 *(.eh_frame)
 .eh_frame      0x080062b4        0x0 C:/ST/STM32CubeIDE_2.1.1/STM32CubeIDE/plugins/com.st.stm32cube.ide.mcu.externaltools.gnu-tools-for-stm32.14.3.rel1.win32_1.0.100.202602081740/tools/bin/../lib/gcc/arm-none-eabi/14.3.1/thumb/v8-m.main+fp/hard/crtbegin.o
 *(.init)
 .init          0x080062b4        0x4 C:/ST/STM32CubeIDE_2.1.1/STM32CubeIDE/plugins/com.st.stm32cube.ide.mcu.externaltools.gnu-tools-for-stm32.14.3.rel1.win32_1.0.100.202602081740/tools/bin/../lib/gcc/arm-none-eabi/14.3.1/thumb/v8-m.main+fp/hard/crti.o
                0x080062b4                _init
 .init          0x080062b8        0x8 C:/ST/STM32CubeIDE_2.1.1/STM32CubeIDE/plugins/com.st.stm32cube.ide.mcu.externaltools.gnu-tools-for-stm32.14.3.rel1.win32_1.0.100.202602081740/tools/bin/../lib/gcc/arm-none-eabi/14.3.1/thumb/v8-m.main+fp/hard/crtn.o
 *(.fini)
 .fini          0x080062c0        0x4 C:/ST/STM32CubeIDE_2.1.1/STM32CubeIDE/plugins/com.st.stm32cube.ide.mcu.externaltools.gnu-tools-for-stm32.14.3.rel1.win32_1.0.100.202602081740/tools/bin/../lib/gcc/arm-none-eabi/14.3.1/thumb/v8-m.main+fp/hard/crti.o
                0x080062c0                _fini
 .fini          0x080062c4        0x8 C:/ST/STM32CubeIDE_2.1.1/STM32CubeIDE/plugins/com.st.stm32cube.ide.mcu.externaltools.gnu-tools-for-stm32.14.3.rel1.win32_1.0.100.202602081740/tools/bin/../lib/gcc/arm-none-eabi/14.3.1/thumb/v8-m.main+fp/hard/crtn.o
                0x080062d0                        . = ALIGN (0x8)
 *fill*         0x080062cc        0x4 
                0x080062d0                        _etext = .

.vfp11_veneer   0x080062d0        0x0
 .vfp11_veneer  0x080062d0        0x0 linker stubs

.v4_bx          0x080062d0        0x0
 .v4_bx         0x080062d0        0x0 linker stubs

.iplt           0x080062d0        0x0
 .iplt          0x080062d0        0x0 C:/ST/STM32CubeIDE_2.1.1/STM32CubeIDE/plugins/com.st.stm32cube.ide.mcu.externaltools.gnu-tools-for-stm32.14.3.rel1.win32_1.0.100.202602081740/tools/bin/../lib/gcc/arm-none-eabi/14.3.1/thumb/v8-m.main+fp/hard/crtbegin.o

.rodata         0x080062d0      0x238
                0x080062d0                        . = ALIGN (0x8)
 *(.rodata)
 .rodata        0x080062d0      0x11c CMakeFiles/STM32C562_Project5.dir/main.c.obj
 *(.rodata*)
 .rodata.AHBPrescTable
                0x080063ec       0x10 CMakeFiles/STM32C562_Project5.dir/user_modifiable/Device/STM32C562CET6/system_stm32c5xx.c.obj
                0x080063ec                AHBPrescTable
 .rodata.APBPrescTable
                0x080063fc        0x8 CMakeFiles/STM32C562_Project5.dir/user_modifiable/Device/STM32C562CET6/system_stm32c5xx.c.obj
                0x080063fc                APBPrescTable
 .rodata.LL_TIM_OFFSET_TAB_CCMRx
                0x08006404        0xb CMakeFiles/STM32C562_Project5.dir/stm32c5xx_drivers/hal/stm32c5xx_hal_tim.c.obj
 *fill*         0x0800640f        0x1 
 .rodata.LL_TIM_OFFSET_TAB_CCRx
                0x08006410        0x7 CMakeFiles/STM32C562_Project5.dir/stm32c5xx_drivers/hal/stm32c5xx_hal_tim.c.obj
 *fill*         0x08006417        0x1 
 .rodata.LL_TIM_SHIFT_TAB_OCxx
                0x08006418        0xb CMakeFiles/STM32C562_Project5.dir/stm32c5xx_drivers/hal/stm32c5xx_hal_tim.c.obj
 *fill*         0x08006423        0x1 
 .rodata.LL_TIM_SHIFT_TAB_ICxx
                0x08006424        0xb CMakeFiles/STM32C562_Project5.dir/stm32c5xx_drivers/hal/stm32c5xx_hal_tim.c.obj
 *fill*         0x0800642f        0x1 
 .rodata.LL_TIM_SHIFT_TAB_CCxP
                0x08006430        0xb CMakeFiles/STM32C562_Project5.dir/stm32c5xx_drivers/hal/stm32c5xx_hal_tim.c.obj
 *fill*         0x0800643b        0x1 
 .rodata.LL_TIM_SHIFT_TAB_OISx
                0x0800643c        0xb CMakeFiles/STM32C562_Project5.dir/stm32c5xx_drivers/hal/stm32c5xx_hal_tim.c.obj
 *fill*         0x08006447        0x1 
 .rodata.ll_tim_channels
                0x08006448       0x2c CMakeFiles/STM32C562_Project5.dir/stm32c5xx_drivers/hal/stm32c5xx_hal_tim.c.obj
 .rodata.USART_PRESCALER_TAB
                0x08006474       0x40 CMakeFiles/STM32C562_Project5.dir/stm32c5xx_drivers/hal/stm32c5xx_hal_uart.c.obj
 .rodata.LL_LPUART_PRESCALER_TAB
                0x080064b4       0x20 CMakeFiles/STM32C562_Project5.dir/stm32c5xx_drivers/hal/stm32c5xx_hal_uart.c.obj
 .rodata._vfprintf_r.str1.1
                0x080064d4       0x33 C:/ST/STM32CubeIDE_2.1.1/STM32CubeIDE/plugins/com.st.stm32cube.ide.mcu.externaltools.gnu-tools-for-stm32.14.3.rel1.win32_1.0.100.202602081740/tools/bin/../lib/gcc/arm-none-eabi/14.3.1/../../../../arm-none-eabi/lib/thumb/v8-m.main+fp/hard\libc_nano.a(libc_a-nano-vfprintf.o)
                                 0x11 (size before relaxing)
 .rodata._printf_i.str1.1
                0x08006507       0x22 C:/ST/STM32CubeIDE_2.1.1/STM32CubeIDE/plugins/com.st.stm32cube.ide.mcu.externaltools.gnu-tools-for-stm32.14.3.rel1.win32_1.0.100.202602081740/tools/bin/../lib/gcc/arm-none-eabi/14.3.1/../../../../arm-none-eabi/lib/thumb/v8-m.main+fp/hard\libc_nano.a(libc_a-nano-vfprintf_i.o)
                0x08006530                        . = ALIGN (0x8)
 *fill*         0x08006507        0x1 

.ARM.extab      0x08006508        0x0
                0x08006508                        . = ALIGN (0x8)
 *(.ARM.extab* .gnu.linkonce.armextab.*)
                0x08006508                        . = ALIGN (0x8)

.ARM            0x08006508        0x8
                0x08006508                        . = ALIGN (0x8)
                0x08006508                        __exidx_start = .
 *(.ARM.exidx*)
 .ARM.exidx     0x08006508        0x8 C:/ST/STM32CubeIDE_2.1.1/STM32CubeIDE/plugins/com.st.stm32cube.ide.mcu.externaltools.gnu-tools-for-stm32.14.3.rel1.win32_1.0.100.202602081740/tools/bin/../lib/gcc/arm-none-eabi/14.3.1/../../../../arm-none-eabi/lib/thumb/v8-m.main+fp/hard/crt0.o
                                 0x10 (size before relaxing)
 .ARM.exidx     0x08006510        0x0 C:/ST/STM32CubeIDE_2.1.1/STM32CubeIDE/plugins/com.st.stm32cube.ide.mcu.externaltools.gnu-tools-for-stm32.14.3.rel1.win32_1.0.100.202602081740/tools/bin/../lib/gcc/arm-none-eabi/14.3.1/thumb/v8-m.main+fp/hard\libgcc.a(_udivmoddi4.o)
                                  0x8 (size before relaxing)
                0x08006510                        __exidx_end = .
                0x08006510                        . = ALIGN (0x8)

.preinit_array  0x08006510        0x0
                0x08006510                        . = ALIGN (0x8)
                0x08006510                        PROVIDE (__preinit_array_start = .)
 *(.preinit_array*)
                0x08006510                        PROVIDE (__preinit_array_end = .)
                0x08006510                        . = ALIGN (0x8)

.init_array     0x08006510        0x8
                0x08006510                        . = ALIGN (0x8)
                0x08006510                        PROVIDE (__init_array_start = .)
 *(SORT_BY_NAME(.init_array.*))
 *(.init_array*)
 .init_array    0x08006510        0x4 C:/ST/STM32CubeIDE_2.1.1/STM32CubeIDE/plugins/com.st.stm32cube.ide.mcu.externaltools.gnu-tools-for-stm32.14.3.rel1.win32_1.0.100.202602081740/tools/bin/../lib/gcc/arm-none-eabi/14.3.1/thumb/v8-m.main+fp/hard/crtbegin.o
                0x08006514                        PROVIDE (__init_array_end = .)
                0x08006518                        . = ALIGN (0x8)
 *fill*         0x08006514        0x4 

.fini_array     0x08006518        0x8
                0x08006518                        . = ALIGN (0x8)
                [!provide]                        PROVIDE (__fini_array_start = .)
 *(SORT_BY_NAME(.fini_array.*))
 *(.fini_array*)
 .fini_array    0x08006518        0x4 C:/ST/STM32CubeIDE_2.1.1/STM32CubeIDE/plugins/com.st.stm32cube.ide.mcu.externaltools.gnu-tools-for-stm32.14.3.rel1.win32_1.0.100.202602081740/tools/bin/../lib/gcc/arm-none-eabi/14.3.1/thumb/v8-m.main+fp/hard/crtbegin.o
                [!provide]                        PROVIDE (__fini_array_end = .)
                0x08006520                        . = ALIGN (0x8)
 *fill*         0x0800651c        0x4 

.copy.table     0x08006520        0xc
                0x08006520                        . = ALIGN (0x8)
                0x08006520                        __copy_table_start__ = .
                0x08006520        0x4 LONG 0x8006538 LOADADDR (.data)
                0x08006524        0x4 LONG 0x20000000 ADDR (.data)
                0x08006528        0x4 LONG 0x1a (SIZEOF (.data) / 0x4)
                0x0800652c                        __copy_table_end__ = .

.zero.table     0x0800652c        0xc
                0x08006530                        . = ALIGN (0x8)
 *fill*         0x0800652c        0x4 
                0x08006530                        __zero_table_start__ = .
                0x08006530        0x4 LONG 0x20000068 ADDR (.bss)
                0x08006534        0x4 LONG 0x92 (SIZEOF (.bss) / 0x4)
                0x08006538                        __zero_table_end__ = .

.rel.dyn        0x08006538        0x0
 .rel.iplt      0x08006538        0x0 C:/ST/STM32CubeIDE_2.1.1/STM32CubeIDE/plugins/com.st.stm32cube.ide.mcu.externaltools.gnu-tools-for-stm32.14.3.rel1.win32_1.0.100.202602081740/tools/bin/../lib/gcc/arm-none-eabi/14.3.1/thumb/v8-m.main+fp/hard/crtbegin.o

.data           0x20000000       0x68 load address 0x08006538
                0x20000000                        . = ALIGN (0x8)
                0x08006538                        _sidata = LOADADDR (.data)
                0x20000000                        __data_start__ = .
                0x20000000                        _sdata = .
 *(.data)
 *(.data*)
 .data.__sglue  0x20000000        0xc C:/ST/STM32CubeIDE_2.1.1/STM32CubeIDE/plugins/com.st.stm32cube.ide.mcu.externaltools.gnu-tools-for-stm32.14.3.rel1.win32_1.0.100.202602081740/tools/bin/../lib/gcc/arm-none-eabi/14.3.1/../../../../arm-none-eabi/lib/thumb/v8-m.main+fp/hard\libc_nano.a(libc_a-findfp.o)
                0x20000000                __sglue
 .data._impure_ptr
                0x2000000c        0x4 C:/ST/STM32CubeIDE_2.1.1/STM32CubeIDE/plugins/com.st.stm32cube.ide.mcu.externaltools.gnu-tools-for-stm32.14.3.rel1.win32_1.0.100.202602081740/tools/bin/../lib/gcc/arm-none-eabi/14.3.1/../../../../arm-none-eabi/lib/thumb/v8-m.main+fp/hard\libc_nano.a(libc_a-impure.o)
                0x2000000c                _impure_ptr
 .data._impure_data
                0x20000010       0x4c C:/ST/STM32CubeIDE_2.1.1/STM32CubeIDE/plugins/com.st.stm32cube.ide.mcu.externaltools.gnu-tools-for-stm32.14.3.rel1.win32_1.0.100.202602081740/tools/bin/../lib/gcc/arm-none-eabi/14.3.1/../../../../arm-none-eabi/lib/thumb/v8-m.main+fp/hard\libc_nano.a(libc_a-impure.o)
                0x20000010                _impure_data
 .data.SystemCoreClock
                0x2000005c        0x4 CMakeFiles/STM32C562_Project5.dir/user_modifiable/Device/STM32C562CET6/system_stm32c5xx.c.obj
                0x2000005c                SystemCoreClock
 .data.uwTickPrio
                0x20000060        0x4 CMakeFiles/STM32C562_Project5.dir/stm32c5xx_drivers/hal/stm32c5xx_hal.c.obj
                0x20000060                uwTickPrio
 .data.uwTickFreq
                0x20000064        0x1 CMakeFiles/STM32C562_Project5.dir/stm32c5xx_drivers/hal/stm32c5xx_hal.c.obj
                0x20000064                uwTickFreq
                0x20000068                        . = ALIGN (0x8)
 *fill*         0x20000065        0x3 
                0x20000068                        _edata = .

.igot.plt       0x20000068        0x0 load address 0x080065a0
 .igot.plt      0x20000068        0x0 C:/ST/STM32CubeIDE_2.1.1/STM32CubeIDE/plugins/com.st.stm32cube.ide.mcu.externaltools.gnu-tools-for-stm32.14.3.rel1.win32_1.0.100.202602081740/tools/bin/../lib/gcc/arm-none-eabi/14.3.1/thumb/v8-m.main+fp/hard/crtbegin.o

.bss            0x20000068      0x248 load address 0x080065a0
                0x20000068                        . = ALIGN (0x8)
                0x20000068                        _sbss = .
                0x20000068                        __bss_start__ = _sbss
 *(.bss)
 .bss           0x20000068       0x1c C:/ST/STM32CubeIDE_2.1.1/STM32CubeIDE/plugins/com.st.stm32cube.ide.mcu.externaltools.gnu-tools-for-stm32.14.3.rel1.win32_1.0.100.202602081740/tools/bin/../lib/gcc/arm-none-eabi/14.3.1/thumb/v8-m.main+fp/hard/crtbegin.o
 *(.bss*)
 .bss.__sf      0x20000084      0x138 C:/ST/STM32CubeIDE_2.1.1/STM32CubeIDE/plugins/com.st.stm32cube.ide.mcu.externaltools.gnu-tools-for-stm32.14.3.rel1.win32_1.0.100.202602081740/tools/bin/../lib/gcc/arm-none-eabi/14.3.1/../../../../arm-none-eabi/lib/thumb/v8-m.main+fp/hard\libc_nano.a(libc_a-findfp.o)
                0x20000084                __sf
 .bss.__stdio_exit_handler
                0x200001bc        0x4 C:/ST/STM32CubeIDE_2.1.1/STM32CubeIDE/plugins/com.st.stm32cube.ide.mcu.externaltools.gnu-tools-for-stm32.14.3.rel1.win32_1.0.100.202602081740/tools/bin/../lib/gcc/arm-none-eabi/14.3.1/../../../../arm-none-eabi/lib/thumb/v8-m.main+fp/hard\libc_nano.a(libc_a-findfp.o)
                0x200001bc                __stdio_exit_handler
 .bss.errno     0x200001c0        0x4 C:/ST/STM32CubeIDE_2.1.1/STM32CubeIDE/plugins/com.st.stm32cube.ide.mcu.externaltools.gnu-tools-for-stm32.14.3.rel1.win32_1.0.100.202602081740/tools/bin/../lib/gcc/arm-none-eabi/14.3.1/../../../../arm-none-eabi/lib/thumb/v8-m.main+fp/hard\libc_nano.a(libc_a-reent.o)
                0x200001c0                errno
 .bss.__lock___malloc_recursive_mutex
                0x200001c4        0x1 C:/ST/STM32CubeIDE_2.1.1/STM32CubeIDE/plugins/com.st.stm32cube.ide.mcu.externaltools.gnu-tools-for-stm32.14.3.rel1.win32_1.0.100.202602081740/tools/bin/../lib/gcc/arm-none-eabi/14.3.1/../../../../arm-none-eabi/lib/thumb/v8-m.main+fp/hard\libc_nano.a(libc_a-lock.o)
                0x200001c4                __lock___malloc_recursive_mutex
 .bss.__lock___sfp_recursive_mutex
                0x200001c5        0x1 C:/ST/STM32CubeIDE_2.1.1/STM32CubeIDE/plugins/com.st.stm32cube.ide.mcu.externaltools.gnu-tools-for-stm32.14.3.rel1.win32_1.0.100.202602081740/tools/bin/../lib/gcc/arm-none-eabi/14.3.1/../../../../arm-none-eabi/lib/thumb/v8-m.main+fp/hard\libc_nano.a(libc_a-lock.o)
                0x200001c5                __lock___sfp_recursive_mutex
 *fill*         0x200001c6        0x2 
 .bss.__malloc_sbrk_start
                0x200001c8        0x4 C:/ST/STM32CubeIDE_2.1.1/STM32CubeIDE/plugins/com.st.stm32cube.ide.mcu.externaltools.gnu-tools-for-stm32.14.3.rel1.win32_1.0.100.202602081740/tools/bin/../lib/gcc/arm-none-eabi/14.3.1/../../../../arm-none-eabi/lib/thumb/v8-m.main+fp/hard\libc_nano.a(libc_a-mallocr.o)
                0x200001c8                __malloc_sbrk_start
 .bss.__malloc_free_list
                0x200001cc        0x4 C:/ST/STM32CubeIDE_2.1.1/STM32CubeIDE/plugins/com.st.stm32cube.ide.mcu.externaltools.gnu-tools-for-stm32.14.3.rel1.win32_1.0.100.202602081740/tools/bin/../lib/gcc/arm-none-eabi/14.3.1/../../../../arm-none-eabi/lib/thumb/v8-m.main+fp/hard\libc_nano.a(libc_a-mallocr.o)
                0x200001cc                __malloc_free_list
 .bss.tim15_rise_last
                0x200001d0        0x4 CMakeFiles/STM32C562_Project5.dir/main.c.obj
 .bss.tim15_rise_now
                0x200001d4        0x4 CMakeFiles/STM32C562_Project5.dir/main.c.obj
 .bss.tim15_fall_now
                0x200001d8        0x4 CMakeFiles/STM32C562_Project5.dir/main.c.obj
 .bss.tim15_period_count
                0x200001dc        0x4 CMakeFiles/STM32C562_Project5.dir/main.c.obj
 .bss.tim15_high_count
                0x200001e0        0x4 CMakeFiles/STM32C562_Project5.dir/main.c.obj
 .bss.tim15_print_freq
                0x200001e4        0x4 CMakeFiles/STM32C562_Project5.dir/main.c.obj
 .bss.tim15_print_duty_x10
                0x200001e8        0x4 CMakeFiles/STM32C562_Project5.dir/main.c.obj
 .bss.tim15_print_period
                0x200001ec        0x4 CMakeFiles/STM32C562_Project5.dir/main.c.obj
 .bss.tim15_print_high
                0x200001f0        0x4 CMakeFiles/STM32C562_Project5.dir/main.c.obj
 .bss.tim15_print_flag
                0x200001f4        0x1 CMakeFiles/STM32C562_Project5.dir/main.c.obj
 .bss.tim15_rise_valid
                0x200001f5        0x1 CMakeFiles/STM32C562_Project5.dir/main.c.obj
 .bss.tim15_fall_valid
                0x200001f6        0x1 CMakeFiles/STM32C562_Project5.dir/main.c.obj
 *fill*         0x200001f7        0x1 
 .bss.tim15_measure_count
                0x200001f8        0x4 CMakeFiles/STM32C562_Project5.dir/main.c.obj
 .bss.hICACHE   0x200001fc        0x8 CMakeFiles/STM32C562_Project5.dir/generated/hal/mx_icache.c.obj